Archive member included to satisfy reference by file (symbol)

c:/program files (x86)/atmel/studio/7.0/toolchain/arm/arm-gnu-toolchain/bin/../lib/gcc/arm-none-eabi/6.3.1/thumb/v6-m\libgcc.a(_udivsi3.o)
                              src/ASF/common2/services/delay/sam0/systick_counter.o (__aeabi_uidiv)
c:/program files (x86)/atmel/studio/7.0/toolchain/arm/arm-gnu-toolchain/bin/../lib/gcc/arm-none-eabi/6.3.1/thumb/v6-m\libgcc.a(_dvmd_tls.o)
                              c:/program files (x86)/atmel/studio/7.0/toolchain/arm/arm-gnu-toolchain/bin/../lib/gcc/arm-none-eabi/6.3.1/thumb/v6-m\libgcc.a(_udivsi3.o) (__aeabi_idiv0)
c:/program files (x86)/atmel/studio/7.0/toolchain/arm/arm-gnu-toolchain/bin/../lib/gcc/arm-none-eabi/6.3.1/thumb/v6-m\libgcc.a(_muldi3.o)
                              src/ASF/sam0/drivers/sercom/sercom.o (__aeabi_lmul)
c:/program files (x86)/atmel/studio/7.0/toolchain/arm/arm-gnu-toolchain/bin/../lib/gcc/arm-none-eabi/6.3.1/../../../../arm-none-eabi/lib/thumb/v6-m\libc_nano.a(lib_a-exit.o)
                              c:/program files (x86)/atmel/studio/7.0/toolchain/arm/arm-gnu-toolchain/bin/../lib/gcc/arm-none-eabi/6.3.1/../../../../arm-none-eabi/lib/thumb/v6-m/crt0.o (exit)
c:/program files (x86)/atmel/studio/7.0/toolchain/arm/arm-gnu-toolchain/bin/../lib/gcc/arm-none-eabi/6.3.1/../../../../arm-none-eabi/lib/thumb/v6-m\libc_nano.a(lib_a-impure.o)
                              c:/program files (x86)/atmel/studio/7.0/toolchain/arm/arm-gnu-toolchain/bin/../lib/gcc/arm-none-eabi/6.3.1/../../../../arm-none-eabi/lib/thumb/v6-m\libc_nano.a(lib_a-exit.o) (_global_impure_ptr)
c:/program files (x86)/atmel/studio/7.0/toolchain/arm/arm-gnu-toolchain/bin/../lib/gcc/arm-none-eabi/6.3.1/../../../../arm-none-eabi/lib/thumb/v6-m\libc_nano.a(lib_a-init.o)
                              c:/program files (x86)/atmel/studio/7.0/toolchain/arm/arm-gnu-toolchain/bin/../lib/gcc/arm-none-eabi/6.3.1/../../../../arm-none-eabi/lib/thumb/v6-m/crt0.o (__libc_init_array)
c:/program files (x86)/atmel/studio/7.0/toolchain/arm/arm-gnu-toolchain/bin/../lib/gcc/arm-none-eabi/6.3.1/../../../../arm-none-eabi/lib/thumb/v6-m\libc_nano.a(lib_a-memset.o)
                              c:/program files (x86)/atmel/studio/7.0/toolchain/arm/arm-gnu-toolchain/bin/../lib/gcc/arm-none-eabi/6.3.1/../../../../arm-none-eabi/lib/thumb/v6-m/crt0.o (memset)

Allocating common symbols
Common symbol       size              file

ch_buffer           0x1               src/SERCOM_USART.o
usart_instance      0x24              src/SERCOM_USART.o
wdt_early_warning_callback
                    0x4               src/ASF/sam0/drivers/wdt/wdt_callback.o
tx_rx_buffer        0x258             src/SERCOM_USART.o
_tc_instances       0x20              src/ASF/sam0/drivers/tc/tc_interrupt.o
_sercom_instances   0x18              src/ASF/sam0/drivers/sercom/sercom_interrupt.o
USART_data_available
                    0x1               src/SERCOM_USART.o
rx_index            0x2               src/SERCOM_USART.o
timer_count         0x4               src/main.o

Discarded input sections

 .text          0x00000000        0x0 c:/program files (x86)/atmel/studio/7.0/toolchain/arm/arm-gnu-toolchain/bin/../lib/gcc/arm-none-eabi/6.3.1/thumb/v6-m/crti.o
 .data          0x00000000        0x0 c:/program files (x86)/atmel/studio/7.0/toolchain/arm/arm-gnu-toolchain/bin/../lib/gcc/arm-none-eabi/6.3.1/thumb/v6-m/crti.o
 .bss           0x00000000        0x0 c:/program files (x86)/atmel/studio/7.0/toolchain/arm/arm-gnu-toolchain/bin/../lib/gcc/arm-none-eabi/6.3.1/thumb/v6-m/crti.o
 .data          0x00000000        0x4 c:/program files (x86)/atmel/studio/7.0/toolchain/arm/arm-gnu-toolchain/bin/../lib/gcc/arm-none-eabi/6.3.1/thumb/v6-m/crtbegin.o
 .text          0x00000000       0x78 c:/program files (x86)/atmel/studio/7.0/toolchain/arm/arm-gnu-toolchain/bin/../lib/gcc/arm-none-eabi/6.3.1/../../../../arm-none-eabi/lib/thumb/v6-m/crt0.o
 .data          0x00000000        0x0 c:/program files (x86)/atmel/studio/7.0/toolchain/arm/arm-gnu-toolchain/bin/../lib/gcc/arm-none-eabi/6.3.1/../../../../arm-none-eabi/lib/thumb/v6-m/crt0.o
 .bss           0x00000000        0x0 c:/program files (x86)/atmel/studio/7.0/toolchain/arm/arm-gnu-toolchain/bin/../lib/gcc/arm-none-eabi/6.3.1/../../../../arm-none-eabi/lib/thumb/v6-m/crt0.o
 .ARM.extab     0x00000000        0x0 c:/program files (x86)/atmel/studio/7.0/toolchain/arm/arm-gnu-toolchain/bin/../lib/gcc/arm-none-eabi/6.3.1/../../../../arm-none-eabi/lib/thumb/v6-m/crt0.o
 .ARM.exidx     0x00000000        0x8 c:/program files (x86)/atmel/studio/7.0/toolchain/arm/arm-gnu-toolchain/bin/../lib/gcc/arm-none-eabi/6.3.1/../../../../arm-none-eabi/lib/thumb/v6-m/crt0.o
 .ARM.attributes
                0x00000000       0x1b c:/program files (x86)/atmel/studio/7.0/toolchain/arm/arm-gnu-toolchain/bin/../lib/gcc/arm-none-eabi/6.3.1/../../../../arm-none-eabi/lib/thumb/v6-m/crt0.o
 .group         0x00000000        0x8 src/ASF/sam0/drivers/tc/tc_sam_d_r_h/tc.o
[...]
Memory Configuration

Name             Origin             Length             Attributes
rom              0x00000000         0x00040000         xr
ram              0x20000000         0x00008000         xrw
*default*        0x00000000         0xffffffff

Linker script and memory map

LOAD c:/program files (x86)/atmel/studio/7.0/toolchain/arm/arm-gnu-toolchain/bin/../lib/gcc/arm-none-eabi/6.3.1/thumb/v6-m/crti.o
LOAD c:/program files (x86)/atmel/studio/7.0/toolchain/arm/arm-gnu-toolchain/bin/../lib/gcc/arm-none-eabi/6.3.1/thumb/v6-m/crtbegin.o
LOAD c:/program files (x86)/atmel/studio/7.0/toolchain/arm/arm-gnu-toolchain/bin/../lib/gcc/arm-none-eabi/6.3.1/../../../../arm-none-eabi/lib/thumb/v6-m/crt0.o
LOAD src/ASF/sam0/drivers/tc/tc_sam_d_r_h/tc.o
LOAD src/ASF/sam0/drivers/wdt/wdt.o
LOAD src/ASF/sam0/drivers/wdt/wdt_callback.o
LOAD src/ASF/sam0/drivers/tc/tc_interrupt.o
LOAD src/ASF/sam0/drivers/events/events_hooks.o
LOAD src/ASF/sam0/drivers/events/events_sam_d_r_h/events.o
LOAD src/ASF/sam0/drivers/bod/bod_sam_d_r_h/bod.o
LOAD src/ASF/sam0/drivers/sercom/sercom.o
LOAD src/SERCOM_USART.o
LOAD src/ASF/sam0/drivers/sercom/usart/usart.o
LOAD src/ASF/sam0/drivers/sercom/usart/usart_interrupt.o
LOAD src/ASF/sam0/drivers/sercom/sercom_interrupt.o
LOAD src/DC_Motors.o
LOAD src/DC_peripherals.o
LOAD src/ASF/common2/services/delay/sam0/systick_counter.o
LOAD src/ASF/sam0/drivers/port/port.o
LOAD src/ASF/common2/boards/user_board/init.o
LOAD src/ASF/common/utils/interrupt/interrupt_sam_nvic.o
LOAD src/ASF/sam0/drivers/system/clock/clock_samd20/clock.o
LOAD src/ASF/sam0/drivers/system/clock/clock_samd20/gclk.o
LOAD src/ASF/sam0/drivers/system/interrupt/system_interrupt.o
LOAD src/ASF/sam0/drivers/system/pinmux/pinmux.o
LOAD src/ASF/sam0/drivers/system/system.o
LOAD src/ASF/sam0/utils/cmsis/samd20/source/gcc/startup_samd20.o
LOAD src/ASF/sam0/utils/cmsis/samd20/source/system_samd20.o
LOAD src/ASF/sam0/utils/syscalls/gcc/syscalls.o
LOAD src/main.o
START GROUP
LOAD ../src/ASF/thirdparty/CMSIS/Lib/GCC\libarm_cortexM0l_math.a
LOAD c:/program files (x86)/atmel/studio/7.0/toolchain/arm/arm-gnu-toolchain/bin/../lib/gcc/arm-none-eabi/6.3.1/../../../../arm-none-eabi/lib/thumb/v6-m\libm.a
END GROUP
START GROUP
LOAD c:/program files (x86)/atmel/studio/7.0/toolchain/arm/arm-gnu-toolchain/bin/../lib/gcc/arm-none-eabi/6.3.1/thumb/v6-m\libgcc.a
LOAD c:/program files (x86)/atmel/studio/7.0/toolchain/arm/arm-gnu-toolchain/bin/../lib/gcc/arm-none-eabi/6.3.1/../../../../arm-none-eabi/lib/thumb/v6-m\libc_nano.a
END GROUP
START GROUP
LOAD c:/program files (x86)/atmel/studio/7.0/toolchain/arm/arm-gnu-toolchain/bin/../lib/gcc/arm-none-eabi/6.3.1/thumb/v6-m\libgcc.a
LOAD c:/program files (x86)/atmel/studio/7.0/toolchain/arm/arm-gnu-toolchain/bin/../lib/gcc/arm-none-eabi/6.3.1/../../../../arm-none-eabi/lib/thumb/v6-m\libc_nano.a
END GROUP
LOAD c:/program files (x86)/atmel/studio/7.0/toolchain/arm/arm-gnu-toolchain/bin/../lib/gcc/arm-none-eabi/6.3.1/thumb/v6-m/crtend.o
LOAD c:/program files (x86)/atmel/studio/7.0/toolchain/arm/arm-gnu-toolchain/bin/../lib/gcc/arm-none-eabi/6.3.1/thumb/v6-m/crtn.o
                0x00002000                STACK_SIZE = DEFINED (STACK_SIZE)?STACK_SIZE:DEFINED (__stack_size__)?__stack_size__:0x2000

.text           0x00000000     0x198c
                0x00000000                . = ALIGN (0x4)
                0x00000000                _sfixed = .
 *(.vectors .vectors.*)
 .vectors       0x00000000       0xa4 src/ASF/sam0/utils/cmsis/samd20/source/gcc/startup_samd20.o
                0x00000000                exception_table
 *(.text .text.* .gnu.linkonce.t.*)
 .text          0x000000a4       0x60 c:/program files (x86)/atmel/studio/7.0/toolchain/arm/arm-gnu-toolchain/bin/../lib/gcc/arm-none-eabi/6.3.1/thumb/v6-m/crtbegin.o
 .text.wdt_set_config
                0x00000104      0x100 src/ASF/sam0/drivers/wdt/wdt.o
                0x00000104                wdt_set_config
 .text.wdt_register_callback
                0x00000204       0x14 src/ASF/sam0/drivers/wdt/wdt_callback.o
                0x00000204                wdt_register_callback
 .text.wdt_enable_callback
                0x00000218       0x20 src/ASF/sam0/drivers/wdt/wdt_callback.o
                0x00000218                wdt_enable_callback
 .text.WDT_Handler
                0x00000238       0x1c src/ASF/sam0/drivers/wdt/wdt_callback.o
                0x00000238                WDT_Handler
 .text._tc_interrupt_handler
                0x00000254       0x64 src/ASF/sam0/drivers/tc/tc_interrupt.o
                0x00000254                _tc_interrupt_handler
 .text.TC0_Handler
                0x000002b8       0x10 src/ASF/sam0/drivers/tc/tc_interrupt.o
                0x000002b8                TC0_Handler
 .text.TC1_Handler
                0x000002c8       0x10 src/ASF/sam0/drivers/tc/tc_interrupt.o
                0x000002c8                TC1_Handler
 .text.TC2_Handler
                0x000002d8       0x10 src/ASF/sam0/drivers/tc/tc_interrupt.o
                0x000002d8                TC2_Handler
 .text.TC3_Handler
                0x000002e8       0x10 src/ASF/sam0/drivers/tc/tc_interrupt.o
                0x000002e8                TC3_Handler
 .text.TC4_Handler
                0x000002f8       0x10 src/ASF/sam0/drivers/tc/tc_interrupt.o
                0x000002f8                TC4_Handler
 .text.TC5_Handler
                0x00000308       0x10 src/ASF/sam0/drivers/tc/tc_interrupt.o
                0x00000308                TC5_Handler
 .text.TC6_Handler
                0x00000318       0x10 src/ASF/sam0/drivers/tc/tc_interrupt.o
                0x00000318                TC6_Handler
 .text.TC7_Handler
                0x00000328       0x10 src/ASF/sam0/drivers/tc/tc_interrupt.o
                0x00000328                TC7_Handler
 .text.EVSYS_Handler
                0x00000338       0x3c src/ASF/sam0/drivers/events/events_hooks.o
                0x00000338                EVSYS_Handler
 .text._system_events_init
                0x00000374       0x24 src/ASF/sam0/drivers/events/events_sam_d_r_h/events.o
                0x00000374                _system_events_init
 .text.bod_set_config
                0x00000398       0x74 src/ASF/sam0/drivers/bod/bod_sam_d_r_h/bod.o
                0x00000398                bod_set_config
 .text.long_division
                0x0000040c       0xba src/ASF/sam0/drivers/sercom/sercom.o
 .text._sercom_get_sync_baud_val
                0x000004c6       0x28 src/ASF/sam0/drivers/sercom/sercom.o
                0x000004c6                _sercom_get_sync_baud_val
 *fill*         0x000004ee        0x2 
 .text._sercom_get_async_baud_val
                0x000004f0       0x94 src/ASF/sam0/drivers/sercom/sercom.o
                0x000004f0                _sercom_get_async_baud_val
 .text.sercom_set_gclk_generator
                0x00000584       0x4c src/ASF/sam0/drivers/sercom/sercom.o
                0x00000584                sercom_set_gclk_generator
 .text._sercom_get_default_pad
                0x000005d0      0x178 src/ASF/sam0/drivers/sercom/sercom.o
                0x000005d0                _sercom_get_default_pad
 .text._sercom_get_sercom_inst_index
                0x00000748       0x38 src/ASF/sam0/drivers/sercom/sercom.o
                0x00000748                _sercom_get_sercom_inst_index
 .text.usart_write_callback
                0x00000780        0x4 src/SERCOM_USART.o
 .text.config_UART
                0x00000784       0xa0 src/SERCOM_USART.o
                0x00000784                config_UART
 .text.config_UART_Callback
                0x00000824       0x34 src/SERCOM_USART.o
                0x00000824                config_UART_Callback
 .text.UART_Continuous
                0x00000858       0x1c src/SERCOM_USART.o
                0x00000858                UART_Continuous
 .text.usart_read_callback
                0x00000874       0x40 src/SERCOM_USART.o
 .text.usart_init
                0x000008b4      0x254 src/ASF/sam0/drivers/sercom/usart/usart.o
                0x000008b4                usart_init
 .text.usart_write_wait
                0x00000b08       0x2e src/ASF/sam0/drivers/sercom/usart/usart.o
                0x00000b08                usart_write_wait
 *fill*         0x00000b36        0x2 
 .text.usart_write_buffer_wait
                0x00000b38       0xc4 src/ASF/sam0/drivers/sercom/usart/usart.o
                0x00000b38                usart_write_buffer_wait
 .text._usart_read_buffer
                0x00000bfc       0x3c src/ASF/sam0/drivers/sercom/usart/usart_interrupt.o
                0x00000bfc                _usart_read_buffer
 .text.usart_register_callback
                0x00000c38       0x16 src/ASF/sam0/drivers/sercom/usart/usart_interrupt.o
                0x00000c38                usart_register_callback
 *fill*         0x00000c4e        0x2 
 .text.usart_read_buffer_job
                0x00000c50       0x20 src/ASF/sam0/drivers/sercom/usart/usart_interrupt.o
                0x00000c50                usart_read_buffer_job
 .text._usart_interrupt_handler
                0x00000c70      0x124 src/ASF/sam0/drivers/sercom/usart/usart_interrupt.o
                0x00000c70                _usart_interrupt_handler
 .text._sercom_default_handler
                0x00000d94        0x2 src/ASF/sam0/drivers/sercom/sercom_interrupt.o
 *fill*         0x00000d96        0x2 
 .text._sercom_set_handler
                0x00000d98       0x3c src/ASF/sam0/drivers/sercom/sercom_interrupt.o
                0x00000d98                _sercom_set_handler
 .text._sercom_get_interrupt_vector
                0x00000dd4       0x30 src/ASF/sam0/drivers/sercom/sercom_interrupt.o
                0x00000dd4                _sercom_get_interrupt_vector
 .text.SERCOM0_Handler
                0x00000e04       0x10 src/ASF/sam0/drivers/sercom/sercom_interrupt.o
                0x00000e04                SERCOM0_Handler
 .text.SERCOM1_Handler
                0x00000e14       0x10 src/ASF/sam0/drivers/sercom/sercom_interrupt.o
                0x00000e14                SERCOM1_Handler
 .text.SERCOM2_Handler
                0x00000e24       0x10 src/ASF/sam0/drivers/sercom/sercom_interrupt.o
                0x00000e24                SERCOM2_Handler
 .text.SERCOM3_Handler
                0x00000e34       0x10 src/ASF/sam0/drivers/sercom/sercom_interrupt.o
                0x00000e34                SERCOM3_Handler
 .text.SERCOM4_Handler
                0x00000e44       0x10 src/ASF/sam0/drivers/sercom/sercom_interrupt.o
                0x00000e44                SERCOM4_Handler
 .text.SERCOM5_Handler
                0x00000e54       0x10 src/ASF/sam0/drivers/sercom/sercom_interrupt.o
                0x00000e54                SERCOM5_Handler
 .text.watchdog_early_warning_callback
                0x00000e64       0x10 src/DC_peripherals.o
                0x00000e64                watchdog_early_warning_callback
 .text.SysTick_Handler
                0x00000e74        0x2 src/DC_peripherals.o
                0x00000e74                SysTick_Handler
 *fill*         0x00000e76        0x2 
 .text.config_BOD
                0x00000e78       0x4c src/DC_peripherals.o
                0x00000e78                config_BOD
 .text.config_GCLK
                0x00000ec4       0x30 src/DC_peripherals.o
                0x00000ec4                config_GCLK
 .text.config_WDT
                0x00000ef4       0x2c src/DC_peripherals.o
                0x00000ef4                config_WDT
 .text.config_WDT_Callback
                0x00000f20       0x20 src/DC_peripherals.o
                0x00000f20                config_WDT_Callback
 .text.sys_config
                0x00000f40       0x88 src/DC_peripherals.o
                0x00000f40                sys_config
 .text.delay_init
                0x00000fc8       0x40 src/ASF/common2/services/delay/sam0/systick_counter.o
                0x00000fc8                delay_init
 .text.delay_cycles_ms
                0x00001008       0x2c src/ASF/common2/services/delay/sam0/systick_counter.o
                0x00001008                delay_cycles_ms
 .text.system_board_init
                0x00001034        0x2 src/ASF/common2/boards/user_board/init.o
                0x00001034                board_init
                0x00001034                system_board_init
 *fill*         0x00001036        0x2 
 .text.cpu_irq_enter_critical
                0x00001038       0x40 src/ASF/common/utils/interrupt/interrupt_sam_nvic.o
                0x00001038                cpu_irq_enter_critical
 .text.cpu_irq_leave_critical
                0x00001078       0x30 src/ASF/common/utils/interrupt/interrupt_sam_nvic.o
                0x00001078                cpu_irq_leave_critical
 .text.system_clock_source_get_hz
                0x000010a8       0x7c src/ASF/sam0/drivers/system/clock/clock_samd20/clock.o
                0x000010a8                system_clock_source_get_hz
 .text.system_clock_source_osc8m_set_config
                0x00001124       0x3c src/ASF/sam0/drivers/system/clock/clock_samd20/clock.o
                0x00001124                system_clock_source_osc8m_set_config
 .text.system_clock_source_enable
                0x00001160       0x90 src/ASF/sam0/drivers/system/clock/clock_samd20/clock.o
                0x00001160                system_clock_source_enable
 .text.system_clock_init
                0x000011f0       0x98 src/ASF/sam0/drivers/system/clock/clock_samd20/clock.o
                0x000011f0                system_clock_init
 .text.system_gclk_init
                0x00001288       0x24 src/ASF/sam0/drivers/system/clock/clock_samd20/gclk.o
                0x00001288                system_gclk_init
 .text.system_gclk_gen_set_config
                0x000012ac       0xb8 src/ASF/sam0/drivers/system/clock/clock_samd20/gclk.o
                0x000012ac                system_gclk_gen_set_config
 .text.system_gclk_gen_enable
                0x00001364       0x44 src/ASF/sam0/drivers/system/clock/clock_samd20/gclk.o
                0x00001364                system_gclk_gen_enable
 .text.system_gclk_gen_get_hz
                0x000013a8       0x8c src/ASF/sam0/drivers/system/clock/clock_samd20/gclk.o
                0x000013a8                system_gclk_gen_get_hz
 .text.system_gclk_chan_enable
                0x00001434       0x30 src/ASF/sam0/drivers/system/clock/clock_samd20/gclk.o
                0x00001434                system_gclk_chan_enable
 .text.system_gclk_chan_disable
                0x00001464       0x5c src/ASF/sam0/drivers/system/clock/clock_samd20/gclk.o
                0x00001464                system_gclk_chan_disable
 .text.system_gclk_chan_set_config
                0x000014c0       0x1c src/ASF/sam0/drivers/system/clock/clock_samd20/gclk.o
                0x000014c0                system_gclk_chan_set_config
 .text.system_gclk_chan_lock
                0x000014dc       0x30 src/ASF/sam0/drivers/system/clock/clock_samd20/gclk.o
                0x000014dc                system_gclk_chan_lock
 .text.system_gclk_chan_get_hz
                0x0000150c       0x34 src/ASF/sam0/drivers/system/clock/clock_samd20/gclk.o
                0x0000150c                system_gclk_chan_get_hz
 .text._system_pinmux_config
                0x00001540       0xa8 src/ASF/sam0/drivers/system/pinmux/pinmux.o
 .text.system_pinmux_pin_set_config
                0x000015e8       0x30 src/ASF/sam0/drivers/system/pinmux/pinmux.o
                0x000015e8                system_pinmux_pin_set_config
 .text._system_dummy_init
                0x00001618        0x2 src/ASF/sam0/drivers/system/system.o
                0x00001618                _system_extint_init
                0x00001618                _system_dummy_init
                0x00001618                _system_divas_init
 *fill*         0x0000161a        0x2 
 .text.system_init
                0x0000161c       0x2c src/ASF/sam0/drivers/system/system.o
                0x0000161c                system_init
 .text.Dummy_Handler
                0x00001648        0x2 src/ASF/sam0/utils/cmsis/samd20/source/gcc/startup_samd20.o
                0x00001648                HardFault_Handler
                0x00001648                AC_Handler
                0x00001648                PendSV_Handler
                0x00001648                NMI_Handler
                0x00001648                ADC_Handler
                0x00001648                RTC_Handler
                0x00001648                EIC_Handler
                0x00001648                Dummy_Handler
                0x00001648                PM_Handler
                0x00001648                SVC_Handler
                0x00001648                NVMCTRL_Handler
                0x00001648                DAC_Handler
                0x00001648                PTC_Handler
                0x00001648                SYSCTRL_Handler
 *fill*         0x0000164a        0x2 
 .text.Reset_Handler
                0x0000164c       0x98 src/ASF/sam0/utils/cmsis/samd20/source/gcc/startup_samd20.o
                0x0000164c                Reset_Handler
 .text.main     0x000016e4       0x6c src/main.o
                0x000016e4                main
 .text          0x00001750      0x114 c:/program files (x86)/atmel/studio/7.0/toolchain/arm/arm-gnu-toolchain/bin/../lib/gcc/arm-none-eabi/6.3.1/thumb/v6-m\libgcc.a(_udivsi3.o)
                0x00001750                __aeabi_uidiv
                0x00001750                __udivsi3
                0x0000185c                __aeabi_uidivmod
 .text          0x00001864        0x4 c:/program files (x86)/atmel/studio/7.0/toolchain/arm/arm-gnu-toolchain/bin/../lib/gcc/arm-none-eabi/6.3.1/thumb/v6-m\libgcc.a(_dvmd_tls.o)
                0x00001864                __aeabi_idiv0
                0x00001864                __aeabi_ldiv0
 .text          0x00001868       0x54 c:/program files (x86)/atmel/studio/7.0/toolchain/arm/arm-gnu-toolchain/bin/../lib/gcc/arm-none-eabi/6.3.1/thumb/v6-m\libgcc.a(_muldi3.o)
                0x00001868                __muldi3
                0x00001868                __aeabi_lmul
 .text.__libc_init_array
                0x000018bc       0x48 c:/program files (x86)/atmel/studio/7.0/toolchain/arm/arm-gnu-toolchain/bin/../lib/gcc/arm-none-eabi/6.3.1/../../../../arm-none-eabi/lib/thumb/v6-m\libc_nano.a(lib_a-init.o)
                0x000018bc                __libc_init_array
 *(.glue_7t)
 .glue_7t       0x00001904        0x0 linker stubs
 *(.glue_7)
 .glue_7        0x00001904        0x0 linker stubs
 *(.rodata .rodata* .gnu.linkonce.r.*)
 .rodata        0x00001904       0x18 src/ASF/sam0/drivers/sercom/sercom.o
 .rodata.system_clock_source_get_hz
                0x0000191c       0x20 src/ASF/sam0/drivers/system/clock/clock_samd20/clock.o
 .rodata.system_clock_source_enable
                0x0000193c       0x20 src/ASF/sam0/drivers/system/clock/clock_samd20/clock.o
 .rodata.main.str1.4
                0x0000195c       0x10 src/main.o
                                  0xf (size before relaxing)
 *(.ARM.extab* .gnu.linkonce.armextab.*)
                0x0000196c                . = ALIGN (0x4)
 *(.init)
 .init          0x0000196c        0x4 c:/program files (x86)/atmel/studio/7.0/toolchain/arm/arm-gnu-toolchain/bin/../lib/gcc/arm-none-eabi/6.3.1/thumb/v6-m/crti.o
                0x0000196c                _init
 .init          0x00001970        0x8 c:/program files (x86)/atmel/studio/7.0/toolchain/arm/arm-gnu-toolchain/bin/../lib/gcc/arm-none-eabi/6.3.1/thumb/v6-m/crtn.o
                0x00001978                . = ALIGN (0x4)
                0x00001978                __preinit_array_start = .
 *(.preinit_array)
                0x00001978                __preinit_array_end = .
                0x00001978                . = ALIGN (0x4)
                0x00001978                __init_array_start = .
 *(SORT(.init_array.*))
 *(.init_array)
 .init_array    0x00001978        0x4 c:/program files (x86)/atmel/studio/7.0/toolchain/arm/arm-gnu-toolchain/bin/../lib/gcc/arm-none-eabi/6.3.1/thumb/v6-m/crtbegin.o
                0x0000197c                __init_array_end = .
                0x0000197c                . = ALIGN (0x4)
 *crtbegin.o(.ctors)
 *(EXCLUDE_FILE(*crtend.o) .ctors)
 *(SORT(.ctors.*))
 *crtend.o(.ctors)
                0x0000197c                . = ALIGN (0x4)
 *(.fini)
 .fini          0x0000197c        0x4 c:/program files (x86)/atmel/studio/7.0/toolchain/arm/arm-gnu-toolchain/bin/../lib/gcc/arm-none-eabi/6.3.1/thumb/v6-m/crti.o
                0x0000197c                _fini
 .fini          0x00001980        0x8 c:/program files (x86)/atmel/studio/7.0/toolchain/arm/arm-gnu-toolchain/bin/../lib/gcc/arm-none-eabi/6.3.1/thumb/v6-m/crtn.o
                0x00001988                . = ALIGN (0x4)
                0x00001988                __fini_array_start = .
 *(.fini_array)
 .fini_array    0x00001988        0x4 c:/program files (x86)/atmel/studio/7.0/toolchain/arm/arm-gnu-toolchain/bin/../lib/gcc/arm-none-eabi/6.3.1/thumb/v6-m/crtbegin.o
 *(SORT(.fini_array.*))
                0x0000198c                __fini_array_end = .
 *crtbegin.o(.dtors)
 *(EXCLUDE_FILE(*crtend.o) .dtors)
 *(SORT(.dtors.*))
 *crtend.o(.dtors)
                0x0000198c                . = ALIGN (0x4)
                0x0000198c                _efixed = .
                [!provide]                PROVIDE (__exidx_start, .)

.vfp11_veneer   0x0000198c        0x0
 .vfp11_veneer  0x0000198c        0x0 linker stubs

.v4_bx          0x0000198c        0x0
 .v4_bx         0x0000198c        0x0 linker stubs

.iplt           0x0000198c        0x0
 .iplt          0x0000198c        0x0 c:/program files (x86)/atmel/studio/7.0/toolchain/arm/arm-gnu-toolchain/bin/../lib/gcc/arm-none-eabi/6.3.1/thumb/v6-m/crtbegin.o

.eh_frame       0x0000198c        0x0
 .eh_frame      0x0000198c        0x0 c:/program files (x86)/atmel/studio/7.0/toolchain/arm/arm-gnu-toolchain/bin/../lib/gcc/arm-none-eabi/6.3.1/thumb/v6-m/crtbegin.o

.rel.dyn        0x0000198c        0x0
 .rel.iplt      0x0000198c        0x0 c:/program files (x86)/atmel/studio/7.0/toolchain/arm/arm-gnu-toolchain/bin/../lib/gcc/arm-none-eabi/6.3.1/thumb/v6-m/crtbegin.o

.jcr            0x0000198c        0x0
 .jcr           0x0000198c        0x0 c:/program files (x86)/atmel/studio/7.0/toolchain/arm/arm-gnu-toolchain/bin/../lib/gcc/arm-none-eabi/6.3.1/thumb/v6-m/crtbegin.o

.igot.plt       0x0000198c        0x0
 .igot.plt      0x0000198c        0x0 c:/program files (x86)/atmel/studio/7.0/toolchain/arm/arm-gnu-toolchain/bin/../lib/gcc/arm-none-eabi/6.3.1/thumb/v6-m/crtbegin.o

.ARM.exidx
 *(.ARM.exidx* .gnu.linkonce.armexidx.*)
                [!provide]                PROVIDE (__exidx_end, .)
                0x0000198c                . = ALIGN (0x4)
                0x0000198c                _etext = .

.relocate       0x20000000       0x20 load address 0x0000198c
                0x20000000                . = ALIGN (0x4)
                0x20000000                _srelocate = .
 *(.ramfunc .ramfunc.*)
 *(.data .data.*)
 .data._events_inst
                0x20000000       0x14 src/ASF/sam0/drivers/events/events_sam_d_r_h/events.o
                0x20000000                _events_inst
 .data.cycles_per_ms
                0x20000014        0x4 src/ASF/common2/services/delay/sam0/systick_counter.o
 .data.cycles_per_us
                0x20000018        0x4 src/ASF/common2/services/delay/sam0/systick_counter.o
 .data.g_interrupt_enabled
                0x2000001c        0x1 src/ASF/common/utils/interrupt/interrupt_sam_nvic.o
                0x2000001c                g_interrupt_enabled
                0x20000020                . = ALIGN (0x4)
 *fill*         0x2000001d        0x3 
                0x20000020                _erelocate = .

.bss            0x20000020      0x318 load address 0x000019ac
                0x20000020                . = ALIGN (0x4)
                0x20000020                _sbss = .
                0x20000020                _szero = .
 *(.bss .bss.*)
 .bss           0x20000020       0x1c c:/program files (x86)/atmel/studio/7.0/toolchain/arm/arm-gnu-toolchain/bin/../lib/gcc/arm-none-eabi/6.3.1/thumb/v6-m/crtbegin.o
 .bss._sercom_config
                0x2000003c        0x2 src/ASF/sam0/drivers/sercom/sercom.o
 .bss._handler_table_initialized
                0x2000003e        0x1 src/ASF/sam0/drivers/sercom/sercom_interrupt.o
 *fill*         0x2000003f        0x1 
 .bss._sercom_interrupt_handlers
                0x20000040       0x18 src/ASF/sam0/drivers/sercom/sercom_interrupt.o
 .bss.cpu_irq_critical_section_counter
                0x20000058        0x4 src/ASF/common/utils/interrupt/interrupt_sam_nvic.o
 .bss.cpu_irq_prev_interrupt_state
                0x2000005c        0x1 src/ASF/common/utils/interrupt/interrupt_sam_nvic.o
 *fill*         0x2000005d        0x3 
 .bss._system_clock_inst
                0x20000060       0x14 src/ASF/sam0/drivers/system/clock/clock_samd20/clock.o
 *(COMMON)
 COMMON         0x20000074        0x4 src/ASF/sam0/drivers/wdt/wdt_callback.o
                0x20000074                wdt_early_warning_callback
 COMMON         0x20000078       0x20 src/ASF/sam0/drivers/tc/tc_interrupt.o
                0x20000078                _tc_instances
 COMMON         0x20000098      0x284 src/SERCOM_USART.o
                0x20000098                ch_buffer
                0x2000009c                usart_instance
                0x200000c0                tx_rx_buffer
                0x20000318                USART_data_available
                0x2000031a                rx_index
 COMMON         0x2000031c       0x18 src/ASF/sam0/drivers/sercom/sercom_interrupt.o
                0x2000031c                _sercom_instances
 COMMON         0x20000334        0x4 src/main.o
                0x20000334                timer_count
                0x20000338                . = ALIGN (0x4)
                0x20000338                _ebss = .
                0x20000338                _ezero = .

.stack          0x20000338     0x2000 load address 0x00001cc4
                0x20000338                . = ALIGN (0x8)
                0x20000338                _sstack = .
                0x20002338                . = (. + STACK_SIZE)
 *fill*         0x20000338     0x2000 
                0x20002338                . = ALIGN (0x8)
                0x20002338                _estack = .
                0x20002338                . = ALIGN (0x4)
                0x20002338                _end = .
OUTPUT(SAMD20_MotorControl.elf elf32-littlearm)

.ARM.attributes
                0x00000000       0x28
 .ARM.attributes
                0x00000000       0x1e c:/program files (x86)/atmel/studio/7.0/toolchain/arm/arm-gnu-toolchain/bin/../lib/gcc/arm-none-eabi/6.3.1/thumb/v6-m/crti.o
 .ARM.attributes
                0x0000001e       0x2c c:/program files (x86)/atmel/studio/7.0/toolchain/arm/arm-gnu-toolchain/bin/../lib/gcc/arm-none-eabi/6.3.1/thumb/v6-m/crtbegin.o
 .ARM.attributes
                0x0000004a       0x32 src/ASF/sam0/drivers/wdt/wdt.o
 .ARM.attributes
                0x0000007c       0x32 src/ASF/sam0/drivers/wdt/wdt_callback.o
 .ARM.attributes
                0x000000ae       0x32 src/ASF/sam0/drivers/tc/tc_interrupt.o
 .ARM.attributes
                0x000000e0       0x32 src/ASF/sam0/drivers/events/events_hooks.o
 .ARM.attributes
                0x00000112       0x32 src/ASF/sam0/drivers/events/events_sam_d_r_h/events.o
 .ARM.attributes
                0x00000144       0x32 src/ASF/sam0/drivers/bod/bod_sam_d_r_h/bod.o
 .ARM.attributes
                0x00000176       0x32 src/ASF/sam0/drivers/sercom/sercom.o
 .ARM.attributes
                0x000001a8       0x32 src/SERCOM_USART.o
 .ARM.attributes
                0x000001da       0x32 src/ASF/sam0/drivers/sercom/usart/usart.o
 .ARM.attributes
                0x0000020c       0x32 src/ASF/sam0/drivers/sercom/usart/usart_interrupt.o
 .ARM.attributes
                0x0000023e       0x32 src/ASF/sam0/drivers/sercom/sercom_interrupt.o
 .ARM.attributes
                0x00000270       0x32 src/DC_peripherals.o
 .ARM.attributes
                0x000002a2       0x32 src/ASF/common2/services/delay/sam0/systick_counter.o
 .ARM.attributes
                0x000002d4       0x32 src/ASF/common2/boards/user_board/init.o
 .ARM.attributes
                0x00000306       0x32 src/ASF/common/utils/interrupt/interrupt_sam_nvic.o
 .ARM.attributes
                0x00000338       0x32 src/ASF/sam0/drivers/system/clock/clock_samd20/clock.o
 .ARM.attributes
                0x0000036a       0x32 src/ASF/sam0/drivers/system/clock/clock_samd20/gclk.o
 .ARM.attributes
                0x0000039c       0x32 src/ASF/sam0/drivers/system/pinmux/pinmux.o
 .ARM.attributes
                0x000003ce       0x32 src/ASF/sam0/drivers/system/system.o
 .ARM.attributes
                0x00000400       0x32 src/ASF/sam0/utils/cmsis/samd20/source/gcc/startup_samd20.o
 .ARM.attributes
                0x00000432       0x32 src/main.o
 .ARM.attributes
                0x00000464       0x1e c:/program files (x86)/atmel/studio/7.0/toolchain/arm/arm-gnu-toolchain/bin/../lib/gcc/arm-none-eabi/6.3.1/thumb/v6-m\libgcc.a(_udivsi3.o)
 .ARM.attributes
                0x00000482       0x1e c:/program files (x86)/atmel/studio/7.0/toolchain/arm/arm-gnu-toolchain/bin/../lib/gcc/arm-none-eabi/6.3.1/thumb/v6-m\libgcc.a(_dvmd_tls.o)
 .ARM.attributes
                0x000004a0       0x2c c:/program files (x86)/atmel/studio/7.0/toolchain/arm/arm-gnu-toolchain/bin/../lib/gcc/arm-none-eabi/6.3.1/thumb/v6-m\libgcc.a(_muldi3.o)
 .ARM.attributes
                0x000004cc       0x2c c:/program files (x86)/atmel/studio/7.0/toolchain/arm/arm-gnu-toolchain/bin/../lib/gcc/arm-none-eabi/6.3.1/../../../../arm-none-eabi/lib/thumb/v6-m\libc_nano.a(lib_a-init.o)
 .ARM.attributes
                0x000004f8       0x1e c:/program files (x86)/atmel/studio/7.0/toolchain/arm/arm-gnu-toolchain/bin/../lib/gcc/arm-none-eabi/6.3.1/thumb/v6-m/crtn.o

.comment        0x00000000       0x59
 .comment       0x00000000       0x59 src/ASF/sam0/drivers/wdt/wdt.o
                                 0x5a (size before relaxing)
 .comment       0x00000059       0x5a src/ASF/sam0/drivers/wdt/wdt_callback.o
 .comment       0x00000059       0x5a src/ASF/sam0/drivers/tc/tc_interrupt.o
 .comment       0x00000059       0x5a src/ASF/sam0/drivers/events/events_hooks.o
 .comment       0x00000059       0x5a src/ASF/sam0/drivers/events/events_sam_d_r_h/events.o
 .comment       0x00000059       0x5a src/ASF/sam0/drivers/bod/bod_sam_d_r_h/bod.o
 .comment       0x00000059       0x5a src/ASF/sam0/drivers/sercom/sercom.o
 .comment       0x00000059       0x5a src/SERCOM_USART.o
 .comment       0x00000059       0x5a src/ASF/sam0/drivers/sercom/usart/usart.o
 .comment       0x00000059       0x5a src/ASF/sam0/drivers/sercom/usart/usart_interrupt.o
 .comment       0x00000059       0x5a src/ASF/sam0/drivers/sercom/sercom_interrupt.o
 .comment       0x00000059       0x5a src/DC_peripherals.o
 .comment       0x00000059       0x5a src/ASF/common2/services/delay/sam0/systick_counter.o
 .comment       0x00000059       0x5a src/ASF/common2/boards/user_board/init.o
 .comment       0x00000059       0x5a src/ASF/common/utils/interrupt/interrupt_sam_nvic.o
 .comment       0x00000059       0x5a src/ASF/sam0/drivers/system/clock/clock_samd20/clock.o
 .comment       0x00000059       0x5a src/ASF/sam0/drivers/system/clock/clock_samd20/gclk.o
 .comment       0x00000059       0x5a src/ASF/sam0/drivers/system/pinmux/pinmux.o
 .comment       0x00000059       0x5a src/ASF/sam0/drivers/system/system.o
 .comment       0x00000059       0x5a src/ASF/sam0/utils/cmsis/samd20/source/gcc/startup_samd20.o
 .comment       0x00000059       0x5a src/main.o

.debug_info     0x00000000    0x28ce3
 .debug_info    0x00000000     0x1a19 src/ASF/sam0/drivers/wdt/wdt.o
 .debug_info    0x00001a19     0x127e src/ASF/sam0/drivers/wdt/wdt_callback.o
 .debug_info    0x00002c97     0x1c1b src/ASF/sam0/drivers/tc/tc_interrupt.o
 .debug_info    0x000048b2     0x1923 src/ASF/sam0/drivers/events/events_hooks.o
 .debug_info    0x000061d5     0x23b6 src/ASF/sam0/drivers/events/events_sam_d_r_h/events.o
 .debug_info    0x0000858b     0x19b6 src/ASF/sam0/drivers/bod/bod_sam_d_r_h/bod.o
 .debug_info    0x00009f41     0x2660 src/ASF/sam0/drivers/sercom/sercom.o
 .debug_info    0x0000c5a1     0x2bef src/SERCOM_USART.o
 .debug_info    0x0000f190     0x42cf src/ASF/sam0/drivers/sercom/usart/usart.o
 .debug_info    0x0001345f     0x2881 src/ASF/sam0/drivers/sercom/usart/usart_interrupt.o
 .debug_info    0x00015ce0     0x2456 src/ASF/sam0/drivers/sercom/sercom_interrupt.o
 .debug_info    0x00018136     0x4253 src/DC_peripherals.o
 .debug_info    0x0001c389      0xb8d src/ASF/common2/services/delay/sam0/systick_counter.o
 .debug_info    0x0001cf16      0xa79 src/ASF/common2/boards/user_board/init.o
 .debug_info    0x0001d98f      0xb07 src/ASF/common/utils/interrupt/interrupt_sam_nvic.o
 .debug_info    0x0001e496     0x3d15 src/ASF/sam0/drivers/system/clock/clock_samd20/clock.o
 .debug_info    0x000221ab     0x1de7 src/ASF/sam0/drivers/system/clock/clock_samd20/gclk.o
 .debug_info    0x00023f92     0x1374 src/ASF/sam0/drivers/system/pinmux/pinmux.o
 .debug_info    0x00025306      0xa73 src/ASF/sam0/drivers/system/system.o
 .debug_info    0x00025d79      0x9c9 src/ASF/sam0/utils/cmsis/samd20/source/gcc/startup_samd20.o
 .debug_info    0x00026742     0x25a1 src/main.o

.debug_abbrev   0x00000000     0x42d1
 .debug_abbrev  0x00000000      0x349 src/ASF/sam0/drivers/wdt/wdt.o
 .debug_abbrev  0x00000349      0x309 src/ASF/sam0/drivers/wdt/wdt_callback.o
 .debug_abbrev  0x00000652      0x2ff src/ASF/sam0/drivers/tc/tc_interrupt.o
 .debug_abbrev  0x00000951      0x32f src/ASF/sam0/drivers/events/events_hooks.o
 .debug_abbrev  0x00000c80      0x477 src/ASF/sam0/drivers/events/events_sam_d_r_h/events.o
 .debug_abbrev  0x000010f7      0x253 src/ASF/sam0/drivers/bod/bod_sam_d_r_h/bod.o
 .debug_abbrev  0x0000134a      0x378 src/ASF/sam0/drivers/sercom/sercom.o
 .debug_abbrev  0x000016c2      0x3cb src/SERCOM_USART.o
 .debug_abbrev  0x00001a8d      0x491 src/ASF/sam0/drivers/sercom/usart/usart.o
 .debug_abbrev  0x00001f1e      0x416 src/ASF/sam0/drivers/sercom/usart/usart_interrupt.o
 .debug_abbrev  0x00002334      0x2d8 src/ASF/sam0/drivers/sercom/sercom_interrupt.o
 .debug_abbrev  0x0000260c      0x40a src/DC_peripherals.o
 .debug_abbrev  0x00002a16      0x24b src/ASF/common2/services/delay/sam0/systick_counter.o
 .debug_abbrev  0x00002c61      0x1be src/ASF/common2/boards/user_board/init.o
 .debug_abbrev  0x00002e1f      0x22c src/ASF/common/utils/interrupt/interrupt_sam_nvic.o
 .debug_abbrev  0x0000304b      0x4a1 src/ASF/sam0/drivers/system/clock/clock_samd20/clock.o
 .debug_abbrev  0x000034ec      0x40d src/ASF/sam0/drivers/system/clock/clock_samd20/gclk.o
 .debug_abbrev  0x000038f9      0x332 src/ASF/sam0/drivers/system/pinmux/pinmux.o
 .debug_abbrev  0x00003c2b      0x1e1 src/ASF/sam0/drivers/system/system.o
 .debug_abbrev  0x00003e0c      0x1e4 src/ASF/sam0/utils/cmsis/samd20/source/gcc/startup_samd20.o
 .debug_abbrev  0x00003ff0      0x2e1 src/main.o

.debug_loc      0x00000000     0x47ca
 .debug_loc     0x00000000      0x10d src/ASF/sam0/drivers/wdt/wdt.o
 .debug_loc     0x0000010d       0xf3 src/ASF/sam0/drivers/wdt/wdt_callback.o
 .debug_loc     0x00000200      0x228 src/ASF/sam0/drivers/tc/tc_interrupt.o
 .debug_loc     0x00000428      0x582 src/ASF/sam0/drivers/events/events_hooks.o
 .debug_loc     0x000009aa      0x44b src/ASF/sam0/drivers/events/events_sam_d_r_h/events.o
 .debug_loc     0x00000df5       0xbe src/ASF/sam0/drivers/bod/bod_sam_d_r_h/bod.o
 .debug_loc     0x00000eb3      0x9d5 src/ASF/sam0/drivers/sercom/sercom.o
 .debug_loc     0x00001888      0x15a src/SERCOM_USART.o
 .debug_loc     0x000019e2      0xc56 src/ASF/sam0/drivers/sercom/usart/usart.o
 .debug_loc     0x00002638      0x6b6 src/ASF/sam0/drivers/sercom/usart/usart_interrupt.o
 .debug_loc     0x00002cee      0x161 src/ASF/sam0/drivers/sercom/sercom_interrupt.o
 .debug_loc     0x00002e4f      0x1c9 src/DC_peripherals.o
 .debug_loc     0x00003018       0xe4 src/ASF/common2/services/delay/sam0/systick_counter.o
 .debug_loc     0x000030fc      0xe1c src/ASF/sam0/drivers/system/clock/clock_samd20/clock.o
 .debug_loc     0x00003f18      0x504 src/ASF/sam0/drivers/system/clock/clock_samd20/gclk.o
 .debug_loc     0x0000441c      0x322 src/ASF/sam0/drivers/system/pinmux/pinmux.o
 .debug_loc     0x0000473e       0x20 src/ASF/sam0/drivers/system/system.o
 .debug_loc     0x0000475e       0x40 src/ASF/sam0/utils/cmsis/samd20/source/gcc/startup_samd20.o
 .debug_loc     0x0000479e       0x2c src/main.o

.debug_aranges  0x00000000      0x5d0
 .debug_aranges
                0x00000000       0x28 src/ASF/sam0/drivers/wdt/wdt.o
 .debug_aranges
                0x00000028       0x40 src/ASF/sam0/drivers/wdt/wdt_callback.o
 .debug_aranges
                0x00000068       0x70 src/ASF/sam0/drivers/tc/tc_interrupt.o
 .debug_aranges
                0x000000d8       0x58 src/ASF/sam0/drivers/events/events_hooks.o
 .debug_aranges
                0x00000130       0x80 src/ASF/sam0/drivers/events/events_sam_d_r_h/events.o
 .debug_aranges
                0x000001b0       0x20 src/ASF/sam0/drivers/bod/bod_sam_d_r_h/bod.o
 .debug_aranges
                0x000001d0       0x48 src/ASF/sam0/drivers/sercom/sercom.o
 .debug_aranges
                0x00000218       0x40 src/SERCOM_USART.o
 .debug_aranges
                0x00000258       0x40 src/ASF/sam0/drivers/sercom/usart/usart.o
 .debug_aranges
                0x00000298       0x70 src/ASF/sam0/drivers/sercom/usart/usart_interrupt.o
 .debug_aranges
                0x00000308       0x60 src/ASF/sam0/drivers/sercom/sercom_interrupt.o
 .debug_aranges
                0x00000368       0x50 src/DC_peripherals.o
 .debug_aranges
                0x000003b8       0x30 src/ASF/common2/services/delay/sam0/systick_counter.o
 .debug_aranges
                0x000003e8       0x20 src/ASF/common2/boards/user_board/init.o
 .debug_aranges
                0x00000408       0x28 src/ASF/common/utils/interrupt/interrupt_sam_nvic.o
 .debug_aranges
                0x00000430       0x70 src/ASF/sam0/drivers/system/clock/clock_samd20/clock.o
 .debug_aranges
                0x000004a0       0x80 src/ASF/sam0/drivers/system/clock/clock_samd20/gclk.o
 .debug_aranges
                0x00000520       0x38 src/ASF/sam0/drivers/system/pinmux/pinmux.o
 .debug_aranges
                0x00000558       0x28 src/ASF/sam0/drivers/system/system.o
 .debug_aranges
                0x00000580       0x28 src/ASF/sam0/utils/cmsis/samd20/source/gcc/startup_samd20.o
 .debug_aranges
                0x000005a8       0x28 src/main.o

.debug_ranges   0x00000000      0x5e0
 .debug_ranges  0x00000000       0x18 src/ASF/sam0/drivers/wdt/wdt.o
 .debug_ranges  0x00000018       0x30 src/ASF/sam0/drivers/wdt/wdt_callback.o
 .debug_ranges  0x00000048       0x60 src/ASF/sam0/drivers/tc/tc_interrupt.o
 .debug_ranges  0x000000a8       0x48 src/ASF/sam0/drivers/events/events_hooks.o
 .debug_ranges  0x000000f0       0xa0 src/ASF/sam0/drivers/events/events_sam_d_r_h/events.o
 .debug_ranges  0x00000190       0x10 src/ASF/sam0/drivers/bod/bod_sam_d_r_h/bod.o
 .debug_ranges  0x000001a0       0x50 src/ASF/sam0/drivers/sercom/sercom.o
 .debug_ranges  0x000001f0       0x30 src/SERCOM_USART.o
 .debug_ranges  0x00000220      0x100 src/ASF/sam0/drivers/sercom/usart/usart.o
 .debug_ranges  0x00000320       0x60 src/ASF/sam0/drivers/sercom/usart/usart_interrupt.o
 .debug_ranges  0x00000380       0x50 src/ASF/sam0/drivers/sercom/sercom_interrupt.o
 .debug_ranges  0x000003d0       0x40 src/DC_peripherals.o
 .debug_ranges  0x00000410       0x50 src/ASF/common2/services/delay/sam0/systick_counter.o
 .debug_ranges  0x00000460       0x10 src/ASF/common2/boards/user_board/init.o
 .debug_ranges  0x00000470       0x18 src/ASF/common/utils/interrupt/interrupt_sam_nvic.o
 .debug_ranges  0x00000488       0x60 src/ASF/sam0/drivers/system/clock/clock_samd20/clock.o
 .debug_ranges  0x000004e8       0x88 src/ASF/sam0/drivers/system/clock/clock_samd20/gclk.o
 .debug_ranges  0x00000570       0x28 src/ASF/sam0/drivers/system/pinmux/pinmux.o
 .debug_ranges  0x00000598       0x18 src/ASF/sam0/drivers/system/system.o
 .debug_ranges  0x000005b0       0x18 src/ASF/sam0/utils/cmsis/samd20/source/gcc/startup_samd20.o
 .debug_ranges  0x000005c8       0x18 src/main.o

.debug_macro    0x00000000     0x75a7
 .debug_macro   0x00000000      0x503 src/ASF/sam0/drivers/wdt/wdt.o
 .debug_macro   0x00000503       0x16 src/ASF/sam0/drivers/wdt/wdt.o
 .debug_macro   0x00000519      0x51c src/ASF/sam0/drivers/wdt/wdt_callback.o
 .debug_macro   0x00000a35      0x512 src/ASF/sam0/drivers/tc/tc_interrupt.o
 .debug_macro   0x00000f47      0x4f4 src/ASF/sam0/drivers/events/events_hooks.o
 .debug_macro   0x0000143b       0x27 src/ASF/sam0/drivers/events/events_hooks.o
 .debug_macro   0x00001462      0x522 src/ASF/sam0/drivers/events/events_sam_d_r_h/events.o
 .debug_macro   0x00001984      0x4b8 src/ASF/sam0/drivers/bod/bod_sam_d_r_h/bod.o
 .debug_macro   0x00001e3c      0x532 src/ASF/sam0/drivers/sercom/sercom.o
 .debug_macro   0x0000236e       0xb2 src/ASF/sam0/drivers/sercom/sercom.o
 .debug_macro   0x00002420       0x10 src/ASF/sam0/drivers/sercom/sercom.o
 .debug_macro   0x00002430      0x68f src/SERCOM_USART.o
 .debug_macro   0x00002abf       0xd0 src/SERCOM_USART.o
 .debug_macro   0x00002b8f       0x16 src/SERCOM_USART.o
 .debug_macro   0x00002ba5       0x16 src/SERCOM_USART.o
 .debug_macro   0x00002bbb      0x2c3 src/SERCOM_USART.o
 .debug_macro   0x00002e7e       0x12 src/SERCOM_USART.o
 .debug_macro   0x00002e90       0x1f src/SERCOM_USART.o
 .debug_macro   0x00002eaf       0x6c src/SERCOM_USART.o
 .debug_macro   0x00002f1b       0x16 src/SERCOM_USART.o
 .debug_macro   0x00002f31       0xb2 src/SERCOM_USART.o
 .debug_macro   0x00002fe3       0x34 src/SERCOM_USART.o
 .debug_macro   0x00003017      0x543 src/ASF/sam0/drivers/sercom/usart/usart.o
 .debug_macro   0x0000355a       0x19 src/ASF/sam0/drivers/sercom/usart/usart.o
 .debug_macro   0x00003573      0x543 src/ASF/sam0/drivers/sercom/usart/usart_interrupt.o
 .debug_macro   0x00003ab6      0x52f src/ASF/sam0/drivers/sercom/sercom_interrupt.o
 .debug_macro   0x00003fe5      0x687 src/DC_peripherals.o
 .debug_macro   0x0000466c      0x4e0 src/ASF/common2/services/delay/sam0/systick_counter.o
 .debug_macro   0x00004b4c      0x628 src/ASF/common2/boards/user_board/init.o
 .debug_macro   0x00005174      0x4a4 src/ASF/common/utils/interrupt/interrupt_sam_nvic.o
 .debug_macro   0x00005618      0x5b9 src/ASF/sam0/drivers/system/clock/clock_samd20/clock.o
 .debug_macro   0x00005bd1      0x213 src/ASF/sam0/drivers/system/clock/clock_samd20/clock.o
 .debug_macro   0x00005de4      0x4db src/ASF/sam0/drivers/system/clock/clock_samd20/gclk.o
 .debug_macro   0x000062bf      0x4b6 src/ASF/sam0/drivers/system/pinmux/pinmux.o
 .debug_macro   0x00006775      0x4e8 src/ASF/sam0/drivers/system/system.o
 .debug_macro   0x00006c5d      0x28b src/ASF/sam0/utils/cmsis/samd20/source/gcc/startup_samd20.o
 .debug_macro   0x00006ee8       0x3a src/ASF/sam0/utils/cmsis/samd20/source/gcc/startup_samd20.o
 .debug_macro   0x00006f22      0x685 src/main.o

.debug_line     0x00000000     0xe65b
 .debug_line    0x00000000      0xa4f src/ASF/sam0/drivers/wdt/wdt.o
 .debug_line    0x00000a4f      0xab6 src/ASF/sam0/drivers/wdt/wdt_callback.o
 .debug_line    0x00001505      0xa60 src/ASF/sam0/drivers/tc/tc_interrupt.o
 .debug_line    0x00001f65      0x9ed src/ASF/sam0/drivers/events/events_hooks.o
 .debug_line    0x00002952      0xbf3 src/ASF/sam0/drivers/events/events_sam_d_r_h/events.o
 .debug_line    0x00003545      0x886 src/ASF/sam0/drivers/bod/bod_sam_d_r_h/bod.o
 .debug_line    0x00003dcb      0xb5e src/ASF/sam0/drivers/sercom/sercom.o
 .debug_line    0x00004929      0xe4f src/SERCOM_USART.o
 .debug_line    0x00005778      0xc7e src/ASF/sam0/drivers/sercom/usart/usart.o
 .debug_line    0x000063f6      0xc35 src/ASF/sam0/drivers/sercom/usart/usart_interrupt.o
 .debug_line    0x0000702b      0xb02 src/ASF/sam0/drivers/sercom/sercom_interrupt.o
 .debug_line    0x00007b2d      0xeaa src/DC_peripherals.o
 .debug_line    0x000089d7      0x94f src/ASF/common2/services/delay/sam0/systick_counter.o
 .debug_line    0x00009326      0xd3c src/ASF/common2/boards/user_board/init.o
 .debug_line    0x0000a062      0x863 src/ASF/common/utils/interrupt/interrupt_sam_nvic.o
 .debug_line    0x0000a8c5      0xba5 src/ASF/sam0/drivers/system/clock/clock_samd20/clock.o
 .debug_line    0x0000b46a      0xc01 src/ASF/sam0/drivers/system/clock/clock_samd20/gclk.o
 .debug_line    0x0000c06b      0x8c0 src/ASF/sam0/drivers/system/pinmux/pinmux.o
 .debug_line    0x0000c92b      0x97c src/ASF/sam0/drivers/system/system.o
 .debug_line    0x0000d2a7      0x5dc src/ASF/sam0/utils/cmsis/samd20/source/gcc/startup_samd20.o
 .debug_line    0x0000d883      0xdd8 src/main.o

.debug_str      0x00000000    0x6077e
 .debug_str     0x00000000    0x58f68 src/ASF/sam0/drivers/wdt/wdt.o
                              0x594ad (size before relaxing)
 .debug_str     0x00058f68      0x78b src/ASF/sam0/drivers/wdt/wdt_callback.o
                              0x596ca (size before relaxing)
 .debug_str     0x000596f3      0x723 src/ASF/sam0/drivers/tc/tc_interrupt.o
                              0x5987f (size before relaxing)
 .debug_str     0x00059e16      0x53f src/ASF/sam0/drivers/events/events_hooks.o
                              0x59825 (size before relaxing)
 .debug_str     0x0005a355      0x33b src/ASF/sam0/drivers/events/events_sam_d_r_h/events.o
                              0x59bac (size before relaxing)
 .debug_str     0x0005a690      0x52c src/ASF/sam0/drivers/bod/bod_sam_d_r_h/bod.o
                              0x592e7 (size before relaxing)
 .debug_str     0x0005abbc      0xd63 src/ASF/sam0/drivers/sercom/sercom.o
                              0x5a04f (size before relaxing)
 .debug_str     0x0005b91f     0x17af src/SERCOM_USART.o
                              0x5bc17 (size before relaxing)
 .debug_str     0x0005d0ce      0x4b9 src/ASF/sam0/drivers/sercom/usart/usart.o
                              0x5aa4f (size before relaxing)
 .debug_str     0x0005d587      0x14e src/ASF/sam0/drivers/sercom/usart/usart_interrupt.o
                              0x59eed (size before relaxing)
 .debug_str     0x0005d6d5      0x158 src/ASF/sam0/drivers/sercom/sercom_interrupt.o
                              0x59e88 (size before relaxing)
 .debug_str     0x0005d82d      0x4d3 src/DC_peripherals.o
                              0x5c44a (size before relaxing)
 .debug_str     0x0005dd00       0x82 src/ASF/common2/services/delay/sam0/systick_counter.o
                              0x58d1b (size before relaxing)
 .debug_str     0x0005dd82       0x3e src/ASF/common2/boards/user_board/init.o
                              0x5a45b (size before relaxing)
 .debug_str     0x0005ddc0       0x53 src/ASF/common/utils/interrupt/interrupt_sam_nvic.o
                              0x58b26 (size before relaxing)
 .debug_str     0x0005de13     0x22bd src/ASF/sam0/drivers/system/clock/clock_samd20/clock.o
                              0x5bd62 (size before relaxing)
 .debug_str     0x000600d0      0x1ba src/ASF/sam0/drivers/system/clock/clock_samd20/gclk.o
                              0x59759 (size before relaxing)
 .debug_str     0x0006028a      0x118 src/ASF/sam0/drivers/system/pinmux/pinmux.o
                              0x58f1d (size before relaxing)
 .debug_str     0x000603a2       0x47 src/ASF/sam0/drivers/system/system.o
                              0x58bc2 (size before relaxing)
 .debug_str     0x000603e9      0x362 src/ASF/sam0/utils/cmsis/samd20/source/gcc/startup_samd20.o
                              0x4336f (size before relaxing)
 .debug_str     0x0006074b       0x33 src/main.o
                              0x5b41e (size before relaxing)

.debug_frame    0x00000000      0xd0c
 .debug_frame   0x00000000       0x3c src/ASF/sam0/drivers/wdt/wdt.o
 .debug_frame   0x0000003c       0x68 src/ASF/sam0/drivers/wdt/wdt_callback.o
 .debug_frame   0x000000a4      0x10c src/ASF/sam0/drivers/tc/tc_interrupt.o
 .debug_frame   0x000001b0       0xb8 src/ASF/sam0/drivers/events/events_hooks.o
 .debug_frame   0x00000268      0x120 src/ASF/sam0/drivers/events/events_sam_d_r_h/events.o
 .debug_frame   0x00000388       0x28 src/ASF/sam0/drivers/bod/bod_sam_d_r_h/bod.o
 .debug_frame   0x000003b0       0xbc src/ASF/sam0/drivers/sercom/sercom.o
 .debug_frame   0x0000046c       0x88 src/SERCOM_USART.o
 .debug_frame   0x000004f4       0xac src/ASF/sam0/drivers/sercom/usart/usart.o
 .debug_frame   0x000005a0      0x110 src/ASF/sam0/drivers/sercom/usart/usart_interrupt.o
 .debug_frame   0x000006b0       0xe8 src/ASF/sam0/drivers/sercom/sercom_interrupt.o
 .debug_frame   0x00000798       0xa8 src/DC_peripherals.o
 .debug_frame   0x00000840       0x64 src/ASF/common2/services/delay/sam0/systick_counter.o
 .debug_frame   0x000008a4       0x20 src/ASF/common2/boards/user_board/init.o
 .debug_frame   0x000008c4       0x30 src/ASF/common/utils/interrupt/interrupt_sam_nvic.o
 .debug_frame   0x000008f4      0x12c src/ASF/sam0/drivers/system/clock/clock_samd20/clock.o
 .debug_frame   0x00000a20      0x148 src/ASF/sam0/drivers/system/clock/clock_samd20/gclk.o
 .debug_frame   0x00000b68       0x74 src/ASF/sam0/drivers/system/pinmux/pinmux.o
 .debug_frame   0x00000bdc       0x38 src/ASF/sam0/drivers/system/system.o
 .debug_frame   0x00000c14       0x38 src/ASF/sam0/utils/cmsis/samd20/source/gcc/startup_samd20.o
 .debug_frame   0x00000c4c       0x40 src/main.o
 .debug_frame   0x00000c8c       0x20 c:/program files (x86)/atmel/studio/7.0/toolchain/arm/arm-gnu-toolchain/bin/../lib/gcc/arm-none-eabi/6.3.1/thumb/v6-m\libgcc.a(_udivsi3.o)
 .debug_frame   0x00000cac       0x34 c:/program files (x86)/atmel/studio/7.0/toolchain/arm/arm-gnu-toolchain/bin/../lib/gcc/arm-none-eabi/6.3.1/thumb/v6-m\libgcc.a(_muldi3.o)
 .debug_frame   0x00000ce0       0x2c c:/program files (x86)/atmel/studio/7.0/toolchain/arm/arm-gnu-toolchain/bin/../lib/gcc/arm-none-eabi/6.3.1/../../../../arm-none-eabi/lib/thumb/v6-m\libc_nano.a(lib_a-init.o)

Cross Reference Table

Symbol                                            File
AC_Handler                                        src/ASF/sam0/utils/cmsis/samd20/source/gcc/startup_samd20.o
ADC_Handler                                       src/ASF/sam0/utils/cmsis/samd20/source/gcc/startup_samd20.o
Clear_Sleep_Timer                                 src/main.o
DAC_Handler                                       src/ASF/sam0/utils/cmsis/samd20/source/gcc/startup_samd20.o
Dummy_Handler                                     src/ASF/sam0/utils/cmsis/samd20/source/gcc/startup_samd20.o
EIC_Handler                                       src/ASF/sam0/utils/cmsis/samd20/source/gcc/startup_samd20.o
EVSYS_Handler                                     src/ASF/sam0/drivers/events/events_hooks.o
HardFault_Handler                                 src/ASF/sam0/utils/cmsis/samd20/source/gcc/startup_samd20.o
NMI_Handler                                       src/ASF/sam0/utils/cmsis/samd20/source/gcc/startup_samd20.o
NVMCTRL_Handler                                   src/ASF/sam0/utils/cmsis/samd20/source/gcc/startup_samd20.o
PM_Handler                                        src/ASF/sam0/utils/cmsis/samd20/source/gcc/startup_samd20.o
PTC_Handler                                       src/ASF/sam0/utils/cmsis/samd20/source/gcc/startup_samd20.o
PendSV_Handler                                    src/ASF/sam0/utils/cmsis/samd20/source/gcc/startup_samd20.o
RTC_Handler                                       src/ASF/sam0/utils/cmsis/samd20/source/gcc/startup_samd20.o
Reset_Handler                                     src/ASF/sam0/utils/cmsis/samd20/source/gcc/startup_samd20.o
SERCOM0_Handler                                   src/ASF/sam0/drivers/sercom/sercom_interrupt.o
SERCOM1_Handler                                   src/ASF/sam0/drivers/sercom/sercom_interrupt.o
SERCOM2_Handler                                   src/ASF/sam0/drivers/sercom/sercom_interrupt.o
SERCOM3_Handler                                   src/ASF/sam0/drivers/sercom/sercom_interrupt.o
SERCOM4_Handler                                   src/ASF/sam0/drivers/sercom/sercom_interrupt.o
SERCOM5_Handler                                   src/ASF/sam0/drivers/sercom/sercom_interrupt.o
SVC_Handler                                       src/ASF/sam0/utils/cmsis/samd20/source/gcc/startup_samd20.o
SYSCTRL_Handler                                   src/ASF/sam0/utils/cmsis/samd20/source/gcc/startup_samd20.o
SysTick_Handler                                   src/DC_peripherals.o
SystemCoreClock                                   src/ASF/sam0/utils/cmsis/samd20/source/system_samd20.o
SystemCoreClockUpdate                             src/ASF/sam0/utils/cmsis/samd20/source/system_samd20.o
SystemInit                                        src/ASF/sam0/utils/cmsis/samd20/source/system_samd20.o
TC0_Handler                                       src/ASF/sam0/drivers/tc/tc_interrupt.o
TC1_Handler                                       src/ASF/sam0/drivers/tc/tc_interrupt.o
TC2_Handler                                       src/ASF/sam0/drivers/tc/tc_interrupt.o
TC3_Handler                                       src/ASF/sam0/drivers/tc/tc_interrupt.o
TC4_Handler                                       src/ASF/sam0/drivers/tc/tc_interrupt.o
TC5_Handler                                       src/ASF/sam0/drivers/tc/tc_interrupt.o
TC6_Handler                                       src/ASF/sam0/drivers/tc/tc_interrupt.o
TC7_Handler                                       src/ASF/sam0/drivers/tc/tc_interrupt.o
UART_Continuous                                   src/SERCOM_USART.o
USART_data_available                              src/main.o
                                                  src/DC_peripherals.o
                                                  src/DC_Motors.o
                                                  src/SERCOM_USART.o
WDT_Handler                                       src/ASF/sam0/drivers/wdt/wdt_callback.o
_Jv_RegisterClasses                               c:/program files (x86)/atmel/studio/7.0/toolchain/arm/arm-gnu-toolchain/bin/../lib/gcc/arm-none-eabi/6.3.1/thumb/v6-m/crtbegin.o
__aeabi_idiv0                                     c:/program files (x86)/atmel/studio/7.0/toolchain/arm/arm-gnu-toolchain/bin/../lib/gcc/arm-none-eabi/6.3.1/thumb/v6-m\libgcc.a(_dvmd_tls.o)
                                                  c:/program files (x86)/atmel/studio/7.0/toolchain/arm/arm-gnu-toolchain/bin/../lib/gcc/arm-none-eabi/6.3.1/thumb/v6-m\libgcc.a(_udivsi3.o)
__aeabi_ldiv0                                     c:/program files (x86)/atmel/studio/7.0/toolchain/arm/arm-gnu-toolchain/bin/../lib/gcc/arm-none-eabi/6.3.1/thumb/v6-m\libgcc.a(_dvmd_tls.o)
__aeabi_lmul                                      c:/program files (x86)/atmel/studio/7.0/toolchain/arm/arm-gnu-toolchain/bin/../lib/gcc/arm-none-eabi/6.3.1/thumb/v6-m\libgcc.a(_muldi3.o)
                                                  src/ASF/sam0/drivers/sercom/sercom.o
__aeabi_uidiv                                     c:/program files (x86)/atmel/studio/7.0/toolchain/arm/arm-gnu-toolchain/bin/../lib/gcc/arm-none-eabi/6.3.1/thumb/v6-m\libgcc.a(_udivsi3.o)
                                                  src/ASF/sam0/drivers/system/clock/clock_samd20/gclk.o
                                                  src/ASF/common2/services/delay/sam0/systick_counter.o
__aeabi_uidivmod                                  c:/program files (x86)/atmel/studio/7.0/toolchain/arm/arm-gnu-toolchain/bin/../lib/gcc/arm-none-eabi/6.3.1/thumb/v6-m\libgcc.a(_udivsi3.o)
__bss_end__                                       c:/program files (x86)/atmel/studio/7.0/toolchain/arm/arm-gnu-toolchain/bin/../lib/gcc/arm-none-eabi/6.3.1/../../../../arm-none-eabi/lib/thumb/v6-m/crt0.o
__bss_start__                                     c:/program files (x86)/atmel/studio/7.0/toolchain/arm/arm-gnu-toolchain/bin/../lib/gcc/arm-none-eabi/6.3.1/../../../../arm-none-eabi/lib/thumb/v6-m/crt0.o
__call_exitprocs                                  c:/program files (x86)/atmel/studio/7.0/toolchain/arm/arm-gnu-toolchain/bin/../lib/gcc/arm-none-eabi/6.3.1/../../../../arm-none-eabi/lib/thumb/v6-m\libc_nano.a(lib_a-exit.o)
__deregister_frame_info                           c:/program files (x86)/atmel/studio/7.0/toolchain/arm/arm-gnu-toolchain/bin/../lib/gcc/arm-none-eabi/6.3.1/thumb/v6-m/crtbegin.o
__dso_handle                                      c:/program files (x86)/atmel/studio/7.0/toolchain/arm/arm-gnu-toolchain/bin/../lib/gcc/arm-none-eabi/6.3.1/thumb/v6-m/crtbegin.o
__init_array_end                                  c:/program files (x86)/atmel/studio/7.0/toolchain/arm/arm-gnu-toolchain/bin/../lib/gcc/arm-none-eabi/6.3.1/../../../../arm-none-eabi/lib/thumb/v6-m\libc_nano.a(lib_a-init.o)
__init_array_start                                c:/program files (x86)/atmel/studio/7.0/toolchain/arm/arm-gnu-toolchain/bin/../lib/gcc/arm-none-eabi/6.3.1/../../../../arm-none-eabi/lib/thumb/v6-m\libc_nano.a(lib_a-init.o)
__libc_fini_array                                 c:/program files (x86)/atmel/studio/7.0/toolchain/arm/arm-gnu-toolchain/bin/../lib/gcc/arm-none-eabi/6.3.1/../../../../arm-none-eabi/lib/thumb/v6-m/crt0.o
__libc_init_array                                 c:/program files (x86)/atmel/studio/7.0/toolchain/arm/arm-gnu-toolchain/bin/../lib/gcc/arm-none-eabi/6.3.1/../../../../arm-none-eabi/lib/thumb/v6-m\libc_nano.a(lib_a-init.o)
                                                  src/ASF/sam0/utils/cmsis/samd20/source/gcc/startup_samd20.o
                                                  c:/program files (x86)/atmel/studio/7.0/toolchain/arm/arm-gnu-toolchain/bin/../lib/gcc/arm-none-eabi/6.3.1/../../../../arm-none-eabi/lib/thumb/v6-m/crt0.o
__muldi3                                          c:/program files (x86)/atmel/studio/7.0/toolchain/arm/arm-gnu-toolchain/bin/../lib/gcc/arm-none-eabi/6.3.1/thumb/v6-m\libgcc.a(_muldi3.o)
__preinit_array_end                               c:/program files (x86)/atmel/studio/7.0/toolchain/arm/arm-gnu-toolchain/bin/../lib/gcc/arm-none-eabi/6.3.1/../../../../arm-none-eabi/lib/thumb/v6-m\libc_nano.a(lib_a-init.o)
__preinit_array_start                             c:/program files (x86)/atmel/studio/7.0/toolchain/arm/arm-gnu-toolchain/bin/../lib/gcc/arm-none-eabi/6.3.1/../../../../arm-none-eabi/lib/thumb/v6-m\libc_nano.a(lib_a-init.o)
__register_frame_info                             c:/program files (x86)/atmel/studio/7.0/toolchain/arm/arm-gnu-toolchain/bin/../lib/gcc/arm-none-eabi/6.3.1/thumb/v6-m/crtbegin.o
__sf_fake_stderr                                  c:/program files (x86)/atmel/studio/7.0/toolchain/arm/arm-gnu-toolchain/bin/../lib/gcc/arm-none-eabi/6.3.1/../../../../arm-none-eabi/lib/thumb/v6-m\libc_nano.a(lib_a-impure.o)
__sf_fake_stdin                                   c:/program files (x86)/atmel/studio/7.0/toolchain/arm/arm-gnu-toolchain/bin/../lib/gcc/arm-none-eabi/6.3.1/../../../../arm-none-eabi/lib/thumb/v6-m\libc_nano.a(lib_a-impure.o)
__sf_fake_stdout                                  c:/program files (x86)/atmel/studio/7.0/toolchain/arm/arm-gnu-toolchain/bin/../lib/gcc/arm-none-eabi/6.3.1/../../../../arm-none-eabi/lib/thumb/v6-m\libc_nano.a(lib_a-impure.o)
__stack                                           c:/program files (x86)/atmel/studio/7.0/toolchain/arm/arm-gnu-toolchain/bin/../lib/gcc/arm-none-eabi/6.3.1/../../../../arm-none-eabi/lib/thumb/v6-m/crt0.o
__udivsi3                                         c:/program files (x86)/atmel/studio/7.0/toolchain/arm/arm-gnu-toolchain/bin/../lib/gcc/arm-none-eabi/6.3.1/thumb/v6-m\libgcc.a(_udivsi3.o)
_close                                            src/ASF/sam0/utils/syscalls/gcc/syscalls.o
_end                                              src/ASF/sam0/utils/syscalls/gcc/syscalls.o
_erelocate                                        src/ASF/sam0/utils/cmsis/samd20/source/gcc/startup_samd20.o
_estack                                           src/ASF/sam0/utils/cmsis/samd20/source/gcc/startup_samd20.o
_etext                                            src/ASF/sam0/utils/cmsis/samd20/source/gcc/startup_samd20.o
_events_find_bit_position                         src/ASF/sam0/drivers/events/events_sam_d_r_h/events.o
                                                  src/ASF/sam0/drivers/events/events_hooks.o
_events_inst                                      src/ASF/sam0/drivers/events/events_sam_d_r_h/events.o
                                                  src/ASF/sam0/drivers/events/events_hooks.o
_exit                                             src/ASF/sam0/utils/syscalls/gcc/syscalls.o
                                                  c:/program files (x86)/atmel/studio/7.0/toolchain/arm/arm-gnu-toolchain/bin/../lib/gcc/arm-none-eabi/6.3.1/../../../../arm-none-eabi/lib/thumb/v6-m\libc_nano.a(lib_a-exit.o)
_ezero                                            src/ASF/sam0/utils/cmsis/samd20/source/gcc/startup_samd20.o
_fini                                             c:/program files (x86)/atmel/studio/7.0/toolchain/arm/arm-gnu-toolchain/bin/../lib/gcc/arm-none-eabi/6.3.1/thumb/v6-m/crti.o
_fstat                                            src/ASF/sam0/utils/syscalls/gcc/syscalls.o
_getpid                                           src/ASF/sam0/utils/syscalls/gcc/syscalls.o
_global_impure_ptr                                c:/program files (x86)/atmel/studio/7.0/toolchain/arm/arm-gnu-toolchain/bin/../lib/gcc/arm-none-eabi/6.3.1/../../../../arm-none-eabi/lib/thumb/v6-m\libc_nano.a(lib_a-impure.o)
                                                  c:/program files (x86)/atmel/studio/7.0/toolchain/arm/arm-gnu-toolchain/bin/../lib/gcc/arm-none-eabi/6.3.1/../../../../arm-none-eabi/lib/thumb/v6-m\libc_nano.a(lib_a-exit.o)
_impure_ptr                                       c:/program files (x86)/atmel/studio/7.0/toolchain/arm/arm-gnu-toolchain/bin/../lib/gcc/arm-none-eabi/6.3.1/../../../../arm-none-eabi/lib/thumb/v6-m\libc_nano.a(lib_a-impure.o)
_init                                             c:/program files (x86)/atmel/studio/7.0/toolchain/arm/arm-gnu-toolchain/bin/../lib/gcc/arm-none-eabi/6.3.1/thumb/v6-m/crti.o
                                                  c:/program files (x86)/atmel/studio/7.0/toolchain/arm/arm-gnu-toolchain/bin/../lib/gcc/arm-none-eabi/6.3.1/../../../../arm-none-eabi/lib/thumb/v6-m\libc_nano.a(lib_a-init.o)
_isatty                                           src/ASF/sam0/utils/syscalls/gcc/syscalls.o
_kill                                             src/ASF/sam0/utils/syscalls/gcc/syscalls.o
_lseek                                            src/ASF/sam0/utils/syscalls/gcc/syscalls.o
_mainCRTStartup                                   c:/program files (x86)/atmel/studio/7.0/toolchain/arm/arm-gnu-toolchain/bin/../lib/gcc/arm-none-eabi/6.3.1/../../../../arm-none-eabi/lib/thumb/v6-m/crt0.o
_sbrk                                             src/ASF/sam0/utils/syscalls/gcc/syscalls.o
_sercom_get_async_baud_val                        src/ASF/sam0/drivers/sercom/sercom.o
                                                  src/ASF/sam0/drivers/sercom/usart/usart.o
_sercom_get_default_pad                           src/ASF/sam0/drivers/sercom/sercom.o
                                                  src/ASF/sam0/drivers/sercom/usart/usart.o
_sercom_get_interrupt_vector                      src/ASF/sam0/drivers/sercom/sercom_interrupt.o
                                                  src/SERCOM_USART.o
_sercom_get_sercom_inst_index                     src/ASF/sam0/drivers/sercom/sercom.o
                                                  src/ASF/sam0/drivers/sercom/sercom_interrupt.o
                                                  src/ASF/sam0/drivers/sercom/usart/usart.o
_sercom_get_sync_baud_val                         src/ASF/sam0/drivers/sercom/sercom.o
                                                  src/ASF/sam0/drivers/sercom/usart/usart.o
_sercom_instances                                 src/ASF/sam0/drivers/sercom/sercom_interrupt.o
                                                  src/ASF/sam0/drivers/sercom/usart/usart_interrupt.o
                                                  src/ASF/sam0/drivers/sercom/usart/usart.o
_sercom_set_handler                               src/ASF/sam0/drivers/sercom/sercom_interrupt.o
                                                  src/ASF/sam0/drivers/sercom/usart/usart.o
_sfixed                                           src/ASF/sam0/utils/cmsis/samd20/source/gcc/startup_samd20.o
_srelocate                                        src/ASF/sam0/utils/cmsis/samd20/source/gcc/startup_samd20.o
_start                                            c:/program files (x86)/atmel/studio/7.0/toolchain/arm/arm-gnu-toolchain/bin/../lib/gcc/arm-none-eabi/6.3.1/../../../../arm-none-eabi/lib/thumb/v6-m/crt0.o
_system_divas_init                                src/ASF/sam0/drivers/system/system.o
_system_dummy_init                                src/ASF/sam0/drivers/system/system.o
_system_events_init                               src/ASF/sam0/drivers/events/events_sam_d_r_h/events.o
_system_extint_init                               src/ASF/sam0/drivers/system/system.o
_szero                                            src/ASF/sam0/utils/cmsis/samd20/source/gcc/startup_samd20.o
_tc_get_inst_index                                src/ASF/sam0/drivers/tc/tc_sam_d_r_h/tc.o
_tc_instances                                     src/ASF/sam0/drivers/tc/tc_interrupt.o
                                                  src/ASF/sam0/drivers/tc/tc_sam_d_r_h/tc.o
_tc_interrupt_handler                             src/ASF/sam0/drivers/tc/tc_interrupt.o
_usart_interrupt_handler                          src/ASF/sam0/drivers/sercom/usart/usart_interrupt.o
                                                  src/ASF/sam0/drivers/sercom/usart/usart.o
_usart_read_buffer                                src/ASF/sam0/drivers/sercom/usart/usart_interrupt.o
_usart_write_buffer                               src/ASF/sam0/drivers/sercom/usart/usart_interrupt.o
atexit                                            c:/program files (x86)/atmel/studio/7.0/toolchain/arm/arm-gnu-toolchain/bin/../lib/gcc/arm-none-eabi/6.3.1/../../../../arm-none-eabi/lib/thumb/v6-m/crt0.o
board_init                                        src/ASF/common2/boards/user_board/init.o
bod_set_config                                    src/ASF/sam0/drivers/bod/bod_sam_d_r_h/bod.o
                                                  src/DC_peripherals.o
ch_buffer                                         src/main.o
                                                  src/DC_peripherals.o
                                                  src/DC_Motors.o
                                                  src/SERCOM_USART.o
configMotors                                      src/DC_Motors.o
config_BOD                                        src/DC_peripherals.o
config_GCLK                                       src/DC_peripherals.o
config_UART                                       src/SERCOM_USART.o
                                                  src/DC_peripherals.o
config_UART_Callback                              src/SERCOM_USART.o
                                                  src/DC_peripherals.o
config_WDT                                        src/DC_peripherals.o
config_WDT_Callback                               src/DC_peripherals.o
cpu_irq_enter_critical                            src/ASF/common/utils/interrupt/interrupt_sam_nvic.o
                                                  src/ASF/sam0/drivers/system/clock/clock_samd20/gclk.o
                                                  src/ASF/sam0/drivers/sercom/usart/usart_interrupt.o
                                                  src/ASF/sam0/drivers/events/events_sam_d_r_h/events.o
cpu_irq_leave_critical                            src/ASF/common/utils/interrupt/interrupt_sam_nvic.o
                                                  src/ASF/sam0/drivers/system/clock/clock_samd20/gclk.o
                                                  src/ASF/sam0/drivers/sercom/usart/usart_interrupt.o
                                                  src/ASF/sam0/drivers/events/events_sam_d_r_h/events.o
delay_cycles_ms                                   src/ASF/common2/services/delay/sam0/systick_counter.o
                                                  src/main.o
delay_cycles_us                                   src/ASF/common2/services/delay/sam0/systick_counter.o
delay_init                                        src/ASF/common2/services/delay/sam0/systick_counter.o
                                                  src/DC_peripherals.o
events_ack_interrupt                              src/ASF/sam0/drivers/events/events_hooks.o
events_add_hook                                   src/ASF/sam0/drivers/events/events_hooks.o
events_allocate                                   src/ASF/sam0/drivers/events/events_sam_d_r_h/events.o
events_attach_user                                src/ASF/sam0/drivers/events/events_sam_d_r_h/events.o
events_create_hook                                src/ASF/sam0/drivers/events/events_hooks.o
events_del_hook                                   src/ASF/sam0/drivers/events/events_hooks.o
events_detach_user                                src/ASF/sam0/drivers/events/events_sam_d_r_h/events.o
events_disable_interrupt_source                   src/ASF/sam0/drivers/events/events_hooks.o
events_enable_interrupt_source                    src/ASF/sam0/drivers/events/events_hooks.o
events_get_config_defaults                        src/ASF/sam0/drivers/events/events_sam_d_r_h/events.o
events_get_free_channels                          src/ASF/sam0/drivers/events/events_sam_d_r_h/events.o
events_is_busy                                    src/ASF/sam0/drivers/events/events_sam_d_r_h/events.o
events_is_detected                                src/ASF/sam0/drivers/events/events_sam_d_r_h/events.o
events_is_interrupt_set                           src/ASF/sam0/drivers/events/events_hooks.o
events_is_overrun                                 src/ASF/sam0/drivers/events/events_sam_d_r_h/events.o
events_is_users_ready                             src/ASF/sam0/drivers/events/events_sam_d_r_h/events.o
events_release                                    src/ASF/sam0/drivers/events/events_sam_d_r_h/events.o
events_trigger                                    src/ASF/sam0/drivers/events/events_sam_d_r_h/events.o
exception_table                                   src/ASF/sam0/utils/cmsis/samd20/source/gcc/startup_samd20.o
exit                                              c:/program files (x86)/atmel/studio/7.0/toolchain/arm/arm-gnu-toolchain/bin/../lib/gcc/arm-none-eabi/6.3.1/../../../../arm-none-eabi/lib/thumb/v6-m\libc_nano.a(lib_a-exit.o)
                                                  c:/program files (x86)/atmel/studio/7.0/toolchain/arm/arm-gnu-toolchain/bin/../lib/gcc/arm-none-eabi/6.3.1/../../../../arm-none-eabi/lib/thumb/v6-m/crt0.o
g_interrupt_enabled                               src/ASF/common/utils/interrupt/interrupt_sam_nvic.o
                                                  src/DC_peripherals.o
hardware_init_hook                                c:/program files (x86)/atmel/studio/7.0/toolchain/arm/arm-gnu-toolchain/bin/../lib/gcc/arm-none-eabi/6.3.1/../../../../arm-none-eabi/lib/thumb/v6-m/crt0.o
link                                              src/ASF/sam0/utils/syscalls/gcc/syscalls.o
main                                              src/main.o
                                                  src/ASF/sam0/utils/cmsis/samd20/source/gcc/startup_samd20.o
                                                  c:/program files (x86)/atmel/studio/7.0/toolchain/arm/arm-gnu-toolchain/bin/../lib/gcc/arm-none-eabi/6.3.1/../../../../arm-none-eabi/lib/thumb/v6-m/crt0.o
memset                                            c:/program files (x86)/atmel/studio/7.0/toolchain/arm/arm-gnu-toolchain/bin/../lib/gcc/arm-none-eabi/6.3.1/../../../../arm-none-eabi/lib/thumb/v6-m\libc_nano.a(lib_a-memset.o)
                                                  c:/program files (x86)/atmel/studio/7.0/toolchain/arm/arm-gnu-toolchain/bin/../lib/gcc/arm-none-eabi/6.3.1/../../../../arm-none-eabi/lib/thumb/v6-m/crt0.o
port_group_set_config                             src/ASF/sam0/drivers/port/port.o
port_pin_set_config                               src/ASF/sam0/drivers/port/port.o
                                                  src/DC_Motors.o
rx_index                                          src/main.o
                                                  src/DC_peripherals.o
                                                  src/DC_Motors.o
                                                  src/SERCOM_USART.o
sercom_set_gclk_generator                         src/ASF/sam0/drivers/sercom/sercom.o
                                                  src/ASF/sam0/drivers/sercom/usart/usart.o
software_init_hook                                c:/program files (x86)/atmel/studio/7.0/toolchain/arm/arm-gnu-toolchain/bin/../lib/gcc/arm-none-eabi/6.3.1/../../../../arm-none-eabi/lib/thumb/v6-m/crt0.o
start_msg                                         src/SERCOM_USART.o
sys_config                                        src/DC_peripherals.o
                                                  src/main.o
system_board_init                                 src/ASF/common2/boards/user_board/init.o
system_clock_init                                 src/ASF/sam0/drivers/system/clock/clock_samd20/clock.o
system_clock_source_dfll_set_config               src/ASF/sam0/drivers/system/clock/clock_samd20/clock.o
system_clock_source_disable                       src/ASF/sam0/drivers/system/clock/clock_samd20/clock.o
system_clock_source_enable                        src/ASF/sam0/drivers/system/clock/clock_samd20/clock.o
system_clock_source_get_hz                        src/ASF/sam0/drivers/system/clock/clock_samd20/clock.o
                                                  src/ASF/sam0/drivers/system/clock/clock_samd20/gclk.o
system_clock_source_is_ready                      src/ASF/sam0/drivers/system/clock/clock_samd20/clock.o
system_clock_source_osc32k_set_config             src/ASF/sam0/drivers/system/clock/clock_samd20/clock.o
system_clock_source_osc8m_set_config              src/ASF/sam0/drivers/system/clock/clock_samd20/clock.o
system_clock_source_write_calibration             src/ASF/sam0/drivers/system/clock/clock_samd20/clock.o
system_clock_source_xosc32k_set_config            src/ASF/sam0/drivers/system/clock/clock_samd20/clock.o
system_clock_source_xosc_set_config               src/ASF/sam0/drivers/system/clock/clock_samd20/clock.o
system_gclk_chan_disable                          src/ASF/sam0/drivers/system/clock/clock_samd20/gclk.o
system_gclk_chan_enable                           src/ASF/sam0/drivers/system/clock/clock_samd20/gclk.o
                                                  src/ASF/sam0/drivers/sercom/usart/usart.o
                                                  src/ASF/sam0/drivers/sercom/sercom.o
                                                  src/ASF/sam0/drivers/events/events_sam_d_r_h/events.o
                                                  src/ASF/sam0/drivers/wdt/wdt.o
                                                  src/ASF/sam0/drivers/tc/tc_sam_d_r_h/tc.o
system_gclk_chan_get_hz                           src/ASF/sam0/drivers/system/clock/clock_samd20/gclk.o
                                                  src/ASF/sam0/drivers/system/clock/clock_samd20/clock.o
                                                  src/ASF/sam0/drivers/sercom/usart/usart.o
system_gclk_chan_is_enabled                       src/ASF/sam0/drivers/system/clock/clock_samd20/gclk.o
system_gclk_chan_is_locked                        src/ASF/sam0/drivers/system/clock/clock_samd20/gclk.o
system_gclk_chan_lock                             src/ASF/sam0/drivers/system/clock/clock_samd20/gclk.o
                                                  src/ASF/sam0/drivers/wdt/wdt.o
system_gclk_chan_set_config                       src/ASF/sam0/drivers/system/clock/clock_samd20/gclk.o
                                                  src/ASF/sam0/drivers/system/clock/clock_samd20/clock.o
                                                  src/ASF/sam0/drivers/sercom/usart/usart.o
                                                  src/ASF/sam0/drivers/sercom/sercom.o
                                                  src/ASF/sam0/drivers/events/events_sam_d_r_h/events.o
                                                  src/ASF/sam0/drivers/wdt/wdt.o
                                                  src/ASF/sam0/drivers/tc/tc_sam_d_r_h/tc.o
system_gclk_gen_disable                           src/ASF/sam0/drivers/system/clock/clock_samd20/gclk.o
system_gclk_gen_enable                            src/ASF/sam0/drivers/system/clock/clock_samd20/gclk.o
                                                  src/ASF/sam0/drivers/system/clock/clock_samd20/clock.o
                                                  src/DC_peripherals.o
system_gclk_gen_get_hz                            src/ASF/sam0/drivers/system/clock/clock_samd20/gclk.o
                                                  src/ASF/common2/services/delay/sam0/systick_counter.o
                                                  src/DC_peripherals.o
system_gclk_gen_is_enabled                        src/ASF/sam0/drivers/system/clock/clock_samd20/gclk.o
system_gclk_gen_set_config                        src/ASF/sam0/drivers/system/clock/clock_samd20/gclk.o
                                                  src/ASF/sam0/drivers/system/clock/clock_samd20/clock.o
                                                  src/DC_peripherals.o
system_gclk_init                                  src/ASF/sam0/drivers/system/clock/clock_samd20/gclk.o
                                                  src/ASF/sam0/drivers/system/clock/clock_samd20/clock.o
system_init                                       src/ASF/sam0/drivers/system/system.o
                                                  src/main.o
system_interrupt_clear_pending                    src/ASF/sam0/drivers/system/interrupt/system_interrupt.o
system_interrupt_get_priority                     src/ASF/sam0/drivers/system/interrupt/system_interrupt.o
system_interrupt_is_pending                       src/ASF/sam0/drivers/system/interrupt/system_interrupt.o
system_interrupt_set_pending                      src/ASF/sam0/drivers/system/interrupt/system_interrupt.o
system_interrupt_set_priority                     src/ASF/sam0/drivers/system/interrupt/system_interrupt.o
system_pinmux_group_set_config                    src/ASF/sam0/drivers/system/pinmux/pinmux.o
                                                  src/ASF/sam0/drivers/port/port.o
system_pinmux_group_set_input_sample_mode         src/ASF/sam0/drivers/system/pinmux/pinmux.o
system_pinmux_pin_set_config                      src/ASF/sam0/drivers/system/pinmux/pinmux.o
                                                  src/ASF/sam0/drivers/port/port.o
                                                  src/ASF/sam0/drivers/sercom/usart/usart.o
                                                  src/ASF/sam0/drivers/tc/tc_sam_d_r_h/tc.o
tc_get_capture_value                              src/ASF/sam0/drivers/tc/tc_sam_d_r_h/tc.o
tc_get_count_value                                src/ASF/sam0/drivers/tc/tc_sam_d_r_h/tc.o
tc_init                                           src/ASF/sam0/drivers/tc/tc_sam_d_r_h/tc.o
tc_register_callback                              src/ASF/sam0/drivers/tc/tc_interrupt.o
tc_reset                                          src/ASF/sam0/drivers/tc/tc_sam_d_r_h/tc.o
tc_set_compare_value                              src/ASF/sam0/drivers/tc/tc_sam_d_r_h/tc.o
tc_set_count_value                                src/ASF/sam0/drivers/tc/tc_sam_d_r_h/tc.o
tc_set_top_value                                  src/ASF/sam0/drivers/tc/tc_sam_d_r_h/tc.o
tc_unregister_callback                            src/ASF/sam0/drivers/tc/tc_interrupt.o
timer_count                                       src/main.o
tx_rx_buffer                                      src/main.o
                                                  src/DC_peripherals.o
                                                  src/DC_Motors.o
                                                  src/SERCOM_USART.o
usart_abort_job                                   src/ASF/sam0/drivers/sercom/usart/usart_interrupt.o
usart_get_job_status                              src/ASF/sam0/drivers/sercom/usart/usart_interrupt.o
usart_init                                        src/ASF/sam0/drivers/sercom/usart/usart.o
                                                  src/SERCOM_USART.o
usart_instance                                    src/main.o
                                                  src/DC_peripherals.o
                                                  src/DC_Motors.o
                                                  src/SERCOM_USART.o
usart_read_buffer_job                             src/ASF/sam0/drivers/sercom/usart/usart_interrupt.o
                                                  src/main.o
                                                  src/SERCOM_USART.o
usart_read_buffer_wait                            src/ASF/sam0/drivers/sercom/usart/usart.o
usart_read_job                                    src/ASF/sam0/drivers/sercom/usart/usart_interrupt.o
usart_read_wait                                   src/ASF/sam0/drivers/sercom/usart/usart.o
usart_register_callback                           src/ASF/sam0/drivers/sercom/usart/usart_interrupt.o
                                                  src/SERCOM_USART.o
usart_unregister_callback                         src/ASF/sam0/drivers/sercom/usart/usart_interrupt.o
usart_write_buffer_job                            src/ASF/sam0/drivers/sercom/usart/usart_interrupt.o
usart_write_buffer_wait                           src/ASF/sam0/drivers/sercom/usart/usart.o
                                                  src/main.o
usart_write_job                                   src/ASF/sam0/drivers/sercom/usart/usart_interrupt.o
usart_write_wait                                  src/ASF/sam0/drivers/sercom/usart/usart.o
watchdog_early_warning_callback                   src/DC_peripherals.o
wdt_disable_callback                              src/ASF/sam0/drivers/wdt/wdt_callback.o
wdt_early_warning_callback                        src/ASF/sam0/drivers/wdt/wdt_callback.o
wdt_enable_callback                               src/ASF/sam0/drivers/wdt/wdt_callback.o
                                                  src/DC_peripherals.o
wdt_register_callback                             src/ASF/sam0/drivers/wdt/wdt_callback.o
                                                  src/DC_peripherals.o
wdt_reset_count                                   src/ASF/sam0/drivers/wdt/wdt.o
wdt_set_config                                    src/ASF/sam0/drivers/wdt/wdt.o
                                                  src/DC_peripherals.o
wdt_unregister_callback                           src/ASF/sam0/drivers/wdt/wdt_callback.o
