Archive member included to satisfy reference by file (symbol)

c:/program files (x86)/atmel/studio/7.0/toolchain/arm/arm-gnu-toolchain/bin/../lib/gcc/arm-none-eabi/6.3.1/thumb/v6-m\libgcc.a(_udivsi3.o)
                              src/ASF/common2/services/delay/sam0/systick_counter.o (__aeabi_uidiv)
c:/program files (x86)/atmel/studio/7.0/toolchain/arm/arm-gnu-toolchain/bin/../lib/gcc/arm-none-eabi/6.3.1/thumb/v6-m\libgcc.a(_dvmd_tls.o)
                              c:/program files (x86)/atmel/studio/7.0/toolchain/arm/arm-gnu-toolchain/bin/../lib/gcc/arm-none-eabi/6.3.1/thumb/v6-m\libgcc.a(_udivsi3.o) (__aeabi_idiv0)
c:/program files (x86)/atmel/studio/7.0/toolchain/arm/arm-gnu-toolchain/bin/../lib/gcc/arm-none-eabi/6.3.1/thumb/v6-m\libgcc.a(_muldi3.o)
                              src/ASF/sam0/drivers/sercom/sercom.o (__aeabi_lmul)
c:/program files (x86)/atmel/studio/7.0/toolchain/arm/arm-gnu-toolchain/bin/../lib/gcc/arm-none-eabi/6.3.1/../../../../arm-none-eabi/lib/thumb/v6-m\libc_nano.a(lib_a-exit.o)
                              c:/program files (x86)/atmel/studio/7.0/toolchain/arm/arm-gnu-toolchain/bin/../lib/gcc/arm-none-eabi/6.3.1/../../../../arm-none-eabi/lib/thumb/v6-m/crt0.o (exit)
c:/program files (x86)/atmel/studio/7.0/toolchain/arm/arm-gnu-toolchain/bin/../lib/gcc/arm-none-eabi/6.3.1/../../../../arm-none-eabi/lib/thumb/v6-m\libc_nano.a(lib_a-impure.o)
                              c:/program files (x86)/atmel/studio/7.0/toolchain/arm/arm-gnu-toolchain/bin/../lib/gcc/arm-none-eabi/6.3.1/../../../../arm-none-eabi/lib/thumb/v6-m\libc_nano.a(lib_a-exit.o) (_global_impure_ptr)
c:/program files (x86)/atmel/studio/7.0/toolchain/arm/arm-gnu-toolchain/bin/../lib/gcc/arm-none-eabi/6.3.1/../../../../arm-none-eabi/lib/thumb/v6-m\libc_nano.a(lib_a-init.o)
                              c:/program files (x86)/atmel/studio/7.0/toolchain/arm/arm-gnu-toolchain/bin/../lib/gcc/arm-none-eabi/6.3.1/../../../../arm-none-eabi/lib/thumb/v6-m/crt0.o (__libc_init_array)
c:/program files (x86)/atmel/studio/7.0/toolchain/arm/arm-gnu-toolchain/bin/../lib/gcc/arm-none-eabi/6.3.1/../../../../arm-none-eabi/lib/thumb/v6-m\libc_nano.a(lib_a-memset.o)
                              c:/program files (x86)/atmel/studio/7.0/toolchain/arm/arm-gnu-toolchain/bin/../lib/gcc/arm-none-eabi/6.3.1/../../../../arm-none-eabi/lib/thumb/v6-m/crt0.o (memset)

Allocating common symbols
Common symbol       size              file

ch_buffer           0x1               src/Encoder_AMT212C.o
usart_instance      0x24              src/Encoder_AMT212C.o
wdt_early_warning_callback
                    0x4               src/ASF/sam0/drivers/wdt/wdt_callback.o
rx_encIndex         0x2               src/Encoder_AMT212C.o
tx_rx_buffer        0x258             src/Encoder_AMT212C.o
usart_instance_ENC  0x24              src/Encoder_AMT212C.o
config_ENC_usart    0x30              src/Encoder_AMT212C.o
_tc_instances       0x20              src/ASF/sam0/drivers/tc/tc_interrupt.o
_sercom_instances   0x18              src/ASF/sam0/drivers/sercom/sercom_interrupt.o
USART_data_available
                    0x1               src/Encoder_AMT212C.o
rx_index            0x2               src/Encoder_AMT212C.o
timer_count         0x4               src/main.o

Discarded input sections

 .text          0x00000000        0x0 c:/program files (x86)/atmel/studio/7.0/toolchain/arm/arm-gnu-toolchain/bin/../lib/gcc/arm-none-eabi/6.3.1/thumb/v6-m/crti.o
 .data          0x00000000        0x0 c:/program files (x86)/atmel/studio/7.0/toolchain/arm/arm-gnu-toolchain/bin/../lib/gcc/arm-none-eabi/6.3.1/thumb/v6-m/crti.o
 .bss           0x00000000        0x0 c:/program files (x86)/atmel/studio/7.0/toolchain/arm/arm-gnu-toolchain/bin/../lib/gcc/arm-none-eabi/6.3.1/thumb/v6-m/crti.o
 .data          0x00000000        0x4 c:/program files (x86)/atmel/studio/7.0/toolchain/arm/arm-gnu-toolchain/bin/../lib/gcc/arm-none-eabi/6.3.1/thumb/v6-m/crtbegin.o
 .text          0x00000000       0x78 c:/program files (x86)/atmel/studio/7.0/toolchain/arm/arm-gnu-toolchain/bin/../lib/gcc/arm-none-eabi/6.3.1/../../../../arm-none-eabi/lib/thumb/v6-m/crt0.o
 .data          0x00000000        0x0 c:/program files (x86)/atmel/studio/7.0/toolchain/arm/arm-gnu-toolchain/bin/../lib/gcc/arm-none-eabi/6.3.1/../../../../arm-none-eabi/lib/thumb/v6-m/crt0.o
 .bss           0x00000000        0x0 c:/program files (x86)/atmel/studio/7.0/toolchain/arm/arm-gnu-toolchain/bin/../lib/gcc/arm-none-eabi/6.3.1/../../../../arm-none-eabi/lib/thumb/v6-m/crt0.o
 .ARM.extab     0x00000000        0x0 c:/program files (x86)/atmel/studio/7.0/toolchain/arm/arm-gnu-toolchain/bin/../lib/gcc/arm-none-eabi/6.3.1/../../../../arm-none-eabi/lib/thumb/v6-m/crt0.o
 .ARM.exidx     0x00000000        0x8 c:/program files (x86)/atmel/studio/7.0/toolchain/arm/arm-gnu-toolchain/bin/../lib/gcc/arm-none-eabi/6.3.1/../../../../arm-none-eabi/lib/thumb/v6-m/crt0.o
 .ARM.attributes
[...]
Memory Configuration

Name             Origin             Length             Attributes
rom              0x00000000         0x00040000         xr
ram              0x20000000         0x00008000         xrw
*default*        0x00000000         0xffffffff

Linker script and memory map

LOAD c:/program files (x86)/atmel/studio/7.0/toolchain/arm/arm-gnu-toolchain/bin/../lib/gcc/arm-none-eabi/6.3.1/thumb/v6-m/crti.o
LOAD c:/program files (x86)/atmel/studio/7.0/toolchain/arm/arm-gnu-toolchain/bin/../lib/gcc/arm-none-eabi/6.3.1/thumb/v6-m/crtbegin.o
LOAD c:/program files (x86)/atmel/studio/7.0/toolchain/arm/arm-gnu-toolchain/bin/../lib/gcc/arm-none-eabi/6.3.1/../../../../arm-none-eabi/lib/thumb/v6-m/crt0.o
LOAD src/Ascii2Hex.o
LOAD src/ASF/sam0/drivers/tc/tc_sam_d_r_h/tc.o
LOAD src/ASF/sam0/drivers/wdt/wdt.o
LOAD src/ASF/sam0/drivers/wdt/wdt_callback.o
LOAD src/ASF/sam0/drivers/tc/tc_interrupt.o
LOAD src/ASF/sam0/drivers/events/events_hooks.o
LOAD src/ASF/sam0/drivers/events/events_sam_d_r_h/events.o
LOAD src/ASF/sam0/drivers/bod/bod_sam_d_r_h/bod.o
LOAD src/ASF/sam0/drivers/sercom/sercom.o
LOAD src/Encoder_AMT212C.o
LOAD src/SERCOM_USART.o
LOAD src/ASF/sam0/drivers/sercom/usart/usart.o
LOAD src/ASF/sam0/drivers/sercom/usart/usart_interrupt.o
LOAD src/ASF/sam0/drivers/sercom/sercom_interrupt.o
LOAD src/Motors_4118S-04SD.o
LOAD src/GPIO_Peripherals.o
LOAD src/ASF/common2/services/delay/sam0/systick_counter.o
LOAD src/ASF/sam0/drivers/port/port.o
LOAD src/ASF/common2/boards/user_board/init.o
LOAD src/ASF/common/utils/interrupt/interrupt_sam_nvic.o
LOAD src/ASF/sam0/drivers/system/clock/clock_samd20/clock.o
LOAD src/ASF/sam0/drivers/system/clock/clock_samd20/gclk.o
LOAD src/ASF/sam0/drivers/system/interrupt/system_interrupt.o
LOAD src/ASF/sam0/drivers/system/pinmux/pinmux.o
LOAD src/ASF/sam0/drivers/system/system.o
LOAD src/ASF/sam0/utils/cmsis/samd20/source/gcc/startup_samd20.o
LOAD src/ASF/sam0/utils/cmsis/samd20/source/system_samd20.o
LOAD src/ASF/sam0/utils/syscalls/gcc/syscalls.o
LOAD src/main.o
START GROUP
LOAD ../src/ASF/thirdparty/CMSIS/Lib/GCC\libarm_cortexM0l_math.a
LOAD c:/program files (x86)/atmel/studio/7.0/toolchain/arm/arm-gnu-toolchain/bin/../lib/gcc/arm-none-eabi/6.3.1/../../../../arm-none-eabi/lib/thumb/v6-m\libm.a
END GROUP
START GROUP
LOAD c:/program files (x86)/atmel/studio/7.0/toolchain/arm/arm-gnu-toolchain/bin/../lib/gcc/arm-none-eabi/6.3.1/thumb/v6-m\libgcc.a
LOAD c:/program files (x86)/atmel/studio/7.0/toolchain/arm/arm-gnu-toolchain/bin/../lib/gcc/arm-none-eabi/6.3.1/../../../../arm-none-eabi/lib/thumb/v6-m\libc_nano.a
END GROUP
START GROUP
LOAD c:/program files (x86)/atmel/studio/7.0/toolchain/arm/arm-gnu-toolchain/bin/../lib/gcc/arm-none-eabi/6.3.1/thumb/v6-m\libgcc.a
LOAD c:/program files (x86)/atmel/studio/7.0/toolchain/arm/arm-gnu-toolchain/bin/../lib/gcc/arm-none-eabi/6.3.1/../../../../arm-none-eabi/lib/thumb/v6-m\libc_nano.a
END GROUP
LOAD c:/program files (x86)/atmel/studio/7.0/toolchain/arm/arm-gnu-toolchain/bin/../lib/gcc/arm-none-eabi/6.3.1/thumb/v6-m/crtend.o
LOAD c:/program files (x86)/atmel/studio/7.0/toolchain/arm/arm-gnu-toolchain/bin/../lib/gcc/arm-none-eabi/6.3.1/thumb/v6-m/crtn.o
                0x00002000                STACK_SIZE = DEFINED (STACK_SIZE)?STACK_SIZE:DEFINED (__stack_size__)?__stack_size__:0x2000

.text           0x00000000     0x184c
                0x00000000                . = ALIGN (0x4)
                0x00000000                _sfixed = .
 *(.vectors .vectors.*)
 .vectors       0x00000000       0xa4 src/ASF/sam0/utils/cmsis/samd20/source/gcc/startup_samd20.o
                0x00000000                exception_table
 *(.text .text.* .gnu.linkonce.t.*)
 .text          0x000000a4       0x60 c:/program files (x86)/atmel/studio/7.0/toolchain/arm/arm-gnu-toolchain/bin/../lib/gcc/arm-none-eabi/6.3.1/thumb/v6-m/crtbegin.o
 .text.WDT_Handler
                0x00000104       0x1c src/ASF/sam0/drivers/wdt/wdt_callback.o
                0x00000104                WDT_Handler
 .text._tc_interrupt_handler
                0x00000120       0x64 src/ASF/sam0/drivers/tc/tc_interrupt.o
                0x00000120                _tc_interrupt_handler
 .text.TC0_Handler
                0x00000184       0x10 src/ASF/sam0/drivers/tc/tc_interrupt.o
                0x00000184                TC0_Handler
 .text.TC1_Handler
                0x00000194       0x10 src/ASF/sam0/drivers/tc/tc_interrupt.o
                0x00000194                TC1_Handler
 .text.TC2_Handler
                0x000001a4       0x10 src/ASF/sam0/drivers/tc/tc_interrupt.o
                0x000001a4                TC2_Handler
 .text.TC3_Handler
                0x000001b4       0x10 src/ASF/sam0/drivers/tc/tc_interrupt.o
                0x000001b4                TC3_Handler
 .text.TC4_Handler
                0x000001c4       0x10 src/ASF/sam0/drivers/tc/tc_interrupt.o
                0x000001c4                TC4_Handler
 .text.TC5_Handler
                0x000001d4       0x10 src/ASF/sam0/drivers/tc/tc_interrupt.o
                0x000001d4                TC5_Handler
 .text.TC6_Handler
                0x000001e4       0x10 src/ASF/sam0/drivers/tc/tc_interrupt.o
                0x000001e4                TC6_Handler
 .text.TC7_Handler
                0x000001f4       0x10 src/ASF/sam0/drivers/tc/tc_interrupt.o
                0x000001f4                TC7_Handler
 .text.EVSYS_Handler
                0x00000204       0x3c src/ASF/sam0/drivers/events/events_hooks.o
                0x00000204                EVSYS_Handler
 .text._system_events_init
                0x00000240       0x24 src/ASF/sam0/drivers/events/events_sam_d_r_h/events.o
                0x00000240                _system_events_init
 .text.long_division
                0x00000264       0xba src/ASF/sam0/drivers/sercom/sercom.o
 .text._sercom_get_sync_baud_val
                0x0000031e       0x28 src/ASF/sam0/drivers/sercom/sercom.o
                0x0000031e                _sercom_get_sync_baud_val
 *fill*         0x00000346        0x2 
 .text._sercom_get_async_baud_val
                0x00000348       0x94 src/ASF/sam0/drivers/sercom/sercom.o
                0x00000348                _sercom_get_async_baud_val
 .text.sercom_set_gclk_generator
                0x000003dc       0x4c src/ASF/sam0/drivers/sercom/sercom.o
                0x000003dc                sercom_set_gclk_generator
 .text._sercom_get_default_pad
                0x00000428      0x178 src/ASF/sam0/drivers/sercom/sercom.o
                0x00000428                _sercom_get_default_pad
 .text._sercom_get_sercom_inst_index
                0x000005a0       0x38 src/ASF/sam0/drivers/sercom/sercom.o
                0x000005a0                _sercom_get_sercom_inst_index
 .text.usart_write_callback
                0x000005d8        0x4 src/SERCOM_USART.o
                0x000005d8                usart_write_callback
 .text.config_UART
                0x000005dc       0xc0 src/SERCOM_USART.o
                0x000005dc                config_UART
 .text.config_UART_Callback
                0x0000069c       0x5c src/SERCOM_USART.o
                0x0000069c                config_UART_Callback
 .text.UART_Continuous
                0x000006f8       0x1c src/SERCOM_USART.o
                0x000006f8                UART_Continuous
 .text.usart_read_callback
                0x00000714       0x40 src/SERCOM_USART.o
                0x00000714                usart_read_callback
 .text.usart_init
                0x00000754      0x254 src/ASF/sam0/drivers/sercom/usart/usart.o
                0x00000754                usart_init
 .text.usart_write_wait
                0x000009a8       0x2e src/ASF/sam0/drivers/sercom/usart/usart.o
                0x000009a8                usart_write_wait
 *fill*         0x000009d6        0x2 
 .text.usart_write_buffer_wait
                0x000009d8       0xc4 src/ASF/sam0/drivers/sercom/usart/usart.o
                0x000009d8                usart_write_buffer_wait
 .text._usart_read_buffer
                0x00000a9c       0x3c src/ASF/sam0/drivers/sercom/usart/usart_interrupt.o
                0x00000a9c                _usart_read_buffer
 .text.usart_register_callback
                0x00000ad8       0x16 src/ASF/sam0/drivers/sercom/usart/usart_interrupt.o
                0x00000ad8                usart_register_callback
 *fill*         0x00000aee        0x2 
 .text.usart_read_buffer_job
                0x00000af0       0x20 src/ASF/sam0/drivers/sercom/usart/usart_interrupt.o
                0x00000af0                usart_read_buffer_job
 .text._usart_interrupt_handler
                0x00000b10      0x124 src/ASF/sam0/drivers/sercom/usart/usart_interrupt.o
                0x00000b10                _usart_interrupt_handler
 .text._sercom_default_handler
                0x00000c34        0x2 src/ASF/sam0/drivers/sercom/sercom_interrupt.o
 *fill*         0x00000c36        0x2 
 .text._sercom_set_handler
                0x00000c38       0x3c src/ASF/sam0/drivers/sercom/sercom_interrupt.o
                0x00000c38                _sercom_set_handler
 .text._sercom_get_interrupt_vector
                0x00000c74       0x30 src/ASF/sam0/drivers/sercom/sercom_interrupt.o
                0x00000c74                _sercom_get_interrupt_vector
 .text.SERCOM0_Handler
                0x00000ca4       0x10 src/ASF/sam0/drivers/sercom/sercom_interrupt.o
                0x00000ca4                SERCOM0_Handler
 .text.SERCOM1_Handler
                0x00000cb4       0x10 src/ASF/sam0/drivers/sercom/sercom_interrupt.o
                0x00000cb4                SERCOM1_Handler
 .text.SERCOM2_Handler
                0x00000cc4       0x10 src/ASF/sam0/drivers/sercom/sercom_interrupt.o
                0x00000cc4                SERCOM2_Handler
 .text.SERCOM3_Handler
                0x00000cd4       0x10 src/ASF/sam0/drivers/sercom/sercom_interrupt.o
                0x00000cd4                SERCOM3_Handler
 .text.SERCOM4_Handler
                0x00000ce4       0x10 src/ASF/sam0/drivers/sercom/sercom_interrupt.o
                0x00000ce4                SERCOM4_Handler
 .text.SERCOM5_Handler
                0x00000cf4       0x10 src/ASF/sam0/drivers/sercom/sercom_interrupt.o
                0x00000cf4                SERCOM5_Handler
 .text.SysTick_Handler
                0x00000d04        0x2 src/GPIO_Peripherals.o
                0x00000d04                SysTick_Handler
 *fill*         0x00000d06        0x2 
 .text.config_GPIO
                0x00000d08       0x58 src/GPIO_Peripherals.o
                0x00000d08                config_GPIO
 .text.sys_config
                0x00000d60       0x70 src/GPIO_Peripherals.o
                0x00000d60                sys_config
 .text.delay_init
                0x00000dd0       0x40 src/ASF/common2/services/delay/sam0/systick_counter.o
                0x00000dd0                delay_init
 .text.delay_cycles_ms
                0x00000e10       0x2c src/ASF/common2/services/delay/sam0/systick_counter.o
                0x00000e10                delay_cycles_ms
 .text.port_pin_set_config
                0x00000e3c       0x24 src/ASF/sam0/drivers/port/port.o
                0x00000e3c                port_pin_set_config
 .text.system_board_init
                0x00000e60        0x2 src/ASF/common2/boards/user_board/init.o
                0x00000e60                board_init
                0x00000e60                system_board_init
 *fill*         0x00000e62        0x2 
 .text.cpu_irq_enter_critical
                0x00000e64       0x40 src/ASF/common/utils/interrupt/interrupt_sam_nvic.o
                0x00000e64                cpu_irq_enter_critical
 .text.cpu_irq_leave_critical
                0x00000ea4       0x30 src/ASF/common/utils/interrupt/interrupt_sam_nvic.o
                0x00000ea4                cpu_irq_leave_critical
 .text.system_clock_source_get_hz
                0x00000ed4       0x7c src/ASF/sam0/drivers/system/clock/clock_samd20/clock.o
                0x00000ed4                system_clock_source_get_hz
 .text.system_clock_source_osc8m_set_config
                0x00000f50       0x3c src/ASF/sam0/drivers/system/clock/clock_samd20/clock.o
                0x00000f50                system_clock_source_osc8m_set_config
 .text.system_clock_source_enable
                0x00000f8c       0x90 src/ASF/sam0/drivers/system/clock/clock_samd20/clock.o
                0x00000f8c                system_clock_source_enable
 .text.system_clock_init
                0x0000101c       0x98 src/ASF/sam0/drivers/system/clock/clock_samd20/clock.o
                0x0000101c                system_clock_init
 .text.system_gclk_init
                0x000010b4       0x24 src/ASF/sam0/drivers/system/clock/clock_samd20/gclk.o
                0x000010b4                system_gclk_init
 .text.system_gclk_gen_set_config
                0x000010d8       0xb8 src/ASF/sam0/drivers/system/clock/clock_samd20/gclk.o
                0x000010d8                system_gclk_gen_set_config
 .text.system_gclk_gen_enable
                0x00001190       0x44 src/ASF/sam0/drivers/system/clock/clock_samd20/gclk.o
                0x00001190                system_gclk_gen_enable
 .text.system_gclk_gen_get_hz
                0x000011d4       0x8c src/ASF/sam0/drivers/system/clock/clock_samd20/gclk.o
                0x000011d4                system_gclk_gen_get_hz
 .text.system_gclk_chan_enable
                0x00001260       0x30 src/ASF/sam0/drivers/system/clock/clock_samd20/gclk.o
                0x00001260                system_gclk_chan_enable
 .text.system_gclk_chan_disable
                0x00001290       0x5c src/ASF/sam0/drivers/system/clock/clock_samd20/gclk.o
                0x00001290                system_gclk_chan_disable
 .text.system_gclk_chan_set_config
                0x000012ec       0x1c src/ASF/sam0/drivers/system/clock/clock_samd20/gclk.o
                0x000012ec                system_gclk_chan_set_config
 .text.system_gclk_chan_get_hz
                0x00001308       0x34 src/ASF/sam0/drivers/system/clock/clock_samd20/gclk.o
                0x00001308                system_gclk_chan_get_hz
 .text._system_pinmux_config
                0x0000133c       0xa8 src/ASF/sam0/drivers/system/pinmux/pinmux.o
 .text.system_pinmux_pin_set_config
                0x000013e4       0x30 src/ASF/sam0/drivers/system/pinmux/pinmux.o
                0x000013e4                system_pinmux_pin_set_config
 .text._system_dummy_init
                0x00001414        0x2 src/ASF/sam0/drivers/system/system.o
                0x00001414                _system_extint_init
                0x00001414                _system_dummy_init
                0x00001414                _system_divas_init
 *fill*         0x00001416        0x2 
 .text.system_init
                0x00001418       0x2c src/ASF/sam0/drivers/system/system.o
                0x00001418                system_init
 .text.Dummy_Handler
                0x00001444        0x2 src/ASF/sam0/utils/cmsis/samd20/source/gcc/startup_samd20.o
                0x00001444                HardFault_Handler
                0x00001444                AC_Handler
                0x00001444                PendSV_Handler
                0x00001444                NMI_Handler
                0x00001444                ADC_Handler
                0x00001444                RTC_Handler
                0x00001444                EIC_Handler
                0x00001444                Dummy_Handler
                0x00001444                PM_Handler
                0x00001444                SVC_Handler
                0x00001444                NVMCTRL_Handler
                0x00001444                DAC_Handler
                0x00001444                PTC_Handler
                0x00001444                SYSCTRL_Handler
 *fill*         0x00001446        0x2 
 .text.Reset_Handler
                0x00001448       0x98 src/ASF/sam0/utils/cmsis/samd20/source/gcc/startup_samd20.o
                0x00001448                Reset_Handler
 .text.writeStr
                0x000014e0       0x18 src/main.o
                0x000014e0                writeStr
 .text.main     0x000014f8       0xbc src/main.o
                0x000014f8                main
 .text          0x000015b4      0x114 c:/program files (x86)/atmel/studio/7.0/toolchain/arm/arm-gnu-toolchain/bin/../lib/gcc/arm-none-eabi/6.3.1/thumb/v6-m\libgcc.a(_udivsi3.o)
                0x000015b4                __aeabi_uidiv
                0x000015b4                __udivsi3
                0x000016c0                __aeabi_uidivmod
 .text          0x000016c8        0x4 c:/program files (x86)/atmel/studio/7.0/toolchain/arm/arm-gnu-toolchain/bin/../lib/gcc/arm-none-eabi/6.3.1/thumb/v6-m\libgcc.a(_dvmd_tls.o)
                0x000016c8                __aeabi_idiv0
                0x000016c8                __aeabi_ldiv0
 .text          0x000016cc       0x54 c:/program files (x86)/atmel/studio/7.0/toolchain/arm/arm-gnu-toolchain/bin/../lib/gcc/arm-none-eabi/6.3.1/thumb/v6-m\libgcc.a(_muldi3.o)
                0x000016cc                __muldi3
                0x000016cc                __aeabi_lmul
 .text.__libc_init_array
                0x00001720       0x48 c:/program files (x86)/atmel/studio/7.0/toolchain/arm/arm-gnu-toolchain/bin/../lib/gcc/arm-none-eabi/6.3.1/../../../../arm-none-eabi/lib/thumb/v6-m\libc_nano.a(lib_a-init.o)
                0x00001720                __libc_init_array
 *(.glue_7t)
 .glue_7t       0x00001768        0x0 linker stubs
 *(.glue_7)
 .glue_7        0x00001768        0x0 linker stubs
 *(.rodata .rodata* .gnu.linkonce.r.*)
 .rodata        0x00001768       0x18 src/ASF/sam0/drivers/sercom/sercom.o
 .rodata.config_UART.str1.4
                0x00001780       0x20 src/SERCOM_USART.o
 .rodata.config_UART_Callback.str1.4
                0x000017a0       0x21 src/SERCOM_USART.o
 *fill*         0x000017c1        0x3 
 .rodata.config_GPIO.str1.4
                0x000017c4       0x17 src/GPIO_Peripherals.o
 *fill*         0x000017db        0x1 
 .rodata.system_clock_source_get_hz
                0x000017dc       0x20 src/ASF/sam0/drivers/system/clock/clock_samd20/clock.o
 .rodata.system_clock_source_enable
                0x000017fc       0x20 src/ASF/sam0/drivers/system/clock/clock_samd20/clock.o
 .rodata.main.str1.4
                0x0000181c       0x10 src/main.o
 *(.ARM.extab* .gnu.linkonce.armextab.*)
                0x0000182c                . = ALIGN (0x4)
 *(.init)
 .init          0x0000182c        0x4 c:/program files (x86)/atmel/studio/7.0/toolchain/arm/arm-gnu-toolchain/bin/../lib/gcc/arm-none-eabi/6.3.1/thumb/v6-m/crti.o
                0x0000182c                _init
 .init          0x00001830        0x8 c:/program files (x86)/atmel/studio/7.0/toolchain/arm/arm-gnu-toolchain/bin/../lib/gcc/arm-none-eabi/6.3.1/thumb/v6-m/crtn.o
                0x00001838                . = ALIGN (0x4)
                0x00001838                __preinit_array_start = .
 *(.preinit_array)
                0x00001838                __preinit_array_end = .
                0x00001838                . = ALIGN (0x4)
                0x00001838                __init_array_start = .
 *(SORT(.init_array.*))
 *(.init_array)
 .init_array    0x00001838        0x4 c:/program files (x86)/atmel/studio/7.0/toolchain/arm/arm-gnu-toolchain/bin/../lib/gcc/arm-none-eabi/6.3.1/thumb/v6-m/crtbegin.o
                0x0000183c                __init_array_end = .
                0x0000183c                . = ALIGN (0x4)
 *crtbegin.o(.ctors)
 *(EXCLUDE_FILE(*crtend.o) .ctors)
 *(SORT(.ctors.*))
 *crtend.o(.ctors)
                0x0000183c                . = ALIGN (0x4)
 *(.fini)
 .fini          0x0000183c        0x4 c:/program files (x86)/atmel/studio/7.0/toolchain/arm/arm-gnu-toolchain/bin/../lib/gcc/arm-none-eabi/6.3.1/thumb/v6-m/crti.o
                0x0000183c                _fini
 .fini          0x00001840        0x8 c:/program files (x86)/atmel/studio/7.0/toolchain/arm/arm-gnu-toolchain/bin/../lib/gcc/arm-none-eabi/6.3.1/thumb/v6-m/crtn.o
                0x00001848                . = ALIGN (0x4)
                0x00001848                __fini_array_start = .
 *(.fini_array)
 .fini_array    0x00001848        0x4 c:/program files (x86)/atmel/studio/7.0/toolchain/arm/arm-gnu-toolchain/bin/../lib/gcc/arm-none-eabi/6.3.1/thumb/v6-m/crtbegin.o
 *(SORT(.fini_array.*))
                0x0000184c                __fini_array_end = .
 *crtbegin.o(.dtors)
 *(EXCLUDE_FILE(*crtend.o) .dtors)
 *(SORT(.dtors.*))
 *crtend.o(.dtors)
                0x0000184c                . = ALIGN (0x4)
                0x0000184c                _efixed = .
                [!provide]                PROVIDE (__exidx_start, .)

.vfp11_veneer   0x0000184c        0x0
 .vfp11_veneer  0x0000184c        0x0 linker stubs

.v4_bx          0x0000184c        0x0
 .v4_bx         0x0000184c        0x0 linker stubs

.iplt           0x0000184c        0x0
 .iplt          0x0000184c        0x0 c:/program files (x86)/atmel/studio/7.0/toolchain/arm/arm-gnu-toolchain/bin/../lib/gcc/arm-none-eabi/6.3.1/thumb/v6-m/crtbegin.o

.eh_frame       0x0000184c        0x0
 .eh_frame      0x0000184c        0x0 c:/program files (x86)/atmel/studio/7.0/toolchain/arm/arm-gnu-toolchain/bin/../lib/gcc/arm-none-eabi/6.3.1/thumb/v6-m/crtbegin.o

.rel.dyn        0x0000184c        0x0
 .rel.iplt      0x0000184c        0x0 c:/program files (x86)/atmel/studio/7.0/toolchain/arm/arm-gnu-toolchain/bin/../lib/gcc/arm-none-eabi/6.3.1/thumb/v6-m/crtbegin.o

.jcr            0x0000184c        0x0
 .jcr           0x0000184c        0x0 c:/program files (x86)/atmel/studio/7.0/toolchain/arm/arm-gnu-toolchain/bin/../lib/gcc/arm-none-eabi/6.3.1/thumb/v6-m/crtbegin.o

.igot.plt       0x0000184c        0x0
 .igot.plt      0x0000184c        0x0 c:/program files (x86)/atmel/studio/7.0/toolchain/arm/arm-gnu-toolchain/bin/../lib/gcc/arm-none-eabi/6.3.1/thumb/v6-m/crtbegin.o

.ARM.exidx
 *(.ARM.exidx* .gnu.linkonce.armexidx.*)
                [!provide]                PROVIDE (__exidx_end, .)
                0x0000184c                . = ALIGN (0x4)
                0x0000184c                _etext = .

.relocate       0x20000000       0x44 load address 0x0000184c
                0x20000000                . = ALIGN (0x4)
                0x20000000                _srelocate = .
 *(.ramfunc .ramfunc.*)
 *(.data .data.*)
 .data._events_inst
                0x20000000       0x14 src/ASF/sam0/drivers/events/events_sam_d_r_h/events.o
                0x20000000                _events_inst
 .data.cycles_per_ms
                0x20000014        0x4 src/ASF/common2/services/delay/sam0/systick_counter.o
 .data.cycles_per_us
                0x20000018        0x4 src/ASF/common2/services/delay/sam0/systick_counter.o
 .data.g_interrupt_enabled
                0x2000001c        0x1 src/ASF/common/utils/interrupt/interrupt_sam_nvic.o
                0x2000001c                g_interrupt_enabled
 *fill*         0x2000001d        0x3 
 .data.init     0x20000020       0x12 src/main.o
                0x20000020                init
 *fill*         0x20000032        0x2 
 .data.statusCheck
                0x20000034        0xf src/main.o
                0x20000034                statusCheck
                0x20000044                . = ALIGN (0x4)
 *fill*         0x20000043        0x1 
                0x20000044                _erelocate = .

.bss            0x20000044      0x36c load address 0x00001890
                0x20000044                . = ALIGN (0x4)
                0x20000044                _sbss = .
                0x20000044                _szero = .
 *(.bss .bss.*)
 .bss           0x20000044       0x1c c:/program files (x86)/atmel/studio/7.0/toolchain/arm/arm-gnu-toolchain/bin/../lib/gcc/arm-none-eabi/6.3.1/thumb/v6-m/crtbegin.o
 .bss._sercom_config
                0x20000060        0x2 src/ASF/sam0/drivers/sercom/sercom.o
 .bss._handler_table_initialized
                0x20000062        0x1 src/ASF/sam0/drivers/sercom/sercom_interrupt.o
 *fill*         0x20000063        0x1 
 .bss._sercom_interrupt_handlers
                0x20000064       0x18 src/ASF/sam0/drivers/sercom/sercom_interrupt.o
 .bss.cpu_irq_critical_section_counter
                0x2000007c        0x4 src/ASF/common/utils/interrupt/interrupt_sam_nvic.o
 .bss.cpu_irq_prev_interrupt_state
                0x20000080        0x1 src/ASF/common/utils/interrupt/interrupt_sam_nvic.o
 *fill*         0x20000081        0x3 
 .bss._system_clock_inst
                0x20000084       0x14 src/ASF/sam0/drivers/system/clock/clock_samd20/clock.o
 *(COMMON)
 COMMON         0x20000098        0x4 src/ASF/sam0/drivers/wdt/wdt_callback.o
                0x20000098                wdt_early_warning_callback
 COMMON         0x2000009c       0x20 src/ASF/sam0/drivers/tc/tc_interrupt.o
                0x2000009c                _tc_instances
 COMMON         0x200000bc      0x2dc src/Encoder_AMT212C.o
                0x200000bc                ch_buffer
                0x200000c0                usart_instance
                0x200000e4                rx_encIndex
                0x200000e8                tx_rx_buffer
                0x20000340                usart_instance_ENC
                0x20000364                config_ENC_usart
                0x20000394                USART_data_available
                0x20000396                rx_index
 COMMON         0x20000398       0x18 src/ASF/sam0/drivers/sercom/sercom_interrupt.o
                0x20000398                _sercom_instances
                0x200003b0                . = ALIGN (0x4)
                0x200003b0                _ebss = .
                0x200003b0                _ezero = .

.stack          0x200003b0     0x2000 load address 0x00001bfc
                0x200003b0                . = ALIGN (0x8)
                0x200003b0                _sstack = .
                0x200023b0                . = (. + STACK_SIZE)
 *fill*         0x200003b0     0x2000 
                0x200023b0                . = ALIGN (0x8)
                0x200023b0                _estack = .
                0x200023b0                . = ALIGN (0x4)
                0x200023b0                _end = .
OUTPUT(SAMD20_MotorControl.elf elf32-littlearm)

.ARM.attributes
                0x00000000       0x28
 .ARM.attributes
                0x00000000       0x1e c:/program files (x86)/atmel/studio/7.0/toolchain/arm/arm-gnu-toolchain/bin/../lib/gcc/arm-none-eabi/6.3.1/thumb/v6-m/crti.o
 .ARM.attributes
                0x0000001e       0x2c c:/program files (x86)/atmel/studio/7.0/toolchain/arm/arm-gnu-toolchain/bin/../lib/gcc/arm-none-eabi/6.3.1/thumb/v6-m/crtbegin.o
 .ARM.attributes
                0x0000004a       0x32 src/ASF/sam0/drivers/wdt/wdt_callback.o
 .ARM.attributes
                0x0000007c       0x32 src/ASF/sam0/drivers/tc/tc_interrupt.o
 .ARM.attributes
                0x000000ae       0x32 src/ASF/sam0/drivers/events/events_hooks.o
 .ARM.attributes
                0x000000e0       0x32 src/ASF/sam0/drivers/events/events_sam_d_r_h/events.o
 .ARM.attributes
                0x00000112       0x32 src/ASF/sam0/drivers/sercom/sercom.o
 .ARM.attributes
                0x00000144       0x32 src/Encoder_AMT212C.o
 .ARM.attributes
                0x00000176       0x32 src/SERCOM_USART.o
 .ARM.attributes
                0x000001a8       0x32 src/ASF/sam0/drivers/sercom/usart/usart.o
 .ARM.attributes
                0x000001da       0x32 src/ASF/sam0/drivers/sercom/usart/usart_interrupt.o
 .ARM.attributes
                0x0000020c       0x32 src/ASF/sam0/drivers/sercom/sercom_interrupt.o
 .ARM.attributes
                0x0000023e       0x32 src/GPIO_Peripherals.o
 .ARM.attributes
                0x00000270       0x32 src/ASF/common2/services/delay/sam0/systick_counter.o
 .ARM.attributes
                0x000002a2       0x32 src/ASF/sam0/drivers/port/port.o
 .ARM.attributes
                0x000002d4       0x32 src/ASF/common2/boards/user_board/init.o
 .ARM.attributes
                0x00000306       0x32 src/ASF/common/utils/interrupt/interrupt_sam_nvic.o
 .ARM.attributes
                0x00000338       0x32 src/ASF/sam0/drivers/system/clock/clock_samd20/clock.o
 .ARM.attributes
                0x0000036a       0x32 src/ASF/sam0/drivers/system/clock/clock_samd20/gclk.o
 .ARM.attributes
                0x0000039c       0x32 src/ASF/sam0/drivers/system/pinmux/pinmux.o
 .ARM.attributes
                0x000003ce       0x32 src/ASF/sam0/drivers/system/system.o
 .ARM.attributes
                0x00000400       0x32 src/ASF/sam0/utils/cmsis/samd20/source/gcc/startup_samd20.o
 .ARM.attributes
                0x00000432       0x32 src/main.o
 .ARM.attributes
                0x00000464       0x1e c:/program files (x86)/atmel/studio/7.0/toolchain/arm/arm-gnu-toolchain/bin/../lib/gcc/arm-none-eabi/6.3.1/thumb/v6-m\libgcc.a(_udivsi3.o)
 .ARM.attributes
                0x00000482       0x1e c:/program files (x86)/atmel/studio/7.0/toolchain/arm/arm-gnu-toolchain/bin/../lib/gcc/arm-none-eabi/6.3.1/thumb/v6-m\libgcc.a(_dvmd_tls.o)
 .ARM.attributes
                0x000004a0       0x2c c:/program files (x86)/atmel/studio/7.0/toolchain/arm/arm-gnu-toolchain/bin/../lib/gcc/arm-none-eabi/6.3.1/thumb/v6-m\libgcc.a(_muldi3.o)
 .ARM.attributes
                0x000004cc       0x2c c:/program files (x86)/atmel/studio/7.0/toolchain/arm/arm-gnu-toolchain/bin/../lib/gcc/arm-none-eabi/6.3.1/../../../../arm-none-eabi/lib/thumb/v6-m\libc_nano.a(lib_a-init.o)
 .ARM.attributes
                0x000004f8       0x1e c:/program files (x86)/atmel/studio/7.0/toolchain/arm/arm-gnu-toolchain/bin/../lib/gcc/arm-none-eabi/6.3.1/thumb/v6-m/crtn.o

.comment        0x00000000       0x59
 .comment       0x00000000       0x59 src/ASF/sam0/drivers/wdt/wdt_callback.o
                                 0x5a (size before relaxing)
 .comment       0x00000059       0x5a src/ASF/sam0/drivers/tc/tc_interrupt.o
 .comment       0x00000059       0x5a src/ASF/sam0/drivers/events/events_hooks.o
 .comment       0x00000059       0x5a src/ASF/sam0/drivers/events/events_sam_d_r_h/events.o
 .comment       0x00000059       0x5a src/ASF/sam0/drivers/sercom/sercom.o
 .comment       0x00000059       0x5a src/Encoder_AMT212C.o
 .comment       0x00000059       0x5a src/SERCOM_USART.o
 .comment       0x00000059       0x5a src/ASF/sam0/drivers/sercom/usart/usart.o
 .comment       0x00000059       0x5a src/ASF/sam0/drivers/sercom/usart/usart_interrupt.o
 .comment       0x00000059       0x5a src/ASF/sam0/drivers/sercom/sercom_interrupt.o
 .comment       0x00000059       0x5a src/GPIO_Peripherals.o
 .comment       0x00000059       0x5a src/ASF/common2/services/delay/sam0/systick_counter.o
 .comment       0x00000059       0x5a src/ASF/sam0/drivers/port/port.o
 .comment       0x00000059       0x5a src/ASF/common2/boards/user_board/init.o
 .comment       0x00000059       0x5a src/ASF/common/utils/interrupt/interrupt_sam_nvic.o
 .comment       0x00000059       0x5a src/ASF/sam0/drivers/system/clock/clock_samd20/clock.o
 .comment       0x00000059       0x5a src/ASF/sam0/drivers/system/clock/clock_samd20/gclk.o
 .comment       0x00000059       0x5a src/ASF/sam0/drivers/system/pinmux/pinmux.o
 .comment       0x00000059       0x5a src/ASF/sam0/drivers/system/system.o
 .comment       0x00000059       0x5a src/ASF/sam0/utils/cmsis/samd20/source/gcc/startup_samd20.o
 .comment       0x00000059       0x5a src/main.o

.debug_info     0x00000000    0x2abe8
 .debug_info    0x00000000     0x127e src/ASF/sam0/drivers/wdt/wdt_callback.o
 .debug_info    0x0000127e     0x1c1b src/ASF/sam0/drivers/tc/tc_interrupt.o
 .debug_info    0x00002e99     0x1923 src/ASF/sam0/drivers/events/events_hooks.o
 .debug_info    0x000047bc     0x23b6 src/ASF/sam0/drivers/events/events_sam_d_r_h/events.o
 .debug_info    0x00006b72     0x2660 src/ASF/sam0/drivers/sercom/sercom.o
 .debug_info    0x000091d2     0x3005 src/Encoder_AMT212C.o
 .debug_info    0x0000c1d7     0x2c93 src/SERCOM_USART.o
 .debug_info    0x0000ee6a     0x42cf src/ASF/sam0/drivers/sercom/usart/usart.o
 .debug_info    0x00013139     0x2881 src/ASF/sam0/drivers/sercom/usart/usart_interrupt.o
 .debug_info    0x000159ba     0x2456 src/ASF/sam0/drivers/sercom/sercom_interrupt.o
 .debug_info    0x00017e10     0x45db src/GPIO_Peripherals.o
 .debug_info    0x0001c3eb      0xb8d src/ASF/common2/services/delay/sam0/systick_counter.o
 .debug_info    0x0001cf78     0x12b6 src/ASF/sam0/drivers/port/port.o
 .debug_info    0x0001e22e      0xa79 src/ASF/common2/boards/user_board/init.o
 .debug_info    0x0001eca7      0xb07 src/ASF/common/utils/interrupt/interrupt_sam_nvic.o
 .debug_info    0x0001f7ae     0x3d15 src/ASF/sam0/drivers/system/clock/clock_samd20/clock.o
 .debug_info    0x000234c3     0x1de7 src/ASF/sam0/drivers/system/clock/clock_samd20/gclk.o
 .debug_info    0x000252aa     0x1374 src/ASF/sam0/drivers/system/pinmux/pinmux.o
 .debug_info    0x0002661e      0xa73 src/ASF/sam0/drivers/system/system.o
 .debug_info    0x00027091      0x9c9 src/ASF/sam0/utils/cmsis/samd20/source/gcc/startup_samd20.o
 .debug_info    0x00027a5a     0x318e src/main.o

.debug_abbrev   0x00000000     0x4488
 .debug_abbrev  0x00000000      0x309 src/ASF/sam0/drivers/wdt/wdt_callback.o
 .debug_abbrev  0x00000309      0x2ff src/ASF/sam0/drivers/tc/tc_interrupt.o
 .debug_abbrev  0x00000608      0x32f src/ASF/sam0/drivers/events/events_hooks.o
 .debug_abbrev  0x00000937      0x477 src/ASF/sam0/drivers/events/events_sam_d_r_h/events.o
 .debug_abbrev  0x00000dae      0x378 src/ASF/sam0/drivers/sercom/sercom.o
 .debug_abbrev  0x00001126      0x3d1 src/Encoder_AMT212C.o
 .debug_abbrev  0x000014f7      0x3b5 src/SERCOM_USART.o
 .debug_abbrev  0x000018ac      0x491 src/ASF/sam0/drivers/sercom/usart/usart.o
 .debug_abbrev  0x00001d3d      0x416 src/ASF/sam0/drivers/sercom/usart/usart_interrupt.o
 .debug_abbrev  0x00002153      0x2d8 src/ASF/sam0/drivers/sercom/sercom_interrupt.o
 .debug_abbrev  0x0000242b      0x413 src/GPIO_Peripherals.o
 .debug_abbrev  0x0000283e      0x24b src/ASF/common2/services/delay/sam0/systick_counter.o
 .debug_abbrev  0x00002a89      0x298 src/ASF/sam0/drivers/port/port.o
 .debug_abbrev  0x00002d21      0x1be src/ASF/common2/boards/user_board/init.o
 .debug_abbrev  0x00002edf      0x22c src/ASF/common/utils/interrupt/interrupt_sam_nvic.o
 .debug_abbrev  0x0000310b      0x4a1 src/ASF/sam0/drivers/system/clock/clock_samd20/clock.o
 .debug_abbrev  0x000035ac      0x40d src/ASF/sam0/drivers/system/clock/clock_samd20/gclk.o
 .debug_abbrev  0x000039b9      0x332 src/ASF/sam0/drivers/system/pinmux/pinmux.o
 .debug_abbrev  0x00003ceb      0x1e1 src/ASF/sam0/drivers/system/system.o
 .debug_abbrev  0x00003ecc      0x1e4 src/ASF/sam0/utils/cmsis/samd20/source/gcc/startup_samd20.o
 .debug_abbrev  0x000040b0      0x3d8 src/main.o

.debug_loc      0x00000000     0x4cff
 .debug_loc     0x00000000       0xf3 src/ASF/sam0/drivers/wdt/wdt_callback.o
 .debug_loc     0x000000f3      0x228 src/ASF/sam0/drivers/tc/tc_interrupt.o
 .debug_loc     0x0000031b      0x582 src/ASF/sam0/drivers/events/events_hooks.o
 .debug_loc     0x0000089d      0x44b src/ASF/sam0/drivers/events/events_sam_d_r_h/events.o
 .debug_loc     0x00000ce8      0x9d5 src/ASF/sam0/drivers/sercom/sercom.o
 .debug_loc     0x000016bd      0x2fc src/Encoder_AMT212C.o
 .debug_loc     0x000019b9      0x166 src/SERCOM_USART.o
 .debug_loc     0x00001b1f      0xc56 src/ASF/sam0/drivers/sercom/usart/usart.o
 .debug_loc     0x00002775      0x6b6 src/ASF/sam0/drivers/sercom/usart/usart_interrupt.o
 .debug_loc     0x00002e2b      0x161 src/ASF/sam0/drivers/sercom/sercom_interrupt.o
 .debug_loc     0x00002f8c      0x215 src/GPIO_Peripherals.o
 .debug_loc     0x000031a1       0xe4 src/ASF/common2/services/delay/sam0/systick_counter.o
 .debug_loc     0x00003285      0x13d src/ASF/sam0/drivers/port/port.o
 .debug_loc     0x000033c2      0xe1c src/ASF/sam0/drivers/system/clock/clock_samd20/clock.o
 .debug_loc     0x000041de      0x504 src/ASF/sam0/drivers/system/clock/clock_samd20/gclk.o
 .debug_loc     0x000046e2      0x322 src/ASF/sam0/drivers/system/pinmux/pinmux.o
 .debug_loc     0x00004a04       0x20 src/ASF/sam0/drivers/system/system.o
 .debug_loc     0x00004a24       0x40 src/ASF/sam0/utils/cmsis/samd20/source/gcc/startup_samd20.o
 .debug_loc     0x00004a64      0x29b src/main.o

.debug_aranges  0x00000000      0x618
 .debug_aranges
                0x00000000       0x40 src/ASF/sam0/drivers/wdt/wdt_callback.o
 .debug_aranges
                0x00000040       0x70 src/ASF/sam0/drivers/tc/tc_interrupt.o
 .debug_aranges
                0x000000b0       0x58 src/ASF/sam0/drivers/events/events_hooks.o
 .debug_aranges
                0x00000108       0x80 src/ASF/sam0/drivers/events/events_sam_d_r_h/events.o
 .debug_aranges
                0x00000188       0x48 src/ASF/sam0/drivers/sercom/sercom.o
 .debug_aranges
                0x000001d0       0x58 src/Encoder_AMT212C.o
 .debug_aranges
                0x00000228       0x40 src/SERCOM_USART.o
 .debug_aranges
                0x00000268       0x40 src/ASF/sam0/drivers/sercom/usart/usart.o
 .debug_aranges
                0x000002a8       0x70 src/ASF/sam0/drivers/sercom/usart/usart_interrupt.o
 .debug_aranges
                0x00000318       0x60 src/ASF/sam0/drivers/sercom/sercom_interrupt.o
 .debug_aranges
                0x00000378       0x58 src/GPIO_Peripherals.o
 .debug_aranges
                0x000003d0       0x30 src/ASF/common2/services/delay/sam0/systick_counter.o
 .debug_aranges
                0x00000400       0x28 src/ASF/sam0/drivers/port/port.o
 .debug_aranges
                0x00000428       0x20 src/ASF/common2/boards/user_board/init.o
 .debug_aranges
                0x00000448       0x28 src/ASF/common/utils/interrupt/interrupt_sam_nvic.o
 .debug_aranges
                0x00000470       0x70 src/ASF/sam0/drivers/system/clock/clock_samd20/clock.o
 .debug_aranges
                0x000004e0       0x80 src/ASF/sam0/drivers/system/clock/clock_samd20/gclk.o
 .debug_aranges
                0x00000560       0x38 src/ASF/sam0/drivers/system/pinmux/pinmux.o
 .debug_aranges
                0x00000598       0x28 src/ASF/sam0/drivers/system/system.o
 .debug_aranges
                0x000005c0       0x28 src/ASF/sam0/utils/cmsis/samd20/source/gcc/startup_samd20.o
 .debug_aranges
                0x000005e8       0x30 src/main.o

.debug_ranges   0x00000000      0x640
 .debug_ranges  0x00000000       0x30 src/ASF/sam0/drivers/wdt/wdt_callback.o
 .debug_ranges  0x00000030       0x60 src/ASF/sam0/drivers/tc/tc_interrupt.o
 .debug_ranges  0x00000090       0x48 src/ASF/sam0/drivers/events/events_hooks.o
 .debug_ranges  0x000000d8       0xa0 src/ASF/sam0/drivers/events/events_sam_d_r_h/events.o
 .debug_ranges  0x00000178       0x50 src/ASF/sam0/drivers/sercom/sercom.o
 .debug_ranges  0x000001c8       0x48 src/Encoder_AMT212C.o
 .debug_ranges  0x00000210       0x30 src/SERCOM_USART.o
 .debug_ranges  0x00000240      0x100 src/ASF/sam0/drivers/sercom/usart/usart.o
 .debug_ranges  0x00000340       0x60 src/ASF/sam0/drivers/sercom/usart/usart_interrupt.o
 .debug_ranges  0x000003a0       0x50 src/ASF/sam0/drivers/sercom/sercom_interrupt.o
 .debug_ranges  0x000003f0       0x48 src/GPIO_Peripherals.o
 .debug_ranges  0x00000438       0x50 src/ASF/common2/services/delay/sam0/systick_counter.o
 .debug_ranges  0x00000488       0x18 src/ASF/sam0/drivers/port/port.o
 .debug_ranges  0x000004a0       0x10 src/ASF/common2/boards/user_board/init.o
 .debug_ranges  0x000004b0       0x18 src/ASF/common/utils/interrupt/interrupt_sam_nvic.o
 .debug_ranges  0x000004c8       0x60 src/ASF/sam0/drivers/system/clock/clock_samd20/clock.o
 .debug_ranges  0x00000528       0x88 src/ASF/sam0/drivers/system/clock/clock_samd20/gclk.o
 .debug_ranges  0x000005b0       0x28 src/ASF/sam0/drivers/system/pinmux/pinmux.o
 .debug_ranges  0x000005d8       0x18 src/ASF/sam0/drivers/system/system.o
 .debug_ranges  0x000005f0       0x18 src/ASF/sam0/utils/cmsis/samd20/source/gcc/startup_samd20.o
 .debug_ranges  0x00000608       0x38 src/main.o

.debug_macro    0x00000000     0x77b6
 .debug_macro   0x00000000      0x51c src/ASF/sam0/drivers/wdt/wdt_callback.o
 .debug_macro   0x0000051c      0x512 src/ASF/sam0/drivers/tc/tc_interrupt.o
 .debug_macro   0x00000a2e      0x4f4 src/ASF/sam0/drivers/events/events_hooks.o
 .debug_macro   0x00000f22       0x27 src/ASF/sam0/drivers/events/events_hooks.o
 .debug_macro   0x00000f49      0x522 src/ASF/sam0/drivers/events/events_sam_d_r_h/events.o
 .debug_macro   0x0000146b      0x532 src/ASF/sam0/drivers/sercom/sercom.o
 .debug_macro   0x0000199d       0xb2 src/ASF/sam0/drivers/sercom/sercom.o
 .debug_macro   0x00001a4f       0x10 src/ASF/sam0/drivers/sercom/sercom.o
 .debug_macro   0x00001a5f      0x69f src/Encoder_AMT212C.o
 .debug_macro   0x000020fe       0xd6 src/Encoder_AMT212C.o
 .debug_macro   0x000021d4       0x16 src/Encoder_AMT212C.o
 .debug_macro   0x000021ea       0x16 src/Encoder_AMT212C.o
 .debug_macro   0x00002200      0x2c3 src/Encoder_AMT212C.o
 .debug_macro   0x000024c3       0x12 src/Encoder_AMT212C.o
 .debug_macro   0x000024d5       0x1f src/Encoder_AMT212C.o
 .debug_macro   0x000024f4       0x6c src/Encoder_AMT212C.o
 .debug_macro   0x00002560       0x16 src/Encoder_AMT212C.o
 .debug_macro   0x00002576       0xb2 src/Encoder_AMT212C.o
 .debug_macro   0x00002628       0x3a src/Encoder_AMT212C.o
 .debug_macro   0x00002662      0x6a5 src/SERCOM_USART.o
 .debug_macro   0x00002d07       0x34 src/SERCOM_USART.o
 .debug_macro   0x00002d3b      0x543 src/ASF/sam0/drivers/sercom/usart/usart.o
 .debug_macro   0x0000327e       0x19 src/ASF/sam0/drivers/sercom/usart/usart.o
 .debug_macro   0x00003297      0x543 src/ASF/sam0/drivers/sercom/usart/usart_interrupt.o
 .debug_macro   0x000037da      0x52f src/ASF/sam0/drivers/sercom/sercom_interrupt.o
 .debug_macro   0x00003d09      0x69e src/GPIO_Peripherals.o
 .debug_macro   0x000043a7      0x4e0 src/ASF/common2/services/delay/sam0/systick_counter.o
 .debug_macro   0x00004887      0x4be src/ASF/sam0/drivers/port/port.o
 .debug_macro   0x00004d45      0x628 src/ASF/common2/boards/user_board/init.o
 .debug_macro   0x0000536d      0x4a4 src/ASF/common/utils/interrupt/interrupt_sam_nvic.o
 .debug_macro   0x00005811      0x5b9 src/ASF/sam0/drivers/system/clock/clock_samd20/clock.o
 .debug_macro   0x00005dca      0x213 src/ASF/sam0/drivers/system/clock/clock_samd20/clock.o
 .debug_macro   0x00005fdd      0x4db src/ASF/sam0/drivers/system/clock/clock_samd20/gclk.o
 .debug_macro   0x000064b8      0x4b6 src/ASF/sam0/drivers/system/pinmux/pinmux.o
 .debug_macro   0x0000696e      0x4e8 src/ASF/sam0/drivers/system/system.o
 .debug_macro   0x00006e56      0x28b src/ASF/sam0/utils/cmsis/samd20/source/gcc/startup_samd20.o
 .debug_macro   0x000070e1       0x3a src/ASF/sam0/utils/cmsis/samd20/source/gcc/startup_samd20.o
 .debug_macro   0x0000711b      0x69b src/main.o

.debug_line     0x00000000     0xec46
 .debug_line    0x00000000      0xab6 src/ASF/sam0/drivers/wdt/wdt_callback.o
 .debug_line    0x00000ab6      0xa60 src/ASF/sam0/drivers/tc/tc_interrupt.o
 .debug_line    0x00001516      0x9ed src/ASF/sam0/drivers/events/events_hooks.o
 .debug_line    0x00001f03      0xbf3 src/ASF/sam0/drivers/events/events_sam_d_r_h/events.o
 .debug_line    0x00002af6      0xb5e src/ASF/sam0/drivers/sercom/sercom.o
 .debug_line    0x00003654      0xf38 src/Encoder_AMT212C.o
 .debug_line    0x0000458c      0xe81 src/SERCOM_USART.o
 .debug_line    0x0000540d      0xc7e src/ASF/sam0/drivers/sercom/usart/usart.o
 .debug_line    0x0000608b      0xc35 src/ASF/sam0/drivers/sercom/usart/usart_interrupt.o
 .debug_line    0x00006cc0      0xb02 src/ASF/sam0/drivers/sercom/sercom_interrupt.o
 .debug_line    0x000077c2      0xefb src/GPIO_Peripherals.o
 .debug_line    0x000086bd      0x94f src/ASF/common2/services/delay/sam0/systick_counter.o
 .debug_line    0x0000900c      0x890 src/ASF/sam0/drivers/port/port.o
 .debug_line    0x0000989c      0xd3c src/ASF/common2/boards/user_board/init.o
 .debug_line    0x0000a5d8      0x863 src/ASF/common/utils/interrupt/interrupt_sam_nvic.o
 .debug_line    0x0000ae3b      0xba5 src/ASF/sam0/drivers/system/clock/clock_samd20/clock.o
 .debug_line    0x0000b9e0      0xc01 src/ASF/sam0/drivers/system/clock/clock_samd20/gclk.o
 .debug_line    0x0000c5e1      0x8c0 src/ASF/sam0/drivers/system/pinmux/pinmux.o
 .debug_line    0x0000cea1      0x97c src/ASF/sam0/drivers/system/system.o
 .debug_line    0x0000d81d      0x5dc src/ASF/sam0/utils/cmsis/samd20/source/gcc/startup_samd20.o
 .debug_line    0x0000ddf9      0xe4d src/main.o

.debug_str      0x00000000    0x609ad
 .debug_str     0x00000000    0x5919d src/ASF/sam0/drivers/wdt/wdt_callback.o
                              0x596ca (size before relaxing)
 .debug_str     0x0005919d      0x741 src/ASF/sam0/drivers/tc/tc_interrupt.o
                              0x5987f (size before relaxing)
 .debug_str     0x000598de      0x53a src/ASF/sam0/drivers/events/events_hooks.o
                              0x59825 (size before relaxing)
 .debug_str     0x00059e18      0x6bb src/ASF/sam0/drivers/events/events_sam_d_r_h/events.o
                              0x59bac (size before relaxing)
 .debug_str     0x0005a4d3      0xd63 src/ASF/sam0/drivers/sercom/sercom.o
                              0x5a04f (size before relaxing)
 .debug_str     0x0005b236     0x19ff src/Encoder_AMT212C.o
                              0x5be27 (size before relaxing)
 .debug_str     0x0005cc35       0xa8 src/SERCOM_USART.o
                              0x5bc9d (size before relaxing)
 .debug_str     0x0005ccdd      0x491 src/ASF/sam0/drivers/sercom/usart/usart.o
                              0x5aa4f (size before relaxing)
 .debug_str     0x0005d16e      0x137 src/ASF/sam0/drivers/sercom/usart/usart_interrupt.o
                              0x59eed (size before relaxing)
 .debug_str     0x0005d2a5      0x158 src/ASF/sam0/drivers/sercom/sercom_interrupt.o
                              0x59e88 (size before relaxing)
 .debug_str     0x0005d3fd      0xae9 src/GPIO_Peripherals.o
                              0x5c886 (size before relaxing)
 .debug_str     0x0005dee6       0x62 src/ASF/common2/services/delay/sam0/systick_counter.o
                              0x58d1b (size before relaxing)
 .debug_str     0x0005df48       0x59 src/ASF/sam0/drivers/port/port.o
                              0x58f2c (size before relaxing)
 .debug_str     0x0005dfa1       0x3e src/ASF/common2/boards/user_board/init.o
                              0x5a488 (size before relaxing)
 .debug_str     0x0005dfdf       0x53 src/ASF/common/utils/interrupt/interrupt_sam_nvic.o
                              0x58b26 (size before relaxing)
 .debug_str     0x0005e032     0x22c2 src/ASF/sam0/drivers/system/clock/clock_samd20/clock.o
                              0x5bd62 (size before relaxing)
 .debug_str     0x000602f4      0x1d0 src/ASF/sam0/drivers/system/clock/clock_samd20/gclk.o
                              0x59759 (size before relaxing)
 .debug_str     0x000604c4       0xf4 src/ASF/sam0/drivers/system/pinmux/pinmux.o
                              0x58f1d (size before relaxing)
 .debug_str     0x000605b8       0x47 src/ASF/sam0/drivers/system/system.o
                              0x58bc2 (size before relaxing)
 .debug_str     0x000605ff      0x362 src/ASF/sam0/utils/cmsis/samd20/source/gcc/startup_samd20.o
                              0x4336f (size before relaxing)
 .debug_str     0x00060961       0x4c src/main.o
                              0x5ba08 (size before relaxing)

.debug_frame    0x00000000      0xe18
 .debug_frame   0x00000000       0x68 src/ASF/sam0/drivers/wdt/wdt_callback.o
 .debug_frame   0x00000068      0x10c src/ASF/sam0/drivers/tc/tc_interrupt.o
 .debug_frame   0x00000174       0xb8 src/ASF/sam0/drivers/events/events_hooks.o
 .debug_frame   0x0000022c      0x120 src/ASF/sam0/drivers/events/events_sam_d_r_h/events.o
 .debug_frame   0x0000034c       0xbc src/ASF/sam0/drivers/sercom/sercom.o
 .debug_frame   0x00000408       0xec src/Encoder_AMT212C.o
 .debug_frame   0x000004f4       0x88 src/SERCOM_USART.o
 .debug_frame   0x0000057c       0xac src/ASF/sam0/drivers/sercom/usart/usart.o
 .debug_frame   0x00000628      0x110 src/ASF/sam0/drivers/sercom/usart/usart_interrupt.o
 .debug_frame   0x00000738       0xe8 src/ASF/sam0/drivers/sercom/sercom_interrupt.o
 .debug_frame   0x00000820       0xc8 src/GPIO_Peripherals.o
 .debug_frame   0x000008e8       0x64 src/ASF/common2/services/delay/sam0/systick_counter.o
 .debug_frame   0x0000094c       0x44 src/ASF/sam0/drivers/port/port.o
 .debug_frame   0x00000990       0x20 src/ASF/common2/boards/user_board/init.o
 .debug_frame   0x000009b0       0x30 src/ASF/common/utils/interrupt/interrupt_sam_nvic.o
 .debug_frame   0x000009e0      0x12c src/ASF/sam0/drivers/system/clock/clock_samd20/clock.o
 .debug_frame   0x00000b0c      0x148 src/ASF/sam0/drivers/system/clock/clock_samd20/gclk.o
 .debug_frame   0x00000c54       0x74 src/ASF/sam0/drivers/system/pinmux/pinmux.o
 .debug_frame   0x00000cc8       0x38 src/ASF/sam0/drivers/system/system.o
 .debug_frame   0x00000d00       0x38 src/ASF/sam0/utils/cmsis/samd20/source/gcc/startup_samd20.o
 .debug_frame   0x00000d38       0x60 src/main.o
 .debug_frame   0x00000d98       0x20 c:/program files (x86)/atmel/studio/7.0/toolchain/arm/arm-gnu-toolchain/bin/../lib/gcc/arm-none-eabi/6.3.1/thumb/v6-m\libgcc.a(_udivsi3.o)
 .debug_frame   0x00000db8       0x34 c:/program files (x86)/atmel/studio/7.0/toolchain/arm/arm-gnu-toolchain/bin/../lib/gcc/arm-none-eabi/6.3.1/thumb/v6-m\libgcc.a(_muldi3.o)
 .debug_frame   0x00000dec       0x2c c:/program files (x86)/atmel/studio/7.0/toolchain/arm/arm-gnu-toolchain/bin/../lib/gcc/arm-none-eabi/6.3.1/../../../../arm-none-eabi/lib/thumb/v6-m\libc_nano.a(lib_a-init.o)

Cross Reference Table

Symbol                                            File
AC_Handler                                        src/ASF/sam0/utils/cmsis/samd20/source/gcc/startup_samd20.o
ADC_Handler                                       src/ASF/sam0/utils/cmsis/samd20/source/gcc/startup_samd20.o
AtoH                                              src/Ascii2Hex.o
                                                  src/Encoder_AMT212C.o
Clear_Sleep_Timer                                 src/main.o
DAC_Handler                                       src/ASF/sam0/utils/cmsis/samd20/source/gcc/startup_samd20.o
Dummy_Handler                                     src/ASF/sam0/utils/cmsis/samd20/source/gcc/startup_samd20.o
EIC_Handler                                       src/ASF/sam0/utils/cmsis/samd20/source/gcc/startup_samd20.o
EVSYS_Handler                                     src/ASF/sam0/drivers/events/events_hooks.o
Get_EncPos                                        src/Encoder_AMT212C.o
Get_EncTurns                                      src/Encoder_AMT212C.o
Get_Encoder                                       src/Encoder_AMT212C.o
HardFault_Handler                                 src/ASF/sam0/utils/cmsis/samd20/source/gcc/startup_samd20.o
NMI_Handler                                       src/ASF/sam0/utils/cmsis/samd20/source/gcc/startup_samd20.o
NVMCTRL_Handler                                   src/ASF/sam0/utils/cmsis/samd20/source/gcc/startup_samd20.o
PM_Handler                                        src/ASF/sam0/utils/cmsis/samd20/source/gcc/startup_samd20.o
PTC_Handler                                       src/ASF/sam0/utils/cmsis/samd20/source/gcc/startup_samd20.o
PendSV_Handler                                    src/ASF/sam0/utils/cmsis/samd20/source/gcc/startup_samd20.o
RTC_Handler                                       src/ASF/sam0/utils/cmsis/samd20/source/gcc/startup_samd20.o
Reset_Handler                                     src/ASF/sam0/utils/cmsis/samd20/source/gcc/startup_samd20.o
SERCOM0_Handler                                   src/ASF/sam0/drivers/sercom/sercom_interrupt.o
SERCOM1_Handler                                   src/ASF/sam0/drivers/sercom/sercom_interrupt.o
SERCOM2_Handler                                   src/ASF/sam0/drivers/sercom/sercom_interrupt.o
SERCOM3_Handler                                   src/ASF/sam0/drivers/sercom/sercom_interrupt.o
SERCOM4_Handler                                   src/ASF/sam0/drivers/sercom/sercom_interrupt.o
SERCOM5_Handler                                   src/ASF/sam0/drivers/sercom/sercom_interrupt.o
SVC_Handler                                       src/ASF/sam0/utils/cmsis/samd20/source/gcc/startup_samd20.o
SYSCTRL_Handler                                   src/ASF/sam0/utils/cmsis/samd20/source/gcc/startup_samd20.o
SysTick_Handler                                   src/GPIO_Peripherals.o
SystemCoreClock                                   src/ASF/sam0/utils/cmsis/samd20/source/system_samd20.o
SystemCoreClockUpdate                             src/ASF/sam0/utils/cmsis/samd20/source/system_samd20.o
SystemInit                                        src/ASF/sam0/utils/cmsis/samd20/source/system_samd20.o
TC0_Handler                                       src/ASF/sam0/drivers/tc/tc_interrupt.o
TC1_Handler                                       src/ASF/sam0/drivers/tc/tc_interrupt.o
TC2_Handler                                       src/ASF/sam0/drivers/tc/tc_interrupt.o
TC3_Handler                                       src/ASF/sam0/drivers/tc/tc_interrupt.o
TC4_Handler                                       src/ASF/sam0/drivers/tc/tc_interrupt.o
TC5_Handler                                       src/ASF/sam0/drivers/tc/tc_interrupt.o
TC6_Handler                                       src/ASF/sam0/drivers/tc/tc_interrupt.o
TC7_Handler                                       src/ASF/sam0/drivers/tc/tc_interrupt.o
UART_Continuous                                   src/SERCOM_USART.o
UART_GetChar                                      src/Encoder_AMT212C.o
UART_WriteString                                  src/Encoder_AMT212C.o
USART_data_available                              src/main.o
                                                  src/GPIO_Peripherals.o
                                                  src/Motors_4118S-04SD.o
                                                  src/SERCOM_USART.o
                                                  src/Encoder_AMT212C.o
WDT_Handler                                       src/ASF/sam0/drivers/wdt/wdt_callback.o
_Jv_RegisterClasses                               c:/program files (x86)/atmel/studio/7.0/toolchain/arm/arm-gnu-toolchain/bin/../lib/gcc/arm-none-eabi/6.3.1/thumb/v6-m/crtbegin.o
__aeabi_idiv0                                     c:/program files (x86)/atmel/studio/7.0/toolchain/arm/arm-gnu-toolchain/bin/../lib/gcc/arm-none-eabi/6.3.1/thumb/v6-m\libgcc.a(_dvmd_tls.o)
                                                  c:/program files (x86)/atmel/studio/7.0/toolchain/arm/arm-gnu-toolchain/bin/../lib/gcc/arm-none-eabi/6.3.1/thumb/v6-m\libgcc.a(_udivsi3.o)
__aeabi_ldiv0                                     c:/program files (x86)/atmel/studio/7.0/toolchain/arm/arm-gnu-toolchain/bin/../lib/gcc/arm-none-eabi/6.3.1/thumb/v6-m\libgcc.a(_dvmd_tls.o)
__aeabi_lmul                                      c:/program files (x86)/atmel/studio/7.0/toolchain/arm/arm-gnu-toolchain/bin/../lib/gcc/arm-none-eabi/6.3.1/thumb/v6-m\libgcc.a(_muldi3.o)
                                                  src/ASF/sam0/drivers/sercom/sercom.o
__aeabi_uidiv                                     c:/program files (x86)/atmel/studio/7.0/toolchain/arm/arm-gnu-toolchain/bin/../lib/gcc/arm-none-eabi/6.3.1/thumb/v6-m\libgcc.a(_udivsi3.o)
                                                  src/ASF/sam0/drivers/system/clock/clock_samd20/gclk.o
                                                  src/ASF/common2/services/delay/sam0/systick_counter.o
__aeabi_uidivmod                                  c:/program files (x86)/atmel/studio/7.0/toolchain/arm/arm-gnu-toolchain/bin/../lib/gcc/arm-none-eabi/6.3.1/thumb/v6-m\libgcc.a(_udivsi3.o)
__bss_end__                                       c:/program files (x86)/atmel/studio/7.0/toolchain/arm/arm-gnu-toolchain/bin/../lib/gcc/arm-none-eabi/6.3.1/../../../../arm-none-eabi/lib/thumb/v6-m/crt0.o
__bss_start__                                     c:/program files (x86)/atmel/studio/7.0/toolchain/arm/arm-gnu-toolchain/bin/../lib/gcc/arm-none-eabi/6.3.1/../../../../arm-none-eabi/lib/thumb/v6-m/crt0.o
__call_exitprocs                                  c:/program files (x86)/atmel/studio/7.0/toolchain/arm/arm-gnu-toolchain/bin/../lib/gcc/arm-none-eabi/6.3.1/../../../../arm-none-eabi/lib/thumb/v6-m\libc_nano.a(lib_a-exit.o)
__deregister_frame_info                           c:/program files (x86)/atmel/studio/7.0/toolchain/arm/arm-gnu-toolchain/bin/../lib/gcc/arm-none-eabi/6.3.1/thumb/v6-m/crtbegin.o
__dso_handle                                      c:/program files (x86)/atmel/studio/7.0/toolchain/arm/arm-gnu-toolchain/bin/../lib/gcc/arm-none-eabi/6.3.1/thumb/v6-m/crtbegin.o
__init_array_end                                  c:/program files (x86)/atmel/studio/7.0/toolchain/arm/arm-gnu-toolchain/bin/../lib/gcc/arm-none-eabi/6.3.1/../../../../arm-none-eabi/lib/thumb/v6-m\libc_nano.a(lib_a-init.o)
__init_array_start                                c:/program files (x86)/atmel/studio/7.0/toolchain/arm/arm-gnu-toolchain/bin/../lib/gcc/arm-none-eabi/6.3.1/../../../../arm-none-eabi/lib/thumb/v6-m\libc_nano.a(lib_a-init.o)
__libc_fini_array                                 c:/program files (x86)/atmel/studio/7.0/toolchain/arm/arm-gnu-toolchain/bin/../lib/gcc/arm-none-eabi/6.3.1/../../../../arm-none-eabi/lib/thumb/v6-m/crt0.o
__libc_init_array                                 c:/program files (x86)/atmel/studio/7.0/toolchain/arm/arm-gnu-toolchain/bin/../lib/gcc/arm-none-eabi/6.3.1/../../../../arm-none-eabi/lib/thumb/v6-m\libc_nano.a(lib_a-init.o)
                                                  src/ASF/sam0/utils/cmsis/samd20/source/gcc/startup_samd20.o
                                                  c:/program files (x86)/atmel/studio/7.0/toolchain/arm/arm-gnu-toolchain/bin/../lib/gcc/arm-none-eabi/6.3.1/../../../../arm-none-eabi/lib/thumb/v6-m/crt0.o
__muldi3                                          c:/program files (x86)/atmel/studio/7.0/toolchain/arm/arm-gnu-toolchain/bin/../lib/gcc/arm-none-eabi/6.3.1/thumb/v6-m\libgcc.a(_muldi3.o)
__preinit_array_end                               c:/program files (x86)/atmel/studio/7.0/toolchain/arm/arm-gnu-toolchain/bin/../lib/gcc/arm-none-eabi/6.3.1/../../../../arm-none-eabi/lib/thumb/v6-m\libc_nano.a(lib_a-init.o)
__preinit_array_start                             c:/program files (x86)/atmel/studio/7.0/toolchain/arm/arm-gnu-toolchain/bin/../lib/gcc/arm-none-eabi/6.3.1/../../../../arm-none-eabi/lib/thumb/v6-m\libc_nano.a(lib_a-init.o)
__register_frame_info                             c:/program files (x86)/atmel/studio/7.0/toolchain/arm/arm-gnu-toolchain/bin/../lib/gcc/arm-none-eabi/6.3.1/thumb/v6-m/crtbegin.o
__sf_fake_stderr                                  c:/program files (x86)/atmel/studio/7.0/toolchain/arm/arm-gnu-toolchain/bin/../lib/gcc/arm-none-eabi/6.3.1/../../../../arm-none-eabi/lib/thumb/v6-m\libc_nano.a(lib_a-impure.o)
__sf_fake_stdin                                   c:/program files (x86)/atmel/studio/7.0/toolchain/arm/arm-gnu-toolchain/bin/../lib/gcc/arm-none-eabi/6.3.1/../../../../arm-none-eabi/lib/thumb/v6-m\libc_nano.a(lib_a-impure.o)
__sf_fake_stdout                                  c:/program files (x86)/atmel/studio/7.0/toolchain/arm/arm-gnu-toolchain/bin/../lib/gcc/arm-none-eabi/6.3.1/../../../../arm-none-eabi/lib/thumb/v6-m\libc_nano.a(lib_a-impure.o)
__stack                                           c:/program files (x86)/atmel/studio/7.0/toolchain/arm/arm-gnu-toolchain/bin/../lib/gcc/arm-none-eabi/6.3.1/../../../../arm-none-eabi/lib/thumb/v6-m/crt0.o
__udivsi3                                         c:/program files (x86)/atmel/studio/7.0/toolchain/arm/arm-gnu-toolchain/bin/../lib/gcc/arm-none-eabi/6.3.1/thumb/v6-m\libgcc.a(_udivsi3.o)
_close                                            src/ASF/sam0/utils/syscalls/gcc/syscalls.o
_end                                              src/ASF/sam0/utils/syscalls/gcc/syscalls.o
_erelocate                                        src/ASF/sam0/utils/cmsis/samd20/source/gcc/startup_samd20.o
_estack                                           src/ASF/sam0/utils/cmsis/samd20/source/gcc/startup_samd20.o
_etext                                            src/ASF/sam0/utils/cmsis/samd20/source/gcc/startup_samd20.o
_events_find_bit_position                         src/ASF/sam0/drivers/events/events_sam_d_r_h/events.o
                                                  src/ASF/sam0/drivers/events/events_hooks.o
_events_inst                                      src/ASF/sam0/drivers/events/events_sam_d_r_h/events.o
                                                  src/ASF/sam0/drivers/events/events_hooks.o
_exit                                             src/ASF/sam0/utils/syscalls/gcc/syscalls.o
                                                  c:/program files (x86)/atmel/studio/7.0/toolchain/arm/arm-gnu-toolchain/bin/../lib/gcc/arm-none-eabi/6.3.1/../../../../arm-none-eabi/lib/thumb/v6-m\libc_nano.a(lib_a-exit.o)
_ezero                                            src/ASF/sam0/utils/cmsis/samd20/source/gcc/startup_samd20.o
_fini                                             c:/program files (x86)/atmel/studio/7.0/toolchain/arm/arm-gnu-toolchain/bin/../lib/gcc/arm-none-eabi/6.3.1/thumb/v6-m/crti.o
_fstat                                            src/ASF/sam0/utils/syscalls/gcc/syscalls.o
_getpid                                           src/ASF/sam0/utils/syscalls/gcc/syscalls.o
_global_impure_ptr                                c:/program files (x86)/atmel/studio/7.0/toolchain/arm/arm-gnu-toolchain/bin/../lib/gcc/arm-none-eabi/6.3.1/../../../../arm-none-eabi/lib/thumb/v6-m\libc_nano.a(lib_a-impure.o)
                                                  c:/program files (x86)/atmel/studio/7.0/toolchain/arm/arm-gnu-toolchain/bin/../lib/gcc/arm-none-eabi/6.3.1/../../../../arm-none-eabi/lib/thumb/v6-m\libc_nano.a(lib_a-exit.o)
_impure_ptr                                       c:/program files (x86)/atmel/studio/7.0/toolchain/arm/arm-gnu-toolchain/bin/../lib/gcc/arm-none-eabi/6.3.1/../../../../arm-none-eabi/lib/thumb/v6-m\libc_nano.a(lib_a-impure.o)
_init                                             c:/program files (x86)/atmel/studio/7.0/toolchain/arm/arm-gnu-toolchain/bin/../lib/gcc/arm-none-eabi/6.3.1/thumb/v6-m/crti.o
                                                  c:/program files (x86)/atmel/studio/7.0/toolchain/arm/arm-gnu-toolchain/bin/../lib/gcc/arm-none-eabi/6.3.1/../../../../arm-none-eabi/lib/thumb/v6-m\libc_nano.a(lib_a-init.o)
_isatty                                           src/ASF/sam0/utils/syscalls/gcc/syscalls.o
_kill                                             src/ASF/sam0/utils/syscalls/gcc/syscalls.o
_lseek                                            src/ASF/sam0/utils/syscalls/gcc/syscalls.o
_mainCRTStartup                                   c:/program files (x86)/atmel/studio/7.0/toolchain/arm/arm-gnu-toolchain/bin/../lib/gcc/arm-none-eabi/6.3.1/../../../../arm-none-eabi/lib/thumb/v6-m/crt0.o
_sbrk                                             src/ASF/sam0/utils/syscalls/gcc/syscalls.o
_sercom_get_async_baud_val                        src/ASF/sam0/drivers/sercom/sercom.o
                                                  src/ASF/sam0/drivers/sercom/usart/usart.o
_sercom_get_default_pad                           src/ASF/sam0/drivers/sercom/sercom.o
                                                  src/ASF/sam0/drivers/sercom/usart/usart.o
_sercom_get_interrupt_vector                      src/ASF/sam0/drivers/sercom/sercom_interrupt.o
                                                  src/SERCOM_USART.o
                                                  src/Encoder_AMT212C.o
_sercom_get_sercom_inst_index                     src/ASF/sam0/drivers/sercom/sercom.o
                                                  src/ASF/sam0/drivers/sercom/sercom_interrupt.o
                                                  src/ASF/sam0/drivers/sercom/usart/usart.o
_sercom_get_sync_baud_val                         src/ASF/sam0/drivers/sercom/sercom.o
                                                  src/ASF/sam0/drivers/sercom/usart/usart.o
_sercom_instances                                 src/ASF/sam0/drivers/sercom/sercom_interrupt.o
                                                  src/ASF/sam0/drivers/sercom/usart/usart_interrupt.o
                                                  src/ASF/sam0/drivers/sercom/usart/usart.o
_sercom_set_handler                               src/ASF/sam0/drivers/sercom/sercom_interrupt.o
                                                  src/ASF/sam0/drivers/sercom/usart/usart.o
_sfixed                                           src/ASF/sam0/utils/cmsis/samd20/source/gcc/startup_samd20.o
_srelocate                                        src/ASF/sam0/utils/cmsis/samd20/source/gcc/startup_samd20.o
_start                                            c:/program files (x86)/atmel/studio/7.0/toolchain/arm/arm-gnu-toolchain/bin/../lib/gcc/arm-none-eabi/6.3.1/../../../../arm-none-eabi/lib/thumb/v6-m/crt0.o
_system_divas_init                                src/ASF/sam0/drivers/system/system.o
_system_dummy_init                                src/ASF/sam0/drivers/system/system.o
_system_events_init                               src/ASF/sam0/drivers/events/events_sam_d_r_h/events.o
_system_extint_init                               src/ASF/sam0/drivers/system/system.o
_szero                                            src/ASF/sam0/utils/cmsis/samd20/source/gcc/startup_samd20.o
_tc_get_inst_index                                src/ASF/sam0/drivers/tc/tc_sam_d_r_h/tc.o
_tc_instances                                     src/ASF/sam0/drivers/tc/tc_interrupt.o
                                                  src/ASF/sam0/drivers/tc/tc_sam_d_r_h/tc.o
_tc_interrupt_handler                             src/ASF/sam0/drivers/tc/tc_interrupt.o
_usart_interrupt_handler                          src/ASF/sam0/drivers/sercom/usart/usart_interrupt.o
                                                  src/ASF/sam0/drivers/sercom/usart/usart.o
_usart_read_buffer                                src/ASF/sam0/drivers/sercom/usart/usart_interrupt.o
_usart_write_buffer                               src/ASF/sam0/drivers/sercom/usart/usart_interrupt.o
atexit                                            c:/program files (x86)/atmel/studio/7.0/toolchain/arm/arm-gnu-toolchain/bin/../lib/gcc/arm-none-eabi/6.3.1/../../../../arm-none-eabi/lib/thumb/v6-m/crt0.o
board_init                                        src/ASF/common2/boards/user_board/init.o
bod_set_config                                    src/ASF/sam0/drivers/bod/bod_sam_d_r_h/bod.o
                                                  src/GPIO_Peripherals.o
ch_buffer                                         src/main.o
                                                  src/GPIO_Peripherals.o
                                                  src/Motors_4118S-04SD.o
                                                  src/SERCOM_USART.o
                                                  src/Encoder_AMT212C.o
config_BOD                                        src/GPIO_Peripherals.o
config_ENCODER_UART                               src/Encoder_AMT212C.o
config_ENC_usart                                  src/main.o
                                                  src/GPIO_Peripherals.o
                                                  src/Motors_4118S-04SD.o
                                                  src/SERCOM_USART.o
                                                  src/Encoder_AMT212C.o
config_GCLK                                       src/GPIO_Peripherals.o
config_GPIO                                       src/GPIO_Peripherals.o
config_Motors                                     src/Motors_4118S-04SD.o
config_UART                                       src/SERCOM_USART.o
                                                  src/GPIO_Peripherals.o
config_UART_Callback                              src/SERCOM_USART.o
                                                  src/GPIO_Peripherals.o
config_WDT                                        src/GPIO_Peripherals.o
config_WDT_Callback                               src/GPIO_Peripherals.o
config_encUART                                    src/Encoder_AMT212C.o
config_encoder                                    src/Encoder_AMT212C.o
cpu_irq_enter_critical                            src/ASF/common/utils/interrupt/interrupt_sam_nvic.o
                                                  src/ASF/sam0/drivers/system/clock/clock_samd20/gclk.o
                                                  src/ASF/sam0/drivers/sercom/usart/usart_interrupt.o
                                                  src/ASF/sam0/drivers/events/events_sam_d_r_h/events.o
cpu_irq_leave_critical                            src/ASF/common/utils/interrupt/interrupt_sam_nvic.o
                                                  src/ASF/sam0/drivers/system/clock/clock_samd20/gclk.o
                                                  src/ASF/sam0/drivers/sercom/usart/usart_interrupt.o
                                                  src/ASF/sam0/drivers/events/events_sam_d_r_h/events.o
delay_cycles_ms                                   src/ASF/common2/services/delay/sam0/systick_counter.o
                                                  src/main.o
                                                  src/Encoder_AMT212C.o
delay_cycles_us                                   src/ASF/common2/services/delay/sam0/systick_counter.o
                                                  src/Encoder_AMT212C.o
delay_init                                        src/ASF/common2/services/delay/sam0/systick_counter.o
                                                  src/GPIO_Peripherals.o
encRead_pos                                       src/Encoder_AMT212C.o
encRead_turns                                     src/Encoder_AMT212C.o
events_ack_interrupt                              src/ASF/sam0/drivers/events/events_hooks.o
events_add_hook                                   src/ASF/sam0/drivers/events/events_hooks.o
events_allocate                                   src/ASF/sam0/drivers/events/events_sam_d_r_h/events.o
events_attach_user                                src/ASF/sam0/drivers/events/events_sam_d_r_h/events.o
events_create_hook                                src/ASF/sam0/drivers/events/events_hooks.o
events_del_hook                                   src/ASF/sam0/drivers/events/events_hooks.o
events_detach_user                                src/ASF/sam0/drivers/events/events_sam_d_r_h/events.o
events_disable_interrupt_source                   src/ASF/sam0/drivers/events/events_hooks.o
events_enable_interrupt_source                    src/ASF/sam0/drivers/events/events_hooks.o
events_get_config_defaults                        src/ASF/sam0/drivers/events/events_sam_d_r_h/events.o
events_get_free_channels                          src/ASF/sam0/drivers/events/events_sam_d_r_h/events.o
events_is_busy                                    src/ASF/sam0/drivers/events/events_sam_d_r_h/events.o
events_is_detected                                src/ASF/sam0/drivers/events/events_sam_d_r_h/events.o
events_is_interrupt_set                           src/ASF/sam0/drivers/events/events_hooks.o
events_is_overrun                                 src/ASF/sam0/drivers/events/events_sam_d_r_h/events.o
events_is_users_ready                             src/ASF/sam0/drivers/events/events_sam_d_r_h/events.o
events_release                                    src/ASF/sam0/drivers/events/events_sam_d_r_h/events.o
events_trigger                                    src/ASF/sam0/drivers/events/events_sam_d_r_h/events.o
exception_table                                   src/ASF/sam0/utils/cmsis/samd20/source/gcc/startup_samd20.o
exit                                              c:/program files (x86)/atmel/studio/7.0/toolchain/arm/arm-gnu-toolchain/bin/../lib/gcc/arm-none-eabi/6.3.1/../../../../arm-none-eabi/lib/thumb/v6-m\libc_nano.a(lib_a-exit.o)
                                                  c:/program files (x86)/atmel/studio/7.0/toolchain/arm/arm-gnu-toolchain/bin/../lib/gcc/arm-none-eabi/6.3.1/../../../../arm-none-eabi/lib/thumb/v6-m/crt0.o
g_interrupt_enabled                               src/ASF/common/utils/interrupt/interrupt_sam_nvic.o
                                                  src/GPIO_Peripherals.o
hardware_init_hook                                c:/program files (x86)/atmel/studio/7.0/toolchain/arm/arm-gnu-toolchain/bin/../lib/gcc/arm-none-eabi/6.3.1/../../../../arm-none-eabi/lib/thumb/v6-m/crt0.o
init                                              src/main.o
link                                              src/ASF/sam0/utils/syscalls/gcc/syscalls.o
main                                              src/main.o
                                                  src/ASF/sam0/utils/cmsis/samd20/source/gcc/startup_samd20.o
                                                  c:/program files (x86)/atmel/studio/7.0/toolchain/arm/arm-gnu-toolchain/bin/../lib/gcc/arm-none-eabi/6.3.1/../../../../arm-none-eabi/lib/thumb/v6-m/crt0.o
memset                                            c:/program files (x86)/atmel/studio/7.0/toolchain/arm/arm-gnu-toolchain/bin/../lib/gcc/arm-none-eabi/6.3.1/../../../../arm-none-eabi/lib/thumb/v6-m\libc_nano.a(lib_a-memset.o)
                                                  c:/program files (x86)/atmel/studio/7.0/toolchain/arm/arm-gnu-toolchain/bin/../lib/gcc/arm-none-eabi/6.3.1/../../../../arm-none-eabi/lib/thumb/v6-m/crt0.o
port_group_set_config                             src/ASF/sam0/drivers/port/port.o
port_pin_set_config                               src/ASF/sam0/drivers/port/port.o
                                                  src/GPIO_Peripherals.o
                                                  src/Motors_4118S-04SD.o
                                                  src/Encoder_AMT212C.o
result_pos                                        src/Encoder_AMT212C.o
result_position                                   src/Encoder_AMT212C.o
result_tur                                        src/Encoder_AMT212C.o
result_turns                                      src/Encoder_AMT212C.o
rx_encIndex                                       src/Encoder_AMT212C.o
rx_index                                          src/main.o
                                                  src/GPIO_Peripherals.o
                                                  src/Motors_4118S-04SD.o
                                                  src/SERCOM_USART.o
                                                  src/Encoder_AMT212C.o
sercom_set_gclk_generator                         src/ASF/sam0/drivers/sercom/sercom.o
                                                  src/ASF/sam0/drivers/sercom/usart/usart.o
shift_position                                    src/Encoder_AMT212C.o
software_init_hook                                c:/program files (x86)/atmel/studio/7.0/toolchain/arm/arm-gnu-toolchain/bin/../lib/gcc/arm-none-eabi/6.3.1/../../../../arm-none-eabi/lib/thumb/v6-m/crt0.o
start_msg                                         src/SERCOM_USART.o
statusCheck                                       src/main.o
sys_config                                        src/GPIO_Peripherals.o
                                                  src/main.o
system_board_init                                 src/ASF/common2/boards/user_board/init.o
system_clock_init                                 src/ASF/sam0/drivers/system/clock/clock_samd20/clock.o
system_clock_source_dfll_set_config               src/ASF/sam0/drivers/system/clock/clock_samd20/clock.o
system_clock_source_disable                       src/ASF/sam0/drivers/system/clock/clock_samd20/clock.o
system_clock_source_enable                        src/ASF/sam0/drivers/system/clock/clock_samd20/clock.o
system_clock_source_get_hz                        src/ASF/sam0/drivers/system/clock/clock_samd20/clock.o
                                                  src/ASF/sam0/drivers/system/clock/clock_samd20/gclk.o
system_clock_source_is_ready                      src/ASF/sam0/drivers/system/clock/clock_samd20/clock.o
system_clock_source_osc32k_set_config             src/ASF/sam0/drivers/system/clock/clock_samd20/clock.o
system_clock_source_osc8m_set_config              src/ASF/sam0/drivers/system/clock/clock_samd20/clock.o
system_clock_source_write_calibration             src/ASF/sam0/drivers/system/clock/clock_samd20/clock.o
system_clock_source_xosc32k_set_config            src/ASF/sam0/drivers/system/clock/clock_samd20/clock.o
system_clock_source_xosc_set_config               src/ASF/sam0/drivers/system/clock/clock_samd20/clock.o
system_gclk_chan_disable                          src/ASF/sam0/drivers/system/clock/clock_samd20/gclk.o
system_gclk_chan_enable                           src/ASF/sam0/drivers/system/clock/clock_samd20/gclk.o
                                                  src/ASF/sam0/drivers/sercom/usart/usart.o
                                                  src/ASF/sam0/drivers/sercom/sercom.o
                                                  src/ASF/sam0/drivers/events/events_sam_d_r_h/events.o
                                                  src/ASF/sam0/drivers/wdt/wdt.o
                                                  src/ASF/sam0/drivers/tc/tc_sam_d_r_h/tc.o
system_gclk_chan_get_hz                           src/ASF/sam0/drivers/system/clock/clock_samd20/gclk.o
                                                  src/ASF/sam0/drivers/system/clock/clock_samd20/clock.o
                                                  src/ASF/sam0/drivers/sercom/usart/usart.o
system_gclk_chan_is_enabled                       src/ASF/sam0/drivers/system/clock/clock_samd20/gclk.o
system_gclk_chan_is_locked                        src/ASF/sam0/drivers/system/clock/clock_samd20/gclk.o
system_gclk_chan_lock                             src/ASF/sam0/drivers/system/clock/clock_samd20/gclk.o
                                                  src/ASF/sam0/drivers/wdt/wdt.o
system_gclk_chan_set_config                       src/ASF/sam0/drivers/system/clock/clock_samd20/gclk.o
                                                  src/ASF/sam0/drivers/system/clock/clock_samd20/clock.o
                                                  src/ASF/sam0/drivers/sercom/usart/usart.o
                                                  src/ASF/sam0/drivers/sercom/sercom.o
                                                  src/ASF/sam0/drivers/events/events_sam_d_r_h/events.o
                                                  src/ASF/sam0/drivers/wdt/wdt.o
                                                  src/ASF/sam0/drivers/tc/tc_sam_d_r_h/tc.o
system_gclk_gen_disable                           src/ASF/sam0/drivers/system/clock/clock_samd20/gclk.o
system_gclk_gen_enable                            src/ASF/sam0/drivers/system/clock/clock_samd20/gclk.o
                                                  src/ASF/sam0/drivers/system/clock/clock_samd20/clock.o
                                                  src/GPIO_Peripherals.o
system_gclk_gen_get_hz                            src/ASF/sam0/drivers/system/clock/clock_samd20/gclk.o
                                                  src/ASF/common2/services/delay/sam0/systick_counter.o
                                                  src/GPIO_Peripherals.o
system_gclk_gen_is_enabled                        src/ASF/sam0/drivers/system/clock/clock_samd20/gclk.o
system_gclk_gen_set_config                        src/ASF/sam0/drivers/system/clock/clock_samd20/gclk.o
                                                  src/ASF/sam0/drivers/system/clock/clock_samd20/clock.o
                                                  src/GPIO_Peripherals.o
system_gclk_init                                  src/ASF/sam0/drivers/system/clock/clock_samd20/gclk.o
                                                  src/ASF/sam0/drivers/system/clock/clock_samd20/clock.o
system_init                                       src/ASF/sam0/drivers/system/system.o
                                                  src/main.o
system_interrupt_clear_pending                    src/ASF/sam0/drivers/system/interrupt/system_interrupt.o
system_interrupt_get_priority                     src/ASF/sam0/drivers/system/interrupt/system_interrupt.o
system_interrupt_is_pending                       src/ASF/sam0/drivers/system/interrupt/system_interrupt.o
system_interrupt_set_pending                      src/ASF/sam0/drivers/system/interrupt/system_interrupt.o
system_interrupt_set_priority                     src/ASF/sam0/drivers/system/interrupt/system_interrupt.o
system_pinmux_group_set_config                    src/ASF/sam0/drivers/system/pinmux/pinmux.o
                                                  src/ASF/sam0/drivers/port/port.o
system_pinmux_group_set_input_sample_mode         src/ASF/sam0/drivers/system/pinmux/pinmux.o
system_pinmux_pin_set_config                      src/ASF/sam0/drivers/system/pinmux/pinmux.o
                                                  src/ASF/sam0/drivers/port/port.o
                                                  src/ASF/sam0/drivers/sercom/usart/usart.o
                                                  src/ASF/sam0/drivers/tc/tc_sam_d_r_h/tc.o
tc_get_capture_value                              src/ASF/sam0/drivers/tc/tc_sam_d_r_h/tc.o
tc_get_count_value                                src/ASF/sam0/drivers/tc/tc_sam_d_r_h/tc.o
tc_init                                           src/ASF/sam0/drivers/tc/tc_sam_d_r_h/tc.o
tc_register_callback                              src/ASF/sam0/drivers/tc/tc_interrupt.o
tc_reset                                          src/ASF/sam0/drivers/tc/tc_sam_d_r_h/tc.o
tc_set_compare_value                              src/ASF/sam0/drivers/tc/tc_sam_d_r_h/tc.o
tc_set_count_value                                src/ASF/sam0/drivers/tc/tc_sam_d_r_h/tc.o
tc_set_top_value                                  src/ASF/sam0/drivers/tc/tc_sam_d_r_h/tc.o
tc_unregister_callback                            src/ASF/sam0/drivers/tc/tc_interrupt.o
timer_count                                       src/main.o
tx_rx_buffer                                      src/main.o
                                                  src/GPIO_Peripherals.o
                                                  src/Motors_4118S-04SD.o
                                                  src/SERCOM_USART.o
                                                  src/Encoder_AMT212C.o
usart_abort_job                                   src/ASF/sam0/drivers/sercom/usart/usart_interrupt.o
usart_get_job_status                              src/ASF/sam0/drivers/sercom/usart/usart_interrupt.o
usart_init                                        src/ASF/sam0/drivers/sercom/usart/usart.o
                                                  src/SERCOM_USART.o
                                                  src/Encoder_AMT212C.o
usart_instance                                    src/main.o
                                                  src/GPIO_Peripherals.o
                                                  src/Motors_4118S-04SD.o
                                                  src/SERCOM_USART.o
                                                  src/Encoder_AMT212C.o
usart_instance_ENC                                src/main.o
                                                  src/GPIO_Peripherals.o
                                                  src/Motors_4118S-04SD.o
                                                  src/SERCOM_USART.o
                                                  src/Encoder_AMT212C.o
usart_read_buffer_job                             src/ASF/sam0/drivers/sercom/usart/usart_interrupt.o
                                                  src/SERCOM_USART.o
                                                  src/Encoder_AMT212C.o
usart_read_buffer_wait                            src/ASF/sam0/drivers/sercom/usart/usart.o
usart_read_callback                               src/SERCOM_USART.o
usart_read_job                                    src/ASF/sam0/drivers/sercom/usart/usart_interrupt.o
usart_read_wait                                   src/ASF/sam0/drivers/sercom/usart/usart.o
usart_register_callback                           src/ASF/sam0/drivers/sercom/usart/usart_interrupt.o
                                                  src/SERCOM_USART.o
usart_unregister_callback                         src/ASF/sam0/drivers/sercom/usart/usart_interrupt.o
usart_write_buffer_job                            src/ASF/sam0/drivers/sercom/usart/usart_interrupt.o
                                                  src/Encoder_AMT212C.o
usart_write_buffer_wait                           src/ASF/sam0/drivers/sercom/usart/usart.o
                                                  src/main.o
usart_write_callback                              src/SERCOM_USART.o
usart_write_job                                   src/ASF/sam0/drivers/sercom/usart/usart_interrupt.o
usart_write_wait                                  src/ASF/sam0/drivers/sercom/usart/usart.o
watchdog_early_warning_callback                   src/GPIO_Peripherals.o
wdt_disable_callback                              src/ASF/sam0/drivers/wdt/wdt_callback.o
wdt_early_warning_callback                        src/ASF/sam0/drivers/wdt/wdt_callback.o
wdt_enable_callback                               src/ASF/sam0/drivers/wdt/wdt_callback.o
                                                  src/GPIO_Peripherals.o
wdt_register_callback                             src/ASF/sam0/drivers/wdt/wdt_callback.o
                                                  src/GPIO_Peripherals.o
wdt_reset_count                                   src/ASF/sam0/drivers/wdt/wdt.o
wdt_set_config                                    src/ASF/sam0/drivers/wdt/wdt.o
                                                  src/GPIO_Peripherals.o
wdt_unregister_callback                           src/ASF/sam0/drivers/wdt/wdt_callback.o
writeStr                                          src/main.o
                                                  src/GPIO_Peripherals.o
                                                  src/Motors_4118S-04SD.o
                                                  src/SERCOM_USART.o
                                                  src/Encoder_AMT212C.o
zero_flag                                         src/Encoder_AMT212C.o
