Archive member included to satisfy reference by file (symbol)

c:/program files (x86)/atmel/studio/7.0/toolchain/arm/arm-gnu-toolchain/bin/../lib/gcc/arm-none-eabi/6.3.1/thumb/v6-m\libgcc.a(_thumb1_case_uqi.o)
                              src/ASF/sam0/drivers/sercom/sercom.o (__gnu_thumb1_case_uqi)
c:/program files (x86)/atmel/studio/7.0/toolchain/arm/arm-gnu-toolchain/bin/../lib/gcc/arm-none-eabi/6.3.1/thumb/v6-m\libgcc.a(_udivsi3.o)
                              src/ASF/common2/services/delay/sam0/systick_counter.o (__aeabi_uidiv)
c:/program files (x86)/atmel/studio/7.0/toolchain/arm/arm-gnu-toolchain/bin/../lib/gcc/arm-none-eabi/6.3.1/thumb/v6-m\libgcc.a(_dvmd_tls.o)
                              c:/program files (x86)/atmel/studio/7.0/toolchain/arm/arm-gnu-toolchain/bin/../lib/gcc/arm-none-eabi/6.3.1/thumb/v6-m\libgcc.a(_udivsi3.o) (__aeabi_idiv0)
c:/program files (x86)/atmel/studio/7.0/toolchain/arm/arm-gnu-toolchain/bin/../lib/gcc/arm-none-eabi/6.3.1/thumb/v6-m\libgcc.a(_ashldi3.o)
                              src/ASF/sam0/drivers/sercom/sercom.o (__aeabi_llsl)
c:/program files (x86)/atmel/studio/7.0/toolchain/arm/arm-gnu-toolchain/bin/../lib/gcc/arm-none-eabi/6.3.1/thumb/v6-m\libgcc.a(_muldi3.o)
                              src/ASF/sam0/drivers/sercom/sercom.o (__aeabi_lmul)
c:/program files (x86)/atmel/studio/7.0/toolchain/arm/arm-gnu-toolchain/bin/../lib/gcc/arm-none-eabi/6.3.1/../../../../arm-none-eabi/lib/thumb/v6-m\libc_nano.a(lib_a-exit.o)
                              c:/program files (x86)/atmel/studio/7.0/toolchain/arm/arm-gnu-toolchain/bin/../lib/gcc/arm-none-eabi/6.3.1/../../../../arm-none-eabi/lib/thumb/v6-m/crt0.o (exit)
c:/program files (x86)/atmel/studio/7.0/toolchain/arm/arm-gnu-toolchain/bin/../lib/gcc/arm-none-eabi/6.3.1/../../../../arm-none-eabi/lib/thumb/v6-m\libc_nano.a(lib_a-impure.o)
                              c:/program files (x86)/atmel/studio/7.0/toolchain/arm/arm-gnu-toolchain/bin/../lib/gcc/arm-none-eabi/6.3.1/../../../../arm-none-eabi/lib/thumb/v6-m\libc_nano.a(lib_a-exit.o) (_global_impure_ptr)
c:/program files (x86)/atmel/studio/7.0/toolchain/arm/arm-gnu-toolchain/bin/../lib/gcc/arm-none-eabi/6.3.1/../../../../arm-none-eabi/lib/thumb/v6-m\libc_nano.a(lib_a-init.o)
                              c:/program files (x86)/atmel/studio/7.0/toolchain/arm/arm-gnu-toolchain/bin/../lib/gcc/arm-none-eabi/6.3.1/../../../../arm-none-eabi/lib/thumb/v6-m/crt0.o (__libc_init_array)
c:/program files (x86)/atmel/studio/7.0/toolchain/arm/arm-gnu-toolchain/bin/../lib/gcc/arm-none-eabi/6.3.1/../../../../arm-none-eabi/lib/thumb/v6-m\libc_nano.a(lib_a-memcpy-stub.o)
                              src/ASF/sam0/drivers/tc/tc_sam_d_r_h/tc.o (memcpy)
c:/program files (x86)/atmel/studio/7.0/toolchain/arm/arm-gnu-toolchain/bin/../lib/gcc/arm-none-eabi/6.3.1/../../../../arm-none-eabi/lib/thumb/v6-m\libc_nano.a(lib_a-memset.o)
                              c:/program files (x86)/atmel/studio/7.0/toolchain/arm/arm-gnu-toolchain/bin/../lib/gcc/arm-none-eabi/6.3.1/../../../../arm-none-eabi/lib/thumb/v6-m/crt0.o (memset)

Allocating common symbols
Common symbol       size              file

ch_buffer           0x1               src/Encoder_AMT212C.o
usart_instance      0x24              src/Encoder_AMT212C.o
wdt_early_warning_callback
                    0x4               src/ASF/sam0/drivers/wdt/wdt_callback.o
rx_encIndex         0x2               src/Encoder_AMT212C.o
tx_rx_buffer        0x258             src/Encoder_AMT212C.o
usart_instance_ENC  0x24              src/Encoder_AMT212C.o
config_ENC_usart    0x30              src/Encoder_AMT212C.o
_tc_instances       0x20              src/ASF/sam0/drivers/tc/tc_interrupt.o
_sercom_instances   0x18              src/ASF/sam0/drivers/sercom/sercom_interrupt.o
USART_data_available
                    0x1               src/Encoder_AMT212C.o
rx_index            0x2               src/Encoder_AMT212C.o
timer_count         0x4               src/main.o

Discarded input sections

 .text          0x00000000        0x0 c:/program files (x86)/atmel/studio/7.0/toolchain/arm/arm-gnu-toolchain/bin/../lib/gcc/arm-none-eabi/6.3.1/thumb/v6-m/crti.o
 .data          0x00000000        0x0 c:/program files (x86)/atmel/studio/7.0/toolchain/arm/arm-gnu-toolchain/bin/../lib/gcc/arm-none-eabi/6.3.1/thumb/v6-m/crti.o
 .bss           0x00000000        0x0 c:/program files (x86)/atmel/studio/7.0/toolchain/arm/arm-gnu-toolchain/bin/../lib/gcc/arm-none-eabi/6.3.1/thumb/v6-m/crti.o
 .data          0x00000000        0x4 c:/program files (x86)/atmel/studio/7.0/toolchain/arm/arm-gnu-toolchain/bin/../lib/gcc/arm-none-eabi/6.3.1/thumb/v6-m/crtbegin.o
 .text          0x00000000       0x78 c:/program files (x86)/atmel/studio/7.0/toolchain/arm/arm-gnu-toolchain/bin/../lib/gcc/arm-none-eabi/6.3.1/../../../../arm-none-eabi/lib/thumb/v6-m/crt0.o
[...]
Memory Configuration

Name             Origin             Length             Attributes
rom              0x00000000         0x00040000         xr
ram              0x20000000         0x00008000         xrw
*default*        0x00000000         0xffffffff

Linker script and memory map

LOAD c:/program files (x86)/atmel/studio/7.0/toolchain/arm/arm-gnu-toolchain/bin/../lib/gcc/arm-none-eabi/6.3.1/thumb/v6-m/crti.o
LOAD c:/program files (x86)/atmel/studio/7.0/toolchain/arm/arm-gnu-toolchain/bin/../lib/gcc/arm-none-eabi/6.3.1/thumb/v6-m/crtbegin.o
LOAD c:/program files (x86)/atmel/studio/7.0/toolchain/arm/arm-gnu-toolchain/bin/../lib/gcc/arm-none-eabi/6.3.1/../../../../arm-none-eabi/lib/thumb/v6-m/crt0.o
LOAD src/Ascii2Hex.o
LOAD src/ASF/sam0/drivers/tc/tc_sam_d_r_h/tc.o
LOAD src/ASF/sam0/drivers/wdt/wdt.o
LOAD src/ASF/sam0/drivers/wdt/wdt_callback.o
LOAD src/ASF/sam0/drivers/tc/tc_interrupt.o
LOAD src/ASF/sam0/drivers/events/events_hooks.o
LOAD src/ASF/sam0/drivers/events/events_sam_d_r_h/events.o
LOAD src/ASF/sam0/drivers/bod/bod_sam_d_r_h/bod.o
LOAD src/ASF/sam0/drivers/sercom/sercom.o
LOAD src/Encoder_AMT212C.o
LOAD src/SERCOM_USART.o
LOAD src/ASF/sam0/drivers/sercom/usart/usart.o
LOAD src/ASF/sam0/drivers/sercom/usart/usart_interrupt.o
LOAD src/ASF/sam0/drivers/sercom/sercom_interrupt.o
LOAD src/Motors_4118S-04SD.o
LOAD src/GPIO_Peripherals.o
LOAD src/ASF/common2/services/delay/sam0/systick_counter.o
LOAD src/ASF/sam0/drivers/port/port.o
LOAD src/ASF/common2/boards/user_board/init.o
LOAD src/ASF/common/utils/interrupt/interrupt_sam_nvic.o
LOAD src/ASF/sam0/drivers/system/clock/clock_samd20/clock.o
LOAD src/ASF/sam0/drivers/system/clock/clock_samd20/gclk.o
LOAD src/ASF/sam0/drivers/system/interrupt/system_interrupt.o
LOAD src/ASF/sam0/drivers/system/pinmux/pinmux.o
LOAD src/ASF/sam0/drivers/system/system.o
LOAD src/ASF/sam0/utils/cmsis/samd20/source/gcc/startup_samd20.o
LOAD src/ASF/sam0/utils/cmsis/samd20/source/system_samd20.o
LOAD src/ASF/sam0/utils/syscalls/gcc/syscalls.o
LOAD src/main.o
START GROUP
LOAD ../src/ASF/thirdparty/CMSIS/Lib/GCC\libarm_cortexM0l_math.a
LOAD c:/program files (x86)/atmel/studio/7.0/toolchain/arm/arm-gnu-toolchain/bin/../lib/gcc/arm-none-eabi/6.3.1/../../../../arm-none-eabi/lib/thumb/v6-m\libm.a
END GROUP
START GROUP
LOAD c:/program files (x86)/atmel/studio/7.0/toolchain/arm/arm-gnu-toolchain/bin/../lib/gcc/arm-none-eabi/6.3.1/thumb/v6-m\libgcc.a
LOAD c:/program files (x86)/atmel/studio/7.0/toolchain/arm/arm-gnu-toolchain/bin/../lib/gcc/arm-none-eabi/6.3.1/../../../../arm-none-eabi/lib/thumb/v6-m\libc_nano.a
END GROUP
START GROUP
LOAD c:/program files (x86)/atmel/studio/7.0/toolchain/arm/arm-gnu-toolchain/bin/../lib/gcc/arm-none-eabi/6.3.1/thumb/v6-m\libgcc.a
LOAD c:/program files (x86)/atmel/studio/7.0/toolchain/arm/arm-gnu-toolchain/bin/../lib/gcc/arm-none-eabi/6.3.1/../../../../arm-none-eabi/lib/thumb/v6-m\libc_nano.a
END GROUP
LOAD c:/program files (x86)/atmel/studio/7.0/toolchain/arm/arm-gnu-toolchain/bin/../lib/gcc/arm-none-eabi/6.3.1/thumb/v6-m/crtend.o
LOAD c:/program files (x86)/atmel/studio/7.0/toolchain/arm/arm-gnu-toolchain/bin/../lib/gcc/arm-none-eabi/6.3.1/thumb/v6-m/crtn.o
                0x00002000                STACK_SIZE = DEFINED (STACK_SIZE)?STACK_SIZE:DEFINED (__stack_size__)?__stack_size__:0x2000

.text           0x00000000     0x179c
                0x00000000                . = ALIGN (0x4)
                0x00000000                _sfixed = .
 *(.vectors .vectors.*)
 .vectors       0x00000000       0xa4 src/ASF/sam0/utils/cmsis/samd20/source/gcc/startup_samd20.o
                0x00000000                exception_table
 *(.text .text.* .gnu.linkonce.t.*)
 .text          0x000000a4       0x60 c:/program files (x86)/atmel/studio/7.0/toolchain/arm/arm-gnu-toolchain/bin/../lib/gcc/arm-none-eabi/6.3.1/thumb/v6-m/crtbegin.o
 .text.wdt_set_config
                0x00000104       0xd8 src/ASF/sam0/drivers/wdt/wdt.o
                0x00000104                wdt_set_config
 .text.wdt_register_callback
                0x000001dc       0x14 src/ASF/sam0/drivers/wdt/wdt_callback.o
                0x000001dc                wdt_register_callback
 .text.wdt_enable_callback
                0x000001f0       0x20 src/ASF/sam0/drivers/wdt/wdt_callback.o
                0x000001f0                wdt_enable_callback
 .text.WDT_Handler
                0x00000210       0x1c src/ASF/sam0/drivers/wdt/wdt_callback.o
                0x00000210                WDT_Handler
 .text._tc_interrupt_handler
                0x0000022c       0x5c src/ASF/sam0/drivers/tc/tc_interrupt.o
                0x0000022c                _tc_interrupt_handler
 .text.TC0_Handler
                0x00000288       0x10 src/ASF/sam0/drivers/tc/tc_interrupt.o
                0x00000288                TC0_Handler
 .text.TC1_Handler
                0x00000298       0x10 src/ASF/sam0/drivers/tc/tc_interrupt.o
                0x00000298                TC1_Handler
 .text.TC2_Handler
                0x000002a8       0x10 src/ASF/sam0/drivers/tc/tc_interrupt.o
                0x000002a8                TC2_Handler
 .text.TC3_Handler
                0x000002b8       0x10 src/ASF/sam0/drivers/tc/tc_interrupt.o
                0x000002b8                TC3_Handler
 .text.TC4_Handler
                0x000002c8       0x10 src/ASF/sam0/drivers/tc/tc_interrupt.o
                0x000002c8                TC4_Handler
 .text.TC5_Handler
                0x000002d8       0x10 src/ASF/sam0/drivers/tc/tc_interrupt.o
                0x000002d8                TC5_Handler
 .text.TC6_Handler
                0x000002e8       0x10 src/ASF/sam0/drivers/tc/tc_interrupt.o
                0x000002e8                TC6_Handler
 .text.TC7_Handler
                0x000002f8       0x10 src/ASF/sam0/drivers/tc/tc_interrupt.o
                0x000002f8                TC7_Handler
 .text.EVSYS_Handler
                0x00000308       0x38 src/ASF/sam0/drivers/events/events_hooks.o
                0x00000308                EVSYS_Handler
 .text._system_events_init
                0x00000340       0x20 src/ASF/sam0/drivers/events/events_sam_d_r_h/events.o
                0x00000340                _system_events_init
 .text.long_division
                0x00000360       0x6c src/ASF/sam0/drivers/sercom/sercom.o
 .text._sercom_get_sync_baud_val
                0x000003cc       0x28 src/ASF/sam0/drivers/sercom/sercom.o
                0x000003cc                _sercom_get_sync_baud_val
 .text._sercom_get_async_baud_val
                0x000003f4       0x98 src/ASF/sam0/drivers/sercom/sercom.o
                0x000003f4                _sercom_get_async_baud_val
 .text.sercom_set_gclk_generator
                0x0000048c       0x44 src/ASF/sam0/drivers/sercom/sercom.o
                0x0000048c                sercom_set_gclk_generator
 .text._sercom_get_default_pad
                0x000004d0      0x15c src/ASF/sam0/drivers/sercom/sercom.o
                0x000004d0                _sercom_get_default_pad
 .text._sercom_get_sercom_inst_index
                0x0000062c       0x30 src/ASF/sam0/drivers/sercom/sercom.o
                0x0000062c                _sercom_get_sercom_inst_index
 .text.usart_write_callback
                0x0000065c        0x4 src/SERCOM_USART.o
                0x0000065c                usart_write_callback
 .text.config_UART
                0x00000660       0xa0 src/SERCOM_USART.o
                0x00000660                config_UART
 .text.config_UART_Callback
                0x00000700       0x34 src/SERCOM_USART.o
                0x00000700                config_UART_Callback
 .text.UART_Continuous
                0x00000734       0x1c src/SERCOM_USART.o
                0x00000734                UART_Continuous
 .text.usart_read_callback
                0x00000750       0x40 src/SERCOM_USART.o
                0x00000750                usart_read_callback
 .text._usart_wait_for_sync
                0x00000790        0xc src/ASF/sam0/drivers/sercom/usart/usart.o
 .text.usart_init
                0x0000079c      0x210 src/ASF/sam0/drivers/sercom/usart/usart.o
                0x0000079c                usart_init
 .text.usart_write_wait
                0x000009ac       0x30 src/ASF/sam0/drivers/sercom/usart/usart.o
                0x000009ac                usart_write_wait
 .text.usart_write_buffer_wait
                0x000009dc       0x88 src/ASF/sam0/drivers/sercom/usart/usart.o
                0x000009dc                usart_write_buffer_wait
 .text._usart_read_buffer
                0x00000a64       0x40 src/ASF/sam0/drivers/sercom/usart/usart_interrupt.o
                0x00000a64                _usart_read_buffer
 .text.usart_register_callback
                0x00000aa4       0x16 src/ASF/sam0/drivers/sercom/usart/usart_interrupt.o
                0x00000aa4                usart_register_callback
 *fill*         0x00000aba        0x2 
 .text.usart_read_buffer_job
                0x00000abc       0x20 src/ASF/sam0/drivers/sercom/usart/usart_interrupt.o
                0x00000abc                usart_read_buffer_job
 .text._usart_interrupt_handler
                0x00000adc      0x110 src/ASF/sam0/drivers/sercom/usart/usart_interrupt.o
                0x00000adc                _usart_interrupt_handler
 .text._sercom_default_handler
                0x00000bec        0x2 src/ASF/sam0/drivers/sercom/sercom_interrupt.o
 *fill*         0x00000bee        0x2 
 .text._sercom_set_handler
                0x00000bf0       0x38 src/ASF/sam0/drivers/sercom/sercom_interrupt.o
                0x00000bf0                _sercom_set_handler
 .text._sercom_get_interrupt_vector
                0x00000c28       0x2c src/ASF/sam0/drivers/sercom/sercom_interrupt.o
                0x00000c28                _sercom_get_interrupt_vector
 .text.SERCOM0_Handler
                0x00000c54       0x10 src/ASF/sam0/drivers/sercom/sercom_interrupt.o
                0x00000c54                SERCOM0_Handler
 .text.SERCOM1_Handler
                0x00000c64       0x10 src/ASF/sam0/drivers/sercom/sercom_interrupt.o
                0x00000c64                SERCOM1_Handler
 .text.SERCOM2_Handler
                0x00000c74       0x10 src/ASF/sam0/drivers/sercom/sercom_interrupt.o
                0x00000c74                SERCOM2_Handler
 .text.SERCOM3_Handler
                0x00000c84       0x10 src/ASF/sam0/drivers/sercom/sercom_interrupt.o
                0x00000c84                SERCOM3_Handler
 .text.SERCOM4_Handler
                0x00000c94       0x10 src/ASF/sam0/drivers/sercom/sercom_interrupt.o
                0x00000c94                SERCOM4_Handler
 .text.SERCOM5_Handler
                0x00000ca4       0x10 src/ASF/sam0/drivers/sercom/sercom_interrupt.o
                0x00000ca4                SERCOM5_Handler
 .text.watchdog_early_warning_callback
                0x00000cb4       0x10 src/GPIO_Peripherals.o
                0x00000cb4                watchdog_early_warning_callback
 .text.SysTick_Handler
                0x00000cc4        0x2 src/GPIO_Peripherals.o
                0x00000cc4                SysTick_Handler
 *fill*         0x00000cc6        0x2 
 .text.config_GPIO
                0x00000cc8       0x2c src/GPIO_Peripherals.o
                0x00000cc8                config_GPIO
 .text.config_GCLK
                0x00000cf4       0x2c src/GPIO_Peripherals.o
                0x00000cf4                config_GCLK
 .text.config_WDT
                0x00000d20       0x28 src/GPIO_Peripherals.o
                0x00000d20                config_WDT
 .text.config_WDT_Callback
                0x00000d48       0x20 src/GPIO_Peripherals.o
                0x00000d48                config_WDT_Callback
 .text.sys_config
                0x00000d68       0x70 src/GPIO_Peripherals.o
                0x00000d68                sys_config
 .text.delay_init
                0x00000dd8       0x40 src/ASF/common2/services/delay/sam0/systick_counter.o
                0x00000dd8                delay_init
 .text.delay_cycles_ms
                0x00000e18       0x2c src/ASF/common2/services/delay/sam0/systick_counter.o
                0x00000e18                delay_cycles_ms
 .text.port_pin_set_config
                0x00000e44       0x20 src/ASF/sam0/drivers/port/port.o
                0x00000e44                port_pin_set_config
 .text.system_board_init
                0x00000e64        0x2 src/ASF/common2/boards/user_board/init.o
                0x00000e64                board_init
                0x00000e64                system_board_init
 *fill*         0x00000e66        0x2 
 .text.cpu_irq_enter_critical
                0x00000e68       0x34 src/ASF/common/utils/interrupt/interrupt_sam_nvic.o
                0x00000e68                cpu_irq_enter_critical
 .text.cpu_irq_leave_critical
                0x00000e9c       0x30 src/ASF/common/utils/interrupt/interrupt_sam_nvic.o
                0x00000e9c                cpu_irq_leave_critical
 .text.system_clock_source_get_hz
                0x00000ecc       0x78 src/ASF/sam0/drivers/system/clock/clock_samd20/clock.o
                0x00000ecc                system_clock_source_get_hz
 .text.system_clock_source_osc8m_set_config
                0x00000f44       0x3c src/ASF/sam0/drivers/system/clock/clock_samd20/clock.o
                0x00000f44                system_clock_source_osc8m_set_config
 .text.system_clock_source_enable
                0x00000f80       0x80 src/ASF/sam0/drivers/system/clock/clock_samd20/clock.o
                0x00000f80                system_clock_source_enable
 .text.system_clock_init
                0x00001000       0x90 src/ASF/sam0/drivers/system/clock/clock_samd20/clock.o
                0x00001000                system_clock_init
 .text.system_gclk_is_syncing
                0x00001090        0xc src/ASF/sam0/drivers/system/clock/clock_samd20/gclk.o
 .text.system_gclk_init
                0x0000109c       0x20 src/ASF/sam0/drivers/system/clock/clock_samd20/gclk.o
                0x0000109c                system_gclk_init
 .text.system_gclk_gen_set_config
                0x000010bc       0xa4 src/ASF/sam0/drivers/system/clock/clock_samd20/gclk.o
                0x000010bc                system_gclk_gen_set_config
 .text.system_gclk_gen_enable
                0x00001160       0x40 src/ASF/sam0/drivers/system/clock/clock_samd20/gclk.o
                0x00001160                system_gclk_gen_enable
 .text.system_gclk_gen_get_hz
                0x000011a0       0x88 src/ASF/sam0/drivers/system/clock/clock_samd20/gclk.o
                0x000011a0                system_gclk_gen_get_hz
 .text.system_gclk_chan_enable
                0x00001228       0x30 src/ASF/sam0/drivers/system/clock/clock_samd20/gclk.o
                0x00001228                system_gclk_chan_enable
 .text.system_gclk_chan_disable
                0x00001258       0x58 src/ASF/sam0/drivers/system/clock/clock_samd20/gclk.o
                0x00001258                system_gclk_chan_disable
 .text.system_gclk_chan_set_config
                0x000012b0       0x1c src/ASF/sam0/drivers/system/clock/clock_samd20/gclk.o
                0x000012b0                system_gclk_chan_set_config
 .text.system_gclk_chan_lock
                0x000012cc       0x30 src/ASF/sam0/drivers/system/clock/clock_samd20/gclk.o
                0x000012cc                system_gclk_chan_lock
 .text.system_gclk_chan_get_hz
                0x000012fc       0x34 src/ASF/sam0/drivers/system/clock/clock_samd20/gclk.o
                0x000012fc                system_gclk_chan_get_hz
 .text._system_pinmux_config
                0x00001330       0x84 src/ASF/sam0/drivers/system/pinmux/pinmux.o
 .text.system_pinmux_pin_set_config
                0x000013b4       0x2c src/ASF/sam0/drivers/system/pinmux/pinmux.o
                0x000013b4                system_pinmux_pin_set_config
 .text._system_dummy_init
                0x000013e0        0x2 src/ASF/sam0/drivers/system/system.o
                0x000013e0                _system_extint_init
                0x000013e0                _system_dummy_init
                0x000013e0                _system_divas_init
 *fill*         0x000013e2        0x2 
 .text.system_init
                0x000013e4       0x2c src/ASF/sam0/drivers/system/system.o
                0x000013e4                system_init
 .text.Dummy_Handler
                0x00001410        0x2 src/ASF/sam0/utils/cmsis/samd20/source/gcc/startup_samd20.o
                0x00001410                HardFault_Handler
                0x00001410                AC_Handler
                0x00001410                PendSV_Handler
                0x00001410                NMI_Handler
                0x00001410                ADC_Handler
                0x00001410                RTC_Handler
                0x00001410                EIC_Handler
                0x00001410                Dummy_Handler
                0x00001410                PM_Handler
                0x00001410                SVC_Handler
                0x00001410                NVMCTRL_Handler
                0x00001410                DAC_Handler
                0x00001410                PTC_Handler
                0x00001410                SYSCTRL_Handler
 *fill*         0x00001412        0x2 
 .text.Reset_Handler
                0x00001414       0x70 src/ASF/sam0/utils/cmsis/samd20/source/gcc/startup_samd20.o
                0x00001414                Reset_Handler
 .text.writeStr
                0x00001484       0x18 src/main.o
                0x00001484                writeStr
 .text.startup.main
                0x0000149c       0xc0 src/main.o
                0x0000149c                main
 .text          0x0000155c       0x14 c:/program files (x86)/atmel/studio/7.0/toolchain/arm/arm-gnu-toolchain/bin/../lib/gcc/arm-none-eabi/6.3.1/thumb/v6-m\libgcc.a(_thumb1_case_uqi.o)
                0x0000155c                __gnu_thumb1_case_uqi
 .text          0x00001570      0x114 c:/program files (x86)/atmel/studio/7.0/toolchain/arm/arm-gnu-toolchain/bin/../lib/gcc/arm-none-eabi/6.3.1/thumb/v6-m\libgcc.a(_udivsi3.o)
                0x00001570                __aeabi_uidiv
                0x00001570                __udivsi3
                0x0000167c                __aeabi_uidivmod
 .text          0x00001684        0x4 c:/program files (x86)/atmel/studio/7.0/toolchain/arm/arm-gnu-toolchain/bin/../lib/gcc/arm-none-eabi/6.3.1/thumb/v6-m\libgcc.a(_dvmd_tls.o)
                0x00001684                __aeabi_idiv0
                0x00001684                __aeabi_ldiv0
 .text          0x00001688       0x18 c:/program files (x86)/atmel/studio/7.0/toolchain/arm/arm-gnu-toolchain/bin/../lib/gcc/arm-none-eabi/6.3.1/thumb/v6-m\libgcc.a(_ashldi3.o)
                0x00001688                __aeabi_llsl
                0x00001688                __ashldi3
 .text          0x000016a0       0x54 c:/program files (x86)/atmel/studio/7.0/toolchain/arm/arm-gnu-toolchain/bin/../lib/gcc/arm-none-eabi/6.3.1/thumb/v6-m\libgcc.a(_muldi3.o)
                0x000016a0                __muldi3
                0x000016a0                __aeabi_lmul
 .text.__libc_init_array
                0x000016f4       0x48 c:/program files (x86)/atmel/studio/7.0/toolchain/arm/arm-gnu-toolchain/bin/../lib/gcc/arm-none-eabi/6.3.1/../../../../arm-none-eabi/lib/thumb/v6-m\libc_nano.a(lib_a-init.o)
                0x000016f4                __libc_init_array
 .text.memcpy   0x0000173c       0x12 c:/program files (x86)/atmel/studio/7.0/toolchain/arm/arm-gnu-toolchain/bin/../lib/gcc/arm-none-eabi/6.3.1/../../../../arm-none-eabi/lib/thumb/v6-m\libc_nano.a(lib_a-memcpy-stub.o)
                0x0000173c                memcpy
 *(.glue_7t)
 .glue_7t       0x0000174e        0x0 linker stubs
 *(.glue_7)
 .glue_7        0x0000174e        0x0 linker stubs
 *(.rodata .rodata* .gnu.linkonce.r.*)
 *fill*         0x0000174e        0x2 
 .rodata        0x00001750       0x18 src/ASF/sam0/drivers/sercom/sercom.o
 .rodata.main.str1.1
                0x00001768       0x12 src/main.o
 *(.ARM.extab* .gnu.linkonce.armextab.*)
                0x0000177c                . = ALIGN (0x4)
 *fill*         0x0000177a        0x2 
 *(.init)
 .init          0x0000177c        0x4 c:/program files (x86)/atmel/studio/7.0/toolchain/arm/arm-gnu-toolchain/bin/../lib/gcc/arm-none-eabi/6.3.1/thumb/v6-m/crti.o
                0x0000177c                _init
 .init          0x00001780        0x8 c:/program files (x86)/atmel/studio/7.0/toolchain/arm/arm-gnu-toolchain/bin/../lib/gcc/arm-none-eabi/6.3.1/thumb/v6-m/crtn.o
                0x00001788                . = ALIGN (0x4)
                0x00001788                __preinit_array_start = .
 *(.preinit_array)
                0x00001788                __preinit_array_end = .
                0x00001788                . = ALIGN (0x4)
                0x00001788                __init_array_start = .
 *(SORT(.init_array.*))
 *(.init_array)
 .init_array    0x00001788        0x4 c:/program files (x86)/atmel/studio/7.0/toolchain/arm/arm-gnu-toolchain/bin/../lib/gcc/arm-none-eabi/6.3.1/thumb/v6-m/crtbegin.o
                0x0000178c                __init_array_end = .
                0x0000178c                . = ALIGN (0x4)
 *crtbegin.o(.ctors)
 *(EXCLUDE_FILE(*crtend.o) .ctors)
 *(SORT(.ctors.*))
 *crtend.o(.ctors)
                0x0000178c                . = ALIGN (0x4)
 *(.fini)
 .fini          0x0000178c        0x4 c:/program files (x86)/atmel/studio/7.0/toolchain/arm/arm-gnu-toolchain/bin/../lib/gcc/arm-none-eabi/6.3.1/thumb/v6-m/crti.o
                0x0000178c                _fini
 .fini          0x00001790        0x8 c:/program files (x86)/atmel/studio/7.0/toolchain/arm/arm-gnu-toolchain/bin/../lib/gcc/arm-none-eabi/6.3.1/thumb/v6-m/crtn.o
                0x00001798                . = ALIGN (0x4)
                0x00001798                __fini_array_start = .
 *(.fini_array)
 .fini_array    0x00001798        0x4 c:/program files (x86)/atmel/studio/7.0/toolchain/arm/arm-gnu-toolchain/bin/../lib/gcc/arm-none-eabi/6.3.1/thumb/v6-m/crtbegin.o
 *(SORT(.fini_array.*))
                0x0000179c                __fini_array_end = .
 *crtbegin.o(.dtors)
 *(EXCLUDE_FILE(*crtend.o) .dtors)
 *(SORT(.dtors.*))
 *crtend.o(.dtors)
                0x0000179c                . = ALIGN (0x4)
                0x0000179c                _efixed = .
                [!provide]                PROVIDE (__exidx_start, .)

.vfp11_veneer   0x0000179c        0x0
 .vfp11_veneer  0x0000179c        0x0 linker stubs

.v4_bx          0x0000179c        0x0
 .v4_bx         0x0000179c        0x0 linker stubs

.iplt           0x0000179c        0x0
 .iplt          0x0000179c        0x0 c:/program files (x86)/atmel/studio/7.0/toolchain/arm/arm-gnu-toolchain/bin/../lib/gcc/arm-none-eabi/6.3.1/thumb/v6-m/crtbegin.o

.eh_frame       0x0000179c        0x0
 .eh_frame      0x0000179c        0x0 c:/program files (x86)/atmel/studio/7.0/toolchain/arm/arm-gnu-toolchain/bin/../lib/gcc/arm-none-eabi/6.3.1/thumb/v6-m/crtbegin.o

.rel.dyn        0x0000179c        0x0
 .rel.iplt      0x0000179c        0x0 c:/program files (x86)/atmel/studio/7.0/toolchain/arm/arm-gnu-toolchain/bin/../lib/gcc/arm-none-eabi/6.3.1/thumb/v6-m/crtbegin.o

.jcr            0x0000179c        0x0
 .jcr           0x0000179c        0x0 c:/program files (x86)/atmel/studio/7.0/toolchain/arm/arm-gnu-toolchain/bin/../lib/gcc/arm-none-eabi/6.3.1/thumb/v6-m/crtbegin.o

.igot.plt       0x0000179c        0x0
 .igot.plt      0x0000179c        0x0 c:/program files (x86)/atmel/studio/7.0/toolchain/arm/arm-gnu-toolchain/bin/../lib/gcc/arm-none-eabi/6.3.1/thumb/v6-m/crtbegin.o

.ARM.exidx
 *(.ARM.exidx* .gnu.linkonce.armexidx.*)
                [!provide]                PROVIDE (__exidx_end, .)
                0x0000179c                . = ALIGN (0x4)
                0x0000179c                _etext = .

.relocate       0x20000000       0x30 load address 0x0000179c
                0x20000000                . = ALIGN (0x4)
                0x20000000                _srelocate = .
 *(.ramfunc .ramfunc.*)
 *(.data .data.*)
 .data._events_inst
                0x20000000       0x14 src/ASF/sam0/drivers/events/events_sam_d_r_h/events.o
                0x20000000                _events_inst
 .data.cycles_per_ms
                0x20000014        0x4 src/ASF/common2/services/delay/sam0/systick_counter.o
 .data.cycles_per_us
                0x20000018        0x4 src/ASF/common2/services/delay/sam0/systick_counter.o
 .data.g_interrupt_enabled
                0x2000001c        0x1 src/ASF/common/utils/interrupt/interrupt_sam_nvic.o
                0x2000001c                g_interrupt_enabled
 .data.init     0x2000001d       0x12 src/main.o
                0x2000001d                init
                0x20000030                . = ALIGN (0x4)
 *fill*         0x2000002f        0x1 
                0x20000030                _erelocate = .

.bss            0x20000030      0x370 load address 0x000017cc
                0x20000030                . = ALIGN (0x4)
                0x20000030                _sbss = .
                0x20000030                _szero = .
 *(.bss .bss.*)
 .bss           0x20000030       0x1c c:/program files (x86)/atmel/studio/7.0/toolchain/arm/arm-gnu-toolchain/bin/../lib/gcc/arm-none-eabi/6.3.1/thumb/v6-m/crtbegin.o
 .bss._sercom_config
                0x2000004c        0x2 src/ASF/sam0/drivers/sercom/sercom.o
 .bss._handler_table_initialized
                0x2000004e        0x1 src/ASF/sam0/drivers/sercom/sercom_interrupt.o
 *fill*         0x2000004f        0x1 
 .bss._sercom_interrupt_handlers
                0x20000050       0x18 src/ASF/sam0/drivers/sercom/sercom_interrupt.o
 .bss.cpu_irq_critical_section_counter
                0x20000068        0x4 src/ASF/common/utils/interrupt/interrupt_sam_nvic.o
 .bss.cpu_irq_prev_interrupt_state
                0x2000006c        0x1 src/ASF/common/utils/interrupt/interrupt_sam_nvic.o
 *fill*         0x2000006d        0x3 
 .bss._system_clock_inst
                0x20000070       0x14 src/ASF/sam0/drivers/system/clock/clock_samd20/clock.o
 *(COMMON)
 COMMON         0x20000084        0x4 src/ASF/sam0/drivers/wdt/wdt_callback.o
                0x20000084                wdt_early_warning_callback
 COMMON         0x20000088       0x20 src/ASF/sam0/drivers/tc/tc_interrupt.o
                0x20000088                _tc_instances
 COMMON         0x200000a8      0x2dc src/Encoder_AMT212C.o
                0x200000a8                ch_buffer
                0x200000ac                usart_instance
                0x200000d0                rx_encIndex
                0x200000d2                tx_rx_buffer
                0x2000032c                usart_instance_ENC
                0x20000350                config_ENC_usart
                0x20000380                USART_data_available
                0x20000382                rx_index
 COMMON         0x20000384       0x18 src/ASF/sam0/drivers/sercom/sercom_interrupt.o
                0x20000384                _sercom_instances
 COMMON         0x2000039c        0x4 src/main.o
                0x2000039c                timer_count
                0x200003a0                . = ALIGN (0x4)
                0x200003a0                _ebss = .
                0x200003a0                _ezero = .

.stack          0x200003a0     0x2000 load address 0x00001b3c
                0x200003a0                . = ALIGN (0x8)
                0x200003a0                _sstack = .
                0x200023a0                . = (. + STACK_SIZE)
 *fill*         0x200003a0     0x2000 
                0x200023a0                . = ALIGN (0x8)
                0x200023a0                _estack = .
                0x200023a0                . = ALIGN (0x4)
                0x200023a0                _end = .
OUTPUT(SAMD20_MotorControl.elf elf32-littlearm)

.ARM.attributes
                0x00000000       0x28
 .ARM.attributes
                0x00000000       0x1e c:/program files (x86)/atmel/studio/7.0/toolchain/arm/arm-gnu-toolchain/bin/../lib/gcc/arm-none-eabi/6.3.1/thumb/v6-m/crti.o
 .ARM.attributes
                0x0000001e       0x2c c:/program files (x86)/atmel/studio/7.0/toolchain/arm/arm-gnu-toolchain/bin/../lib/gcc/arm-none-eabi/6.3.1/thumb/v6-m/crtbegin.o
 .ARM.attributes
                0x0000004a       0x32 src/ASF/sam0/drivers/wdt/wdt.o
 .ARM.attributes
                0x0000007c       0x32 src/ASF/sam0/drivers/wdt/wdt_callback.o
 .ARM.attributes
                0x000000ae       0x32 src/ASF/sam0/drivers/tc/tc_interrupt.o
 .ARM.attributes
                0x000000e0       0x32 src/ASF/sam0/drivers/events/events_hooks.o
 .ARM.attributes
                0x00000112       0x32 src/ASF/sam0/drivers/events/events_sam_d_r_h/events.o
 .ARM.attributes
                0x00000144       0x32 src/ASF/sam0/drivers/sercom/sercom.o
 .ARM.attributes
                0x00000176       0x32 src/Encoder_AMT212C.o
 .ARM.attributes
                0x000001a8       0x32 src/SERCOM_USART.o
 .ARM.attributes
                0x000001da       0x32 src/ASF/sam0/drivers/sercom/usart/usart.o
 .ARM.attributes
                0x0000020c       0x32 src/ASF/sam0/drivers/sercom/usart/usart_interrupt.o
 .ARM.attributes
                0x0000023e       0x32 src/ASF/sam0/drivers/sercom/sercom_interrupt.o
 .ARM.attributes
                0x00000270       0x32 src/GPIO_Peripherals.o
 .ARM.attributes
                0x000002a2       0x32 src/ASF/common2/services/delay/sam0/systick_counter.o
 .ARM.attributes
                0x000002d4       0x32 src/ASF/sam0/drivers/port/port.o
 .ARM.attributes
                0x00000306       0x32 src/ASF/common2/boards/user_board/init.o
 .ARM.attributes
                0x00000338       0x32 src/ASF/common/utils/interrupt/interrupt_sam_nvic.o
 .ARM.attributes
                0x0000036a       0x32 src/ASF/sam0/drivers/system/clock/clock_samd20/clock.o
 .ARM.attributes
                0x0000039c       0x32 src/ASF/sam0/drivers/system/clock/clock_samd20/gclk.o
 .ARM.attributes
                0x000003ce       0x32 src/ASF/sam0/drivers/system/pinmux/pinmux.o
 .ARM.attributes
                0x00000400       0x32 src/ASF/sam0/drivers/system/system.o
 .ARM.attributes
                0x00000432       0x32 src/ASF/sam0/utils/cmsis/samd20/source/gcc/startup_samd20.o
 .ARM.attributes
                0x00000464       0x32 src/main.o
 .ARM.attributes
                0x00000496       0x1e c:/program files (x86)/atmel/studio/7.0/toolchain/arm/arm-gnu-toolchain/bin/../lib/gcc/arm-none-eabi/6.3.1/thumb/v6-m\libgcc.a(_thumb1_case_uqi.o)
 .ARM.attributes
                0x000004b4       0x1e c:/program files (x86)/atmel/studio/7.0/toolchain/arm/arm-gnu-toolchain/bin/../lib/gcc/arm-none-eabi/6.3.1/thumb/v6-m\libgcc.a(_udivsi3.o)
 .ARM.attributes
                0x000004d2       0x1e c:/program files (x86)/atmel/studio/7.0/toolchain/arm/arm-gnu-toolchain/bin/../lib/gcc/arm-none-eabi/6.3.1/thumb/v6-m\libgcc.a(_dvmd_tls.o)
 .ARM.attributes
                0x000004f0       0x1e c:/program files (x86)/atmel/studio/7.0/toolchain/arm/arm-gnu-toolchain/bin/../lib/gcc/arm-none-eabi/6.3.1/thumb/v6-m\libgcc.a(_ashldi3.o)
 .ARM.attributes
                0x0000050e       0x2c c:/program files (x86)/atmel/studio/7.0/toolchain/arm/arm-gnu-toolchain/bin/../lib/gcc/arm-none-eabi/6.3.1/thumb/v6-m\libgcc.a(_muldi3.o)
 .ARM.attributes
                0x0000053a       0x2c c:/program files (x86)/atmel/studio/7.0/toolchain/arm/arm-gnu-toolchain/bin/../lib/gcc/arm-none-eabi/6.3.1/../../../../arm-none-eabi/lib/thumb/v6-m\libc_nano.a(lib_a-init.o)
 .ARM.attributes
                0x00000566       0x2c c:/program files (x86)/atmel/studio/7.0/toolchain/arm/arm-gnu-toolchain/bin/../lib/gcc/arm-none-eabi/6.3.1/../../../../arm-none-eabi/lib/thumb/v6-m\libc_nano.a(lib_a-memcpy-stub.o)
 .ARM.attributes
                0x00000592       0x1e c:/program files (x86)/atmel/studio/7.0/toolchain/arm/arm-gnu-toolchain/bin/../lib/gcc/arm-none-eabi/6.3.1/thumb/v6-m/crtn.o

.comment        0x00000000       0x59
 .comment       0x00000000       0x59 src/ASF/sam0/drivers/wdt/wdt.o
                                 0x5a (size before relaxing)
 .comment       0x00000059       0x5a src/ASF/sam0/drivers/wdt/wdt_callback.o
 .comment       0x00000059       0x5a src/ASF/sam0/drivers/tc/tc_interrupt.o
 .comment       0x00000059       0x5a src/ASF/sam0/drivers/events/events_hooks.o
 .comment       0x00000059       0x5a src/ASF/sam0/drivers/events/events_sam_d_r_h/events.o
 .comment       0x00000059       0x5a src/ASF/sam0/drivers/sercom/sercom.o
 .comment       0x00000059       0x5a src/Encoder_AMT212C.o
 .comment       0x00000059       0x5a src/SERCOM_USART.o
 .comment       0x00000059       0x5a src/ASF/sam0/drivers/sercom/usart/usart.o
 .comment       0x00000059       0x5a src/ASF/sam0/drivers/sercom/usart/usart_interrupt.o
 .comment       0x00000059       0x5a src/ASF/sam0/drivers/sercom/sercom_interrupt.o
 .comment       0x00000059       0x5a src/GPIO_Peripherals.o
 .comment       0x00000059       0x5a src/ASF/common2/services/delay/sam0/systick_counter.o
 .comment       0x00000059       0x5a src/ASF/sam0/drivers/port/port.o
 .comment       0x00000059       0x5a src/ASF/common2/boards/user_board/init.o
 .comment       0x00000059       0x5a src/ASF/common/utils/interrupt/interrupt_sam_nvic.o
 .comment       0x00000059       0x5a src/ASF/sam0/drivers/system/clock/clock_samd20/clock.o
 .comment       0x00000059       0x5a src/ASF/sam0/drivers/system/clock/clock_samd20/gclk.o
 .comment       0x00000059       0x5a src/ASF/sam0/drivers/system/pinmux/pinmux.o
 .comment       0x00000059       0x5a src/ASF/sam0/drivers/system/system.o
 .comment       0x00000059       0x5a src/ASF/sam0/utils/cmsis/samd20/source/gcc/startup_samd20.o
 .comment       0x00000059       0x5a src/main.o

.debug_frame    0x00000000       0xa8
 .debug_frame   0x00000000       0x20 c:/program files (x86)/atmel/studio/7.0/toolchain/arm/arm-gnu-toolchain/bin/../lib/gcc/arm-none-eabi/6.3.1/thumb/v6-m\libgcc.a(_udivsi3.o)
 .debug_frame   0x00000020       0x34 c:/program files (x86)/atmel/studio/7.0/toolchain/arm/arm-gnu-toolchain/bin/../lib/gcc/arm-none-eabi/6.3.1/thumb/v6-m\libgcc.a(_muldi3.o)
 .debug_frame   0x00000054       0x2c c:/program files (x86)/atmel/studio/7.0/toolchain/arm/arm-gnu-toolchain/bin/../lib/gcc/arm-none-eabi/6.3.1/../../../../arm-none-eabi/lib/thumb/v6-m\libc_nano.a(lib_a-init.o)
 .debug_frame   0x00000080       0x28 c:/program files (x86)/atmel/studio/7.0/toolchain/arm/arm-gnu-toolchain/bin/../lib/gcc/arm-none-eabi/6.3.1/../../../../arm-none-eabi/lib/thumb/v6-m\libc_nano.a(lib_a-memcpy-stub.o)

Cross Reference Table

Symbol                                            File
AC_Handler                                        src/ASF/sam0/utils/cmsis/samd20/source/gcc/startup_samd20.o
ADC_Handler                                       src/ASF/sam0/utils/cmsis/samd20/source/gcc/startup_samd20.o
AtoH                                              src/Ascii2Hex.o
                                                  src/Encoder_AMT212C.o
Clear_Sleep_Timer                                 src/main.o
DAC_Handler                                       src/ASF/sam0/utils/cmsis/samd20/source/gcc/startup_samd20.o
Dummy_Handler                                     src/ASF/sam0/utils/cmsis/samd20/source/gcc/startup_samd20.o
EIC_Handler                                       src/ASF/sam0/utils/cmsis/samd20/source/gcc/startup_samd20.o
EVSYS_Handler                                     src/ASF/sam0/drivers/events/events_hooks.o
Get_EncPos                                        src/Encoder_AMT212C.o
Get_EncTurns                                      src/Encoder_AMT212C.o
Get_Encoder                                       src/Encoder_AMT212C.o
HardFault_Handler                                 src/ASF/sam0/utils/cmsis/samd20/source/gcc/startup_samd20.o
NMI_Handler                                       src/ASF/sam0/utils/cmsis/samd20/source/gcc/startup_samd20.o
NVMCTRL_Handler                                   src/ASF/sam0/utils/cmsis/samd20/source/gcc/startup_samd20.o
PM_Handler                                        src/ASF/sam0/utils/cmsis/samd20/source/gcc/startup_samd20.o
PTC_Handler                                       src/ASF/sam0/utils/cmsis/samd20/source/gcc/startup_samd20.o
PendSV_Handler                                    src/ASF/sam0/utils/cmsis/samd20/source/gcc/startup_samd20.o
RTC_Handler                                       src/ASF/sam0/utils/cmsis/samd20/source/gcc/startup_samd20.o
Reset_Handler                                     src/ASF/sam0/utils/cmsis/samd20/source/gcc/startup_samd20.o
SERCOM0_Handler                                   src/ASF/sam0/drivers/sercom/sercom_interrupt.o
SERCOM1_Handler                                   src/ASF/sam0/drivers/sercom/sercom_interrupt.o
SERCOM2_Handler                                   src/ASF/sam0/drivers/sercom/sercom_interrupt.o
SERCOM3_Handler                                   src/ASF/sam0/drivers/sercom/sercom_interrupt.o
SERCOM4_Handler                                   src/ASF/sam0/drivers/sercom/sercom_interrupt.o
SERCOM5_Handler                                   src/ASF/sam0/drivers/sercom/sercom_interrupt.o
SVC_Handler                                       src/ASF/sam0/utils/cmsis/samd20/source/gcc/startup_samd20.o
SYSCTRL_Handler                                   src/ASF/sam0/utils/cmsis/samd20/source/gcc/startup_samd20.o
SysTick_Handler                                   src/GPIO_Peripherals.o
SystemCoreClock                                   src/ASF/sam0/utils/cmsis/samd20/source/system_samd20.o
SystemCoreClockUpdate                             src/ASF/sam0/utils/cmsis/samd20/source/system_samd20.o
SystemInit                                        src/ASF/sam0/utils/cmsis/samd20/source/system_samd20.o
TC0_Handler                                       src/ASF/sam0/drivers/tc/tc_interrupt.o
TC1_Handler                                       src/ASF/sam0/drivers/tc/tc_interrupt.o
TC2_Handler                                       src/ASF/sam0/drivers/tc/tc_interrupt.o
TC3_Handler                                       src/ASF/sam0/drivers/tc/tc_interrupt.o
TC4_Handler                                       src/ASF/sam0/drivers/tc/tc_interrupt.o
TC5_Handler                                       src/ASF/sam0/drivers/tc/tc_interrupt.o
TC6_Handler                                       src/ASF/sam0/drivers/tc/tc_interrupt.o
TC7_Handler                                       src/ASF/sam0/drivers/tc/tc_interrupt.o
UART_Continuous                                   src/SERCOM_USART.o
                                                  src/main.o
UART_GetChar                                      src/Encoder_AMT212C.o
UART_WriteString                                  src/Encoder_AMT212C.o
USART_data_available                              src/main.o
                                                  src/GPIO_Peripherals.o
                                                  src/Motors_4118S-04SD.o
                                                  src/SERCOM_USART.o
                                                  src/Encoder_AMT212C.o
WDT_Handler                                       src/ASF/sam0/drivers/wdt/wdt_callback.o
_Jv_RegisterClasses                               c:/program files (x86)/atmel/studio/7.0/toolchain/arm/arm-gnu-toolchain/bin/../lib/gcc/arm-none-eabi/6.3.1/thumb/v6-m/crtbegin.o
__aeabi_idiv0                                     c:/program files (x86)/atmel/studio/7.0/toolchain/arm/arm-gnu-toolchain/bin/../lib/gcc/arm-none-eabi/6.3.1/thumb/v6-m\libgcc.a(_dvmd_tls.o)
                                                  c:/program files (x86)/atmel/studio/7.0/toolchain/arm/arm-gnu-toolchain/bin/../lib/gcc/arm-none-eabi/6.3.1/thumb/v6-m\libgcc.a(_udivsi3.o)
__aeabi_ldiv0                                     c:/program files (x86)/atmel/studio/7.0/toolchain/arm/arm-gnu-toolchain/bin/../lib/gcc/arm-none-eabi/6.3.1/thumb/v6-m\libgcc.a(_dvmd_tls.o)
__aeabi_llsl                                      c:/program files (x86)/atmel/studio/7.0/toolchain/arm/arm-gnu-toolchain/bin/../lib/gcc/arm-none-eabi/6.3.1/thumb/v6-m\libgcc.a(_ashldi3.o)
                                                  src/ASF/sam0/drivers/sercom/sercom.o
__aeabi_lmul                                      c:/program files (x86)/atmel/studio/7.0/toolchain/arm/arm-gnu-toolchain/bin/../lib/gcc/arm-none-eabi/6.3.1/thumb/v6-m\libgcc.a(_muldi3.o)
                                                  src/ASF/sam0/drivers/sercom/sercom.o
__aeabi_uidiv                                     c:/program files (x86)/atmel/studio/7.0/toolchain/arm/arm-gnu-toolchain/bin/../lib/gcc/arm-none-eabi/6.3.1/thumb/v6-m\libgcc.a(_udivsi3.o)
                                                  src/ASF/sam0/drivers/system/clock/clock_samd20/gclk.o
                                                  src/ASF/common2/services/delay/sam0/systick_counter.o
__aeabi_uidivmod                                  c:/program files (x86)/atmel/studio/7.0/toolchain/arm/arm-gnu-toolchain/bin/../lib/gcc/arm-none-eabi/6.3.1/thumb/v6-m\libgcc.a(_udivsi3.o)
__ashldi3                                         c:/program files (x86)/atmel/studio/7.0/toolchain/arm/arm-gnu-toolchain/bin/../lib/gcc/arm-none-eabi/6.3.1/thumb/v6-m\libgcc.a(_ashldi3.o)
__bss_end__                                       c:/program files (x86)/atmel/studio/7.0/toolchain/arm/arm-gnu-toolchain/bin/../lib/gcc/arm-none-eabi/6.3.1/../../../../arm-none-eabi/lib/thumb/v6-m/crt0.o
__bss_start__                                     c:/program files (x86)/atmel/studio/7.0/toolchain/arm/arm-gnu-toolchain/bin/../lib/gcc/arm-none-eabi/6.3.1/../../../../arm-none-eabi/lib/thumb/v6-m/crt0.o
__call_exitprocs                                  c:/program files (x86)/atmel/studio/7.0/toolchain/arm/arm-gnu-toolchain/bin/../lib/gcc/arm-none-eabi/6.3.1/../../../../arm-none-eabi/lib/thumb/v6-m\libc_nano.a(lib_a-exit.o)
__deregister_frame_info                           c:/program files (x86)/atmel/studio/7.0/toolchain/arm/arm-gnu-toolchain/bin/../lib/gcc/arm-none-eabi/6.3.1/thumb/v6-m/crtbegin.o
__dso_handle                                      c:/program files (x86)/atmel/studio/7.0/toolchain/arm/arm-gnu-toolchain/bin/../lib/gcc/arm-none-eabi/6.3.1/thumb/v6-m/crtbegin.o
__gnu_thumb1_case_uqi                             c:/program files (x86)/atmel/studio/7.0/toolchain/arm/arm-gnu-toolchain/bin/../lib/gcc/arm-none-eabi/6.3.1/thumb/v6-m\libgcc.a(_thumb1_case_uqi.o)
                                                  src/ASF/sam0/drivers/system/clock/clock_samd20/clock.o
                                                  src/ASF/sam0/drivers/sercom/sercom.o
__init_array_end                                  c:/program files (x86)/atmel/studio/7.0/toolchain/arm/arm-gnu-toolchain/bin/../lib/gcc/arm-none-eabi/6.3.1/../../../../arm-none-eabi/lib/thumb/v6-m\libc_nano.a(lib_a-init.o)
__init_array_start                                c:/program files (x86)/atmel/studio/7.0/toolchain/arm/arm-gnu-toolchain/bin/../lib/gcc/arm-none-eabi/6.3.1/../../../../arm-none-eabi/lib/thumb/v6-m\libc_nano.a(lib_a-init.o)
__libc_fini_array                                 c:/program files (x86)/atmel/studio/7.0/toolchain/arm/arm-gnu-toolchain/bin/../lib/gcc/arm-none-eabi/6.3.1/../../../../arm-none-eabi/lib/thumb/v6-m/crt0.o
__libc_init_array                                 c:/program files (x86)/atmel/studio/7.0/toolchain/arm/arm-gnu-toolchain/bin/../lib/gcc/arm-none-eabi/6.3.1/../../../../arm-none-eabi/lib/thumb/v6-m\libc_nano.a(lib_a-init.o)
                                                  src/ASF/sam0/utils/cmsis/samd20/source/gcc/startup_samd20.o
                                                  c:/program files (x86)/atmel/studio/7.0/toolchain/arm/arm-gnu-toolchain/bin/../lib/gcc/arm-none-eabi/6.3.1/../../../../arm-none-eabi/lib/thumb/v6-m/crt0.o
__muldi3                                          c:/program files (x86)/atmel/studio/7.0/toolchain/arm/arm-gnu-toolchain/bin/../lib/gcc/arm-none-eabi/6.3.1/thumb/v6-m\libgcc.a(_muldi3.o)
__preinit_array_end                               c:/program files (x86)/atmel/studio/7.0/toolchain/arm/arm-gnu-toolchain/bin/../lib/gcc/arm-none-eabi/6.3.1/../../../../arm-none-eabi/lib/thumb/v6-m\libc_nano.a(lib_a-init.o)
__preinit_array_start                             c:/program files (x86)/atmel/studio/7.0/toolchain/arm/arm-gnu-toolchain/bin/../lib/gcc/arm-none-eabi/6.3.1/../../../../arm-none-eabi/lib/thumb/v6-m\libc_nano.a(lib_a-init.o)
__register_frame_info                             c:/program files (x86)/atmel/studio/7.0/toolchain/arm/arm-gnu-toolchain/bin/../lib/gcc/arm-none-eabi/6.3.1/thumb/v6-m/crtbegin.o
__sf_fake_stderr                                  c:/program files (x86)/atmel/studio/7.0/toolchain/arm/arm-gnu-toolchain/bin/../lib/gcc/arm-none-eabi/6.3.1/../../../../arm-none-eabi/lib/thumb/v6-m\libc_nano.a(lib_a-impure.o)
__sf_fake_stdin                                   c:/program files (x86)/atmel/studio/7.0/toolchain/arm/arm-gnu-toolchain/bin/../lib/gcc/arm-none-eabi/6.3.1/../../../../arm-none-eabi/lib/thumb/v6-m\libc_nano.a(lib_a-impure.o)
__sf_fake_stdout                                  c:/program files (x86)/atmel/studio/7.0/toolchain/arm/arm-gnu-toolchain/bin/../lib/gcc/arm-none-eabi/6.3.1/../../../../arm-none-eabi/lib/thumb/v6-m\libc_nano.a(lib_a-impure.o)
__stack                                           c:/program files (x86)/atmel/studio/7.0/toolchain/arm/arm-gnu-toolchain/bin/../lib/gcc/arm-none-eabi/6.3.1/../../../../arm-none-eabi/lib/thumb/v6-m/crt0.o
__udivsi3                                         c:/program files (x86)/atmel/studio/7.0/toolchain/arm/arm-gnu-toolchain/bin/../lib/gcc/arm-none-eabi/6.3.1/thumb/v6-m\libgcc.a(_udivsi3.o)
_close                                            src/ASF/sam0/utils/syscalls/gcc/syscalls.o
_end                                              src/ASF/sam0/utils/syscalls/gcc/syscalls.o
_erelocate                                        src/ASF/sam0/utils/cmsis/samd20/source/gcc/startup_samd20.o
_estack                                           src/ASF/sam0/utils/cmsis/samd20/source/gcc/startup_samd20.o
_etext                                            src/ASF/sam0/utils/cmsis/samd20/source/gcc/startup_samd20.o
_events_find_bit_position                         src/ASF/sam0/drivers/events/events_sam_d_r_h/events.o
                                                  src/ASF/sam0/drivers/events/events_hooks.o
_events_inst                                      src/ASF/sam0/drivers/events/events_sam_d_r_h/events.o
                                                  src/ASF/sam0/drivers/events/events_hooks.o
_exit                                             src/ASF/sam0/utils/syscalls/gcc/syscalls.o
                                                  c:/program files (x86)/atmel/studio/7.0/toolchain/arm/arm-gnu-toolchain/bin/../lib/gcc/arm-none-eabi/6.3.1/../../../../arm-none-eabi/lib/thumb/v6-m\libc_nano.a(lib_a-exit.o)
_ezero                                            src/ASF/sam0/utils/cmsis/samd20/source/gcc/startup_samd20.o
_fini                                             c:/program files (x86)/atmel/studio/7.0/toolchain/arm/arm-gnu-toolchain/bin/../lib/gcc/arm-none-eabi/6.3.1/thumb/v6-m/crti.o
_fstat                                            src/ASF/sam0/utils/syscalls/gcc/syscalls.o
_getpid                                           src/ASF/sam0/utils/syscalls/gcc/syscalls.o
_global_impure_ptr                                c:/program files (x86)/atmel/studio/7.0/toolchain/arm/arm-gnu-toolchain/bin/../lib/gcc/arm-none-eabi/6.3.1/../../../../arm-none-eabi/lib/thumb/v6-m\libc_nano.a(lib_a-impure.o)
                                                  c:/program files (x86)/atmel/studio/7.0/toolchain/arm/arm-gnu-toolchain/bin/../lib/gcc/arm-none-eabi/6.3.1/../../../../arm-none-eabi/lib/thumb/v6-m\libc_nano.a(lib_a-exit.o)
_impure_ptr                                       c:/program files (x86)/atmel/studio/7.0/toolchain/arm/arm-gnu-toolchain/bin/../lib/gcc/arm-none-eabi/6.3.1/../../../../arm-none-eabi/lib/thumb/v6-m\libc_nano.a(lib_a-impure.o)
_init                                             c:/program files (x86)/atmel/studio/7.0/toolchain/arm/arm-gnu-toolchain/bin/../lib/gcc/arm-none-eabi/6.3.1/thumb/v6-m/crti.o
                                                  c:/program files (x86)/atmel/studio/7.0/toolchain/arm/arm-gnu-toolchain/bin/../lib/gcc/arm-none-eabi/6.3.1/../../../../arm-none-eabi/lib/thumb/v6-m\libc_nano.a(lib_a-init.o)
_isatty                                           src/ASF/sam0/utils/syscalls/gcc/syscalls.o
_kill                                             src/ASF/sam0/utils/syscalls/gcc/syscalls.o
_lseek                                            src/ASF/sam0/utils/syscalls/gcc/syscalls.o
_mainCRTStartup                                   c:/program files (x86)/atmel/studio/7.0/toolchain/arm/arm-gnu-toolchain/bin/../lib/gcc/arm-none-eabi/6.3.1/../../../../arm-none-eabi/lib/thumb/v6-m/crt0.o
_sbrk                                             src/ASF/sam0/utils/syscalls/gcc/syscalls.o
_sercom_get_async_baud_val                        src/ASF/sam0/drivers/sercom/sercom.o
                                                  src/ASF/sam0/drivers/sercom/usart/usart.o
_sercom_get_default_pad                           src/ASF/sam0/drivers/sercom/sercom.o
                                                  src/ASF/sam0/drivers/sercom/usart/usart.o
_sercom_get_interrupt_vector                      src/ASF/sam0/drivers/sercom/sercom_interrupt.o
                                                  src/SERCOM_USART.o
                                                  src/Encoder_AMT212C.o
_sercom_get_sercom_inst_index                     src/ASF/sam0/drivers/sercom/sercom.o
                                                  src/ASF/sam0/drivers/sercom/sercom_interrupt.o
                                                  src/ASF/sam0/drivers/sercom/usart/usart.o
_sercom_get_sync_baud_val                         src/ASF/sam0/drivers/sercom/sercom.o
                                                  src/ASF/sam0/drivers/sercom/usart/usart.o
_sercom_instances                                 src/ASF/sam0/drivers/sercom/sercom_interrupt.o
                                                  src/ASF/sam0/drivers/sercom/usart/usart_interrupt.o
                                                  src/ASF/sam0/drivers/sercom/usart/usart.o
_sercom_set_handler                               src/ASF/sam0/drivers/sercom/sercom_interrupt.o
                                                  src/ASF/sam0/drivers/sercom/usart/usart.o
_sfixed                                           src/ASF/sam0/utils/cmsis/samd20/source/gcc/startup_samd20.o
_srelocate                                        src/ASF/sam0/utils/cmsis/samd20/source/gcc/startup_samd20.o
_start                                            c:/program files (x86)/atmel/studio/7.0/toolchain/arm/arm-gnu-toolchain/bin/../lib/gcc/arm-none-eabi/6.3.1/../../../../arm-none-eabi/lib/thumb/v6-m/crt0.o
_system_divas_init                                src/ASF/sam0/drivers/system/system.o
_system_dummy_init                                src/ASF/sam0/drivers/system/system.o
_system_events_init                               src/ASF/sam0/drivers/events/events_sam_d_r_h/events.o
_system_extint_init                               src/ASF/sam0/drivers/system/system.o
_szero                                            src/ASF/sam0/utils/cmsis/samd20/source/gcc/startup_samd20.o
_tc_get_inst_index                                src/ASF/sam0/drivers/tc/tc_sam_d_r_h/tc.o
_tc_instances                                     src/ASF/sam0/drivers/tc/tc_interrupt.o
                                                  src/ASF/sam0/drivers/tc/tc_sam_d_r_h/tc.o
_tc_interrupt_handler                             src/ASF/sam0/drivers/tc/tc_interrupt.o
_usart_interrupt_handler                          src/ASF/sam0/drivers/sercom/usart/usart_interrupt.o
                                                  src/ASF/sam0/drivers/sercom/usart/usart.o
_usart_read_buffer                                src/ASF/sam0/drivers/sercom/usart/usart_interrupt.o
_usart_write_buffer                               src/ASF/sam0/drivers/sercom/usart/usart_interrupt.o
atexit                                            c:/program files (x86)/atmel/studio/7.0/toolchain/arm/arm-gnu-toolchain/bin/../lib/gcc/arm-none-eabi/6.3.1/../../../../arm-none-eabi/lib/thumb/v6-m/crt0.o
board_init                                        src/ASF/common2/boards/user_board/init.o
bod_set_config                                    src/ASF/sam0/drivers/bod/bod_sam_d_r_h/bod.o
                                                  src/GPIO_Peripherals.o
ch_buffer                                         src/main.o
                                                  src/GPIO_Peripherals.o
                                                  src/Motors_4118S-04SD.o
                                                  src/SERCOM_USART.o
                                                  src/Encoder_AMT212C.o
config_BOD                                        src/GPIO_Peripherals.o
config_ENCODER_UART                               src/Encoder_AMT212C.o
config_ENC_usart                                  src/main.o
                                                  src/GPIO_Peripherals.o
                                                  src/Motors_4118S-04SD.o
                                                  src/SERCOM_USART.o
                                                  src/Encoder_AMT212C.o
config_GCLK                                       src/GPIO_Peripherals.o
config_GPIO                                       src/GPIO_Peripherals.o
                                                  src/main.o
config_Motors                                     src/Motors_4118S-04SD.o
config_UART                                       src/SERCOM_USART.o
                                                  src/main.o
config_UART_Callback                              src/SERCOM_USART.o
                                                  src/main.o
config_WDT                                        src/GPIO_Peripherals.o
config_WDT_Callback                               src/GPIO_Peripherals.o
config_encUART                                    src/Encoder_AMT212C.o
config_encoder                                    src/Encoder_AMT212C.o
cpu_irq_enter_critical                            src/ASF/common/utils/interrupt/interrupt_sam_nvic.o
                                                  src/ASF/sam0/drivers/system/clock/clock_samd20/gclk.o
                                                  src/ASF/sam0/drivers/sercom/usart/usart_interrupt.o
                                                  src/ASF/sam0/drivers/events/events_sam_d_r_h/events.o
cpu_irq_leave_critical                            src/ASF/common/utils/interrupt/interrupt_sam_nvic.o
                                                  src/ASF/sam0/drivers/system/clock/clock_samd20/gclk.o
                                                  src/ASF/sam0/drivers/sercom/usart/usart_interrupt.o
                                                  src/ASF/sam0/drivers/events/events_sam_d_r_h/events.o
delay_cycles_ms                                   src/ASF/common2/services/delay/sam0/systick_counter.o
                                                  src/main.o
                                                  src/Encoder_AMT212C.o
delay_cycles_us                                   src/ASF/common2/services/delay/sam0/systick_counter.o
                                                  src/Encoder_AMT212C.o
delay_init                                        src/ASF/common2/services/delay/sam0/systick_counter.o
                                                  src/GPIO_Peripherals.o
encRead_pos                                       src/Encoder_AMT212C.o
encRead_turns                                     src/Encoder_AMT212C.o
events_ack_interrupt                              src/ASF/sam0/drivers/events/events_hooks.o
events_add_hook                                   src/ASF/sam0/drivers/events/events_hooks.o
events_allocate                                   src/ASF/sam0/drivers/events/events_sam_d_r_h/events.o
events_attach_user                                src/ASF/sam0/drivers/events/events_sam_d_r_h/events.o
events_create_hook                                src/ASF/sam0/drivers/events/events_hooks.o
events_del_hook                                   src/ASF/sam0/drivers/events/events_hooks.o
events_detach_user                                src/ASF/sam0/drivers/events/events_sam_d_r_h/events.o
events_disable_interrupt_source                   src/ASF/sam0/drivers/events/events_hooks.o
events_enable_interrupt_source                    src/ASF/sam0/drivers/events/events_hooks.o
events_get_config_defaults                        src/ASF/sam0/drivers/events/events_sam_d_r_h/events.o
events_get_free_channels                          src/ASF/sam0/drivers/events/events_sam_d_r_h/events.o
events_is_busy                                    src/ASF/sam0/drivers/events/events_sam_d_r_h/events.o
events_is_detected                                src/ASF/sam0/drivers/events/events_sam_d_r_h/events.o
events_is_interrupt_set                           src/ASF/sam0/drivers/events/events_hooks.o
events_is_overrun                                 src/ASF/sam0/drivers/events/events_sam_d_r_h/events.o
events_is_users_ready                             src/ASF/sam0/drivers/events/events_sam_d_r_h/events.o
events_release                                    src/ASF/sam0/drivers/events/events_sam_d_r_h/events.o
events_trigger                                    src/ASF/sam0/drivers/events/events_sam_d_r_h/events.o
exception_table                                   src/ASF/sam0/utils/cmsis/samd20/source/gcc/startup_samd20.o
exit                                              c:/program files (x86)/atmel/studio/7.0/toolchain/arm/arm-gnu-toolchain/bin/../lib/gcc/arm-none-eabi/6.3.1/../../../../arm-none-eabi/lib/thumb/v6-m\libc_nano.a(lib_a-exit.o)
                                                  c:/program files (x86)/atmel/studio/7.0/toolchain/arm/arm-gnu-toolchain/bin/../lib/gcc/arm-none-eabi/6.3.1/../../../../arm-none-eabi/lib/thumb/v6-m/crt0.o
g_interrupt_enabled                               src/ASF/common/utils/interrupt/interrupt_sam_nvic.o
                                                  src/GPIO_Peripherals.o
hardware_init_hook                                c:/program files (x86)/atmel/studio/7.0/toolchain/arm/arm-gnu-toolchain/bin/../lib/gcc/arm-none-eabi/6.3.1/../../../../arm-none-eabi/lib/thumb/v6-m/crt0.o
init                                              src/main.o
link                                              src/ASF/sam0/utils/syscalls/gcc/syscalls.o
main                                              src/main.o
                                                  src/ASF/sam0/utils/cmsis/samd20/source/gcc/startup_samd20.o
                                                  c:/program files (x86)/atmel/studio/7.0/toolchain/arm/arm-gnu-toolchain/bin/../lib/gcc/arm-none-eabi/6.3.1/../../../../arm-none-eabi/lib/thumb/v6-m/crt0.o
memcpy                                            c:/program files (x86)/atmel/studio/7.0/toolchain/arm/arm-gnu-toolchain/bin/../lib/gcc/arm-none-eabi/6.3.1/../../../../arm-none-eabi/lib/thumb/v6-m\libc_nano.a(lib_a-memcpy-stub.o)
                                                  src/main.o
                                                  src/ASF/sam0/drivers/tc/tc_sam_d_r_h/tc.o
memset                                            c:/program files (x86)/atmel/studio/7.0/toolchain/arm/arm-gnu-toolchain/bin/../lib/gcc/arm-none-eabi/6.3.1/../../../../arm-none-eabi/lib/thumb/v6-m\libc_nano.a(lib_a-memset.o)
                                                  c:/program files (x86)/atmel/studio/7.0/toolchain/arm/arm-gnu-toolchain/bin/../lib/gcc/arm-none-eabi/6.3.1/../../../../arm-none-eabi/lib/thumb/v6-m/crt0.o
port_group_set_config                             src/ASF/sam0/drivers/port/port.o
port_pin_set_config                               src/ASF/sam0/drivers/port/port.o
                                                  src/GPIO_Peripherals.o
                                                  src/Motors_4118S-04SD.o
                                                  src/Encoder_AMT212C.o
result_pos                                        src/Encoder_AMT212C.o
result_position                                   src/Encoder_AMT212C.o
result_tur                                        src/Encoder_AMT212C.o
result_turns                                      src/Encoder_AMT212C.o
rx_encIndex                                       src/Encoder_AMT212C.o
rx_index                                          src/main.o
                                                  src/GPIO_Peripherals.o
                                                  src/Motors_4118S-04SD.o
                                                  src/SERCOM_USART.o
                                                  src/Encoder_AMT212C.o
sercom_set_gclk_generator                         src/ASF/sam0/drivers/sercom/sercom.o
                                                  src/ASF/sam0/drivers/sercom/usart/usart.o
shift_position                                    src/Encoder_AMT212C.o
software_init_hook                                c:/program files (x86)/atmel/studio/7.0/toolchain/arm/arm-gnu-toolchain/bin/../lib/gcc/arm-none-eabi/6.3.1/../../../../arm-none-eabi/lib/thumb/v6-m/crt0.o
start_msg                                         src/SERCOM_USART.o
statusCheck                                       src/main.o
sys_config                                        src/GPIO_Peripherals.o
                                                  src/main.o
system_board_init                                 src/ASF/common2/boards/user_board/init.o
system_clock_init                                 src/ASF/sam0/drivers/system/clock/clock_samd20/clock.o
system_clock_source_dfll_set_config               src/ASF/sam0/drivers/system/clock/clock_samd20/clock.o
system_clock_source_disable                       src/ASF/sam0/drivers/system/clock/clock_samd20/clock.o
system_clock_source_enable                        src/ASF/sam0/drivers/system/clock/clock_samd20/clock.o
system_clock_source_get_hz                        src/ASF/sam0/drivers/system/clock/clock_samd20/clock.o
                                                  src/ASF/sam0/drivers/system/clock/clock_samd20/gclk.o
system_clock_source_is_ready                      src/ASF/sam0/drivers/system/clock/clock_samd20/clock.o
system_clock_source_osc32k_set_config             src/ASF/sam0/drivers/system/clock/clock_samd20/clock.o
system_clock_source_osc8m_set_config              src/ASF/sam0/drivers/system/clock/clock_samd20/clock.o
system_clock_source_write_calibration             src/ASF/sam0/drivers/system/clock/clock_samd20/clock.o
system_clock_source_xosc32k_set_config            src/ASF/sam0/drivers/system/clock/clock_samd20/clock.o
system_clock_source_xosc_set_config               src/ASF/sam0/drivers/system/clock/clock_samd20/clock.o
system_gclk_chan_disable                          src/ASF/sam0/drivers/system/clock/clock_samd20/gclk.o
system_gclk_chan_enable                           src/ASF/sam0/drivers/system/clock/clock_samd20/gclk.o
                                                  src/ASF/sam0/drivers/sercom/usart/usart.o
                                                  src/ASF/sam0/drivers/sercom/sercom.o
                                                  src/ASF/sam0/drivers/events/events_sam_d_r_h/events.o
                                                  src/ASF/sam0/drivers/wdt/wdt.o
                                                  src/ASF/sam0/drivers/tc/tc_sam_d_r_h/tc.o
system_gclk_chan_get_hz                           src/ASF/sam0/drivers/system/clock/clock_samd20/gclk.o
                                                  src/ASF/sam0/drivers/system/clock/clock_samd20/clock.o
                                                  src/ASF/sam0/drivers/sercom/usart/usart.o
system_gclk_chan_is_enabled                       src/ASF/sam0/drivers/system/clock/clock_samd20/gclk.o
system_gclk_chan_is_locked                        src/ASF/sam0/drivers/system/clock/clock_samd20/gclk.o
system_gclk_chan_lock                             src/ASF/sam0/drivers/system/clock/clock_samd20/gclk.o
                                                  src/ASF/sam0/drivers/wdt/wdt.o
system_gclk_chan_set_config                       src/ASF/sam0/drivers/system/clock/clock_samd20/gclk.o
                                                  src/ASF/sam0/drivers/system/clock/clock_samd20/clock.o
                                                  src/ASF/sam0/drivers/sercom/usart/usart.o
                                                  src/ASF/sam0/drivers/sercom/sercom.o
                                                  src/ASF/sam0/drivers/events/events_sam_d_r_h/events.o
                                                  src/ASF/sam0/drivers/wdt/wdt.o
                                                  src/ASF/sam0/drivers/tc/tc_sam_d_r_h/tc.o
system_gclk_gen_disable                           src/ASF/sam0/drivers/system/clock/clock_samd20/gclk.o
system_gclk_gen_enable                            src/ASF/sam0/drivers/system/clock/clock_samd20/gclk.o
                                                  src/ASF/sam0/drivers/system/clock/clock_samd20/clock.o
                                                  src/GPIO_Peripherals.o
system_gclk_gen_get_hz                            src/ASF/sam0/drivers/system/clock/clock_samd20/gclk.o
                                                  src/ASF/common2/services/delay/sam0/systick_counter.o
                                                  src/GPIO_Peripherals.o
system_gclk_gen_is_enabled                        src/ASF/sam0/drivers/system/clock/clock_samd20/gclk.o
system_gclk_gen_set_config                        src/ASF/sam0/drivers/system/clock/clock_samd20/gclk.o
                                                  src/ASF/sam0/drivers/system/clock/clock_samd20/clock.o
                                                  src/GPIO_Peripherals.o
system_gclk_init                                  src/ASF/sam0/drivers/system/clock/clock_samd20/gclk.o
                                                  src/ASF/sam0/drivers/system/clock/clock_samd20/clock.o
system_init                                       src/ASF/sam0/drivers/system/system.o
                                                  src/main.o
system_interrupt_clear_pending                    src/ASF/sam0/drivers/system/interrupt/system_interrupt.o
system_interrupt_get_priority                     src/ASF/sam0/drivers/system/interrupt/system_interrupt.o
system_interrupt_is_pending                       src/ASF/sam0/drivers/system/interrupt/system_interrupt.o
system_interrupt_set_pending                      src/ASF/sam0/drivers/system/interrupt/system_interrupt.o
system_interrupt_set_priority                     src/ASF/sam0/drivers/system/interrupt/system_interrupt.o
system_pinmux_group_set_config                    src/ASF/sam0/drivers/system/pinmux/pinmux.o
                                                  src/ASF/sam0/drivers/port/port.o
system_pinmux_group_set_input_sample_mode         src/ASF/sam0/drivers/system/pinmux/pinmux.o
system_pinmux_pin_set_config                      src/ASF/sam0/drivers/system/pinmux/pinmux.o
                                                  src/ASF/sam0/drivers/port/port.o
                                                  src/ASF/sam0/drivers/sercom/usart/usart.o
                                                  src/ASF/sam0/drivers/tc/tc_sam_d_r_h/tc.o
tc_get_capture_value                              src/ASF/sam0/drivers/tc/tc_sam_d_r_h/tc.o
tc_get_count_value                                src/ASF/sam0/drivers/tc/tc_sam_d_r_h/tc.o
tc_init                                           src/ASF/sam0/drivers/tc/tc_sam_d_r_h/tc.o
tc_register_callback                              src/ASF/sam0/drivers/tc/tc_interrupt.o
tc_reset                                          src/ASF/sam0/drivers/tc/tc_sam_d_r_h/tc.o
tc_set_compare_value                              src/ASF/sam0/drivers/tc/tc_sam_d_r_h/tc.o
tc_set_count_value                                src/ASF/sam0/drivers/tc/tc_sam_d_r_h/tc.o
tc_set_top_value                                  src/ASF/sam0/drivers/tc/tc_sam_d_r_h/tc.o
tc_unregister_callback                            src/ASF/sam0/drivers/tc/tc_interrupt.o
timer_count                                       src/main.o
tx_rx_buffer                                      src/main.o
                                                  src/GPIO_Peripherals.o
                                                  src/Motors_4118S-04SD.o
                                                  src/SERCOM_USART.o
                                                  src/Encoder_AMT212C.o
usart_abort_job                                   src/ASF/sam0/drivers/sercom/usart/usart_interrupt.o
usart_get_job_status                              src/ASF/sam0/drivers/sercom/usart/usart_interrupt.o
usart_init                                        src/ASF/sam0/drivers/sercom/usart/usart.o
                                                  src/SERCOM_USART.o
                                                  src/Encoder_AMT212C.o
usart_instance                                    src/main.o
                                                  src/GPIO_Peripherals.o
                                                  src/Motors_4118S-04SD.o
                                                  src/SERCOM_USART.o
                                                  src/Encoder_AMT212C.o
usart_instance_ENC                                src/main.o
                                                  src/GPIO_Peripherals.o
                                                  src/Motors_4118S-04SD.o
                                                  src/SERCOM_USART.o
                                                  src/Encoder_AMT212C.o
usart_read_buffer_job                             src/ASF/sam0/drivers/sercom/usart/usart_interrupt.o
                                                  src/main.o
                                                  src/SERCOM_USART.o
                                                  src/Encoder_AMT212C.o
usart_read_buffer_wait                            src/ASF/sam0/drivers/sercom/usart/usart.o
usart_read_callback                               src/SERCOM_USART.o
usart_read_job                                    src/ASF/sam0/drivers/sercom/usart/usart_interrupt.o
usart_read_wait                                   src/ASF/sam0/drivers/sercom/usart/usart.o
usart_register_callback                           src/ASF/sam0/drivers/sercom/usart/usart_interrupt.o
                                                  src/SERCOM_USART.o
usart_unregister_callback                         src/ASF/sam0/drivers/sercom/usart/usart_interrupt.o
usart_write_buffer_job                            src/ASF/sam0/drivers/sercom/usart/usart_interrupt.o
                                                  src/Encoder_AMT212C.o
usart_write_buffer_wait                           src/ASF/sam0/drivers/sercom/usart/usart.o
                                                  src/main.o
usart_write_callback                              src/SERCOM_USART.o
usart_write_job                                   src/ASF/sam0/drivers/sercom/usart/usart_interrupt.o
usart_write_wait                                  src/ASF/sam0/drivers/sercom/usart/usart.o
watchdog_early_warning_callback                   src/GPIO_Peripherals.o
wdt_disable_callback                              src/ASF/sam0/drivers/wdt/wdt_callback.o
wdt_early_warning_callback                        src/ASF/sam0/drivers/wdt/wdt_callback.o
wdt_enable_callback                               src/ASF/sam0/drivers/wdt/wdt_callback.o
                                                  src/GPIO_Peripherals.o
wdt_register_callback                             src/ASF/sam0/drivers/wdt/wdt_callback.o
                                                  src/GPIO_Peripherals.o
wdt_reset_count                                   src/ASF/sam0/drivers/wdt/wdt.o
wdt_set_config                                    src/ASF/sam0/drivers/wdt/wdt.o
                                                  src/GPIO_Peripherals.o
wdt_unregister_callback                           src/ASF/sam0/drivers/wdt/wdt_callback.o
writeStr                                          src/main.o
zero_flag                                         src/Encoder_AMT212C.o
